Archive member included to satisfy reference by file (symbol)

/usr/local/gcc-arm-none-eabi-7-2018-q2-update/bin/../lib/gcc/arm-none-eabi/7.3.1/../../../../arm-none-eabi/lib/thumb/v7e-m/fpv4-sp/hard/libc_nano.a(lib_a-exit.o)
                              /usr/local/gcc-arm-none-eabi-7-2018-q2-update/bin/../lib/gcc/arm-none-eabi/7.3.1/../../../../arm-none-eabi/lib/thumb/v7e-m/fpv4-sp/hard/crt0.o (exit)
/usr/local/gcc-arm-none-eabi-7-2018-q2-update/bin/../lib/gcc/arm-none-eabi/7.3.1/../../../../arm-none-eabi/lib/thumb/v7e-m/fpv4-sp/hard/libc_nano.a(lib_a-impure.o)
                              /usr/local/gcc-arm-none-eabi-7-2018-q2-update/bin/../lib/gcc/arm-none-eabi/7.3.1/../../../../arm-none-eabi/lib/thumb/v7e-m/fpv4-sp/hard/libc_nano.a(lib_a-exit.o) (_global_impure_ptr)
/usr/local/gcc-arm-none-eabi-7-2018-q2-update/bin/../lib/gcc/arm-none-eabi/7.3.1/../../../../arm-none-eabi/lib/thumb/v7e-m/fpv4-sp/hard/libc_nano.a(lib_a-init.o)
                              /usr/local/gcc-arm-none-eabi-7-2018-q2-update/bin/../lib/gcc/arm-none-eabi/7.3.1/../../../../arm-none-eabi/lib/thumb/v7e-m/fpv4-sp/hard/crt0.o (__libc_init_array)
/usr/local/gcc-arm-none-eabi-7-2018-q2-update/bin/../lib/gcc/arm-none-eabi/7.3.1/../../../../arm-none-eabi/lib/thumb/v7e-m/fpv4-sp/hard/libc_nano.a(lib_a-malloc.o)
                              build/usart_transmit_printf.o (malloc)
/usr/local/gcc-arm-none-eabi-7-2018-q2-update/bin/../lib/gcc/arm-none-eabi/7.3.1/../../../../arm-none-eabi/lib/thumb/v7e-m/fpv4-sp/hard/libc_nano.a(lib_a-memset.o)
                              /usr/local/gcc-arm-none-eabi-7-2018-q2-update/bin/../lib/gcc/arm-none-eabi/7.3.1/../../../../arm-none-eabi/lib/thumb/v7e-m/fpv4-sp/hard/crt0.o (memset)
/usr/local/gcc-arm-none-eabi-7-2018-q2-update/bin/../lib/gcc/arm-none-eabi/7.3.1/../../../../arm-none-eabi/lib/thumb/v7e-m/fpv4-sp/hard/libc_nano.a(lib_a-nano-freer.o)
                              /usr/local/gcc-arm-none-eabi-7-2018-q2-update/bin/../lib/gcc/arm-none-eabi/7.3.1/../../../../arm-none-eabi/lib/thumb/v7e-m/fpv4-sp/hard/libc_nano.a(lib_a-malloc.o) (_free_r)
/usr/local/gcc-arm-none-eabi-7-2018-q2-update/bin/../lib/gcc/arm-none-eabi/7.3.1/../../../../arm-none-eabi/lib/thumb/v7e-m/fpv4-sp/hard/libc_nano.a(lib_a-nano-mallocr.o)
                              /usr/local/gcc-arm-none-eabi-7-2018-q2-update/bin/../lib/gcc/arm-none-eabi/7.3.1/../../../../arm-none-eabi/lib/thumb/v7e-m/fpv4-sp/hard/libc_nano.a(lib_a-malloc.o) (_malloc_r)
/usr/local/gcc-arm-none-eabi-7-2018-q2-update/bin/../lib/gcc/arm-none-eabi/7.3.1/../../../../arm-none-eabi/lib/thumb/v7e-m/fpv4-sp/hard/libc_nano.a(lib_a-putchar.o)
                              build/u8x8_d_stdio.o (putchar)
/usr/local/gcc-arm-none-eabi-7-2018-q2-update/bin/../lib/gcc/arm-none-eabi/7.3.1/../../../../arm-none-eabi/lib/thumb/v7e-m/fpv4-sp/hard/libc_nano.a(lib_a-sbrkr.o)
                              /usr/local/gcc-arm-none-eabi-7-2018-q2-update/bin/../lib/gcc/arm-none-eabi/7.3.1/../../../../arm-none-eabi/lib/thumb/v7e-m/fpv4-sp/hard/libc_nano.a(lib_a-nano-mallocr.o) (_sbrk_r)
/usr/local/gcc-arm-none-eabi-7-2018-q2-update/bin/../lib/gcc/arm-none-eabi/7.3.1/../../../../arm-none-eabi/lib/thumb/v7e-m/fpv4-sp/hard/libc_nano.a(lib_a-strlen.o)
                              build/usart_transmit_printf.o (strlen)
/usr/local/gcc-arm-none-eabi-7-2018-q2-update/bin/../lib/gcc/arm-none-eabi/7.3.1/../../../../arm-none-eabi/lib/thumb/v7e-m/fpv4-sp/hard/libc_nano.a(lib_a-vsnprintf.o)
                              build/usart_transmit_printf.o (vsnprintf)
/usr/local/gcc-arm-none-eabi-7-2018-q2-update/bin/../lib/gcc/arm-none-eabi/7.3.1/../../../../arm-none-eabi/lib/thumb/v7e-m/fpv4-sp/hard/libc_nano.a(lib_a-vsprintf.o)
                              build/usart_transmit_printf.o (vsprintf)
/usr/local/gcc-arm-none-eabi-7-2018-q2-update/bin/../lib/gcc/arm-none-eabi/7.3.1/../../../../arm-none-eabi/lib/thumb/v7e-m/fpv4-sp/hard/libc_nano.a(lib_a-findfp.o)
                              /usr/local/gcc-arm-none-eabi-7-2018-q2-update/bin/../lib/gcc/arm-none-eabi/7.3.1/../../../../arm-none-eabi/lib/thumb/v7e-m/fpv4-sp/hard/libc_nano.a(lib_a-putchar.o) (__sinit)
/usr/local/gcc-arm-none-eabi-7-2018-q2-update/bin/../lib/gcc/arm-none-eabi/7.3.1/../../../../arm-none-eabi/lib/thumb/v7e-m/fpv4-sp/hard/libc_nano.a(lib_a-fwalk.o)
                              /usr/local/gcc-arm-none-eabi-7-2018-q2-update/bin/../lib/gcc/arm-none-eabi/7.3.1/../../../../arm-none-eabi/lib/thumb/v7e-m/fpv4-sp/hard/libc_nano.a(lib_a-findfp.o) (_fwalk)
/usr/local/gcc-arm-none-eabi-7-2018-q2-update/bin/../lib/gcc/arm-none-eabi/7.3.1/../../../../arm-none-eabi/lib/thumb/v7e-m/fpv4-sp/hard/libc_nano.a(lib_a-mlock.o)
                              /usr/local/gcc-arm-none-eabi-7-2018-q2-update/bin/../lib/gcc/arm-none-eabi/7.3.1/../../../../arm-none-eabi/lib/thumb/v7e-m/fpv4-sp/hard/libc_nano.a(lib_a-nano-freer.o) (__malloc_lock)
[...]
Memory Configuration

Name             Origin             Length             Attributes
RAM              0x0000000020000000 0x0000000000003000 xrw
CCMRAM           0x0000000010000000 0x0000000000001000 rw
FLASH            0x0000000008000000 0x0000000000010000 xr
*default*        0x0000000000000000 0xffffffffffffffff

Linker script and memory map

LOAD /usr/local/gcc-arm-none-eabi-7-2018-q2-update/bin/../lib/gcc/arm-none-eabi/7.3.1/thumb/v7e-m/fpv4-sp/hard/crti.o
LOAD /usr/local/gcc-arm-none-eabi-7-2018-q2-update/bin/../lib/gcc/arm-none-eabi/7.3.1/thumb/v7e-m/fpv4-sp/hard/crtbegin.o
LOAD /usr/local/gcc-arm-none-eabi-7-2018-q2-update/bin/../lib/gcc/arm-none-eabi/7.3.1/../../../../arm-none-eabi/lib/thumb/v7e-m/fpv4-sp/hard/crt0.o
LOAD build/basic.o
LOAD build/draw_BarGraph.o
LOAD build/draw_IndicatorBox.o
LOAD build/draw_Value.o
LOAD build/draw_Wave.o
LOAD build/u8g2_bitmap.o
LOAD build/u8g2_box.o
LOAD build/u8g2_buffer.o
LOAD build/u8g2_circle.o
LOAD build/u8g2_cleardisplay.o
LOAD build/u8g2_d_memory.o
LOAD build/u8g2_d_setup.o
LOAD build/u8g2_font.o
LOAD build/u8g2_fonts.o
LOAD build/u8g2_hvline.o
LOAD build/u8g2_input_value.o
LOAD build/u8g2_intersection.o
LOAD build/u8g2_kerning.o
LOAD build/u8g2_line.o
LOAD build/u8g2_ll_hvline.o
LOAD build/u8g2_message.o
LOAD build/u8g2_polygon.o
LOAD build/u8g2_selection_list.o
LOAD build/u8g2_setup.o
LOAD build/u8x8_8x8.o
LOAD build/u8x8_byte.o
LOAD build/u8x8_byte_4wire_hw_spi.o
LOAD build/u8x8_cad.o
LOAD build/u8x8_d_a2printer.o
LOAD build/u8x8_d_il3820_296x128.o
LOAD build/u8x8_d_ist3020.o
LOAD build/u8x8_d_ks0108.o
LOAD build/u8x8_d_lc7981.o
LOAD build/u8x8_d_ld7032_60x32.o
LOAD build/u8x8_d_ls013b7dh03.o
LOAD build/u8x8_d_max7219.o
LOAD build/u8x8_d_pcd8544_84x48.o
LOAD build/u8x8_d_pcf8812.o
LOAD build/u8x8_d_sbn1661.o
LOAD build/u8x8_d_sed1330.o
LOAD build/u8x8_d_sh1107.o
LOAD build/u8x8_d_ssd1305.o
LOAD build/u8x8_d_ssd1306_128x32.o
LOAD build/u8x8_d_ssd1306_128x64_noname.o
LOAD build/u8x8_d_ssd1306_64x32.o
LOAD build/u8x8_d_ssd1306_64x48.o
LOAD build/u8x8_d_ssd1306_96x16.o
LOAD build/u8x8_d_ssd1309.o
LOAD build/u8x8_d_ssd1322.o
LOAD build/u8x8_d_ssd1325.o
LOAD build/u8x8_d_ssd1326.o
LOAD build/u8x8_d_ssd1327.o
LOAD build/u8x8_d_ssd1329.o
LOAD build/u8x8_d_ssd1606_172x72.o
LOAD build/u8x8_d_ssd1607_200x200.o
LOAD build/u8x8_d_st75256.o
LOAD build/u8x8_d_st7565.o
LOAD build/u8x8_d_st7567.o
LOAD build/u8x8_d_st7588.o
LOAD build/u8x8_d_st7920.o
LOAD build/u8x8_d_stdio.o
LOAD build/u8x8_d_t6963.o
LOAD build/u8x8_d_uc1601.o
LOAD build/u8x8_d_uc1604.o
LOAD build/u8x8_d_uc1608.o
LOAD build/u8x8_d_uc1610.o
LOAD build/u8x8_d_uc1611.o
LOAD build/u8x8_d_uc1617.o
LOAD build/u8x8_d_uc1638.o
LOAD build/u8x8_d_uc1701_dogs102.o
LOAD build/u8x8_d_uc1701_mini12864.o
LOAD build/u8x8_debounce.o
LOAD build/u8x8_display.o
LOAD build/u8x8_fonts.o
LOAD build/u8x8_gpio.o
LOAD build/u8x8_gpio_STM32F303.o
LOAD build/u8x8_input_value.o
LOAD build/u8x8_message.o
LOAD build/u8x8_selection_list.o
LOAD build/u8x8_setup.o
LOAD build/u8x8_string.o
LOAD build/u8x8_u16toa.o
LOAD build/u8x8_u8toa.o
LOAD build/usart_transmit_printf.o
LOAD build/adc.o
LOAD build/can.o
LOAD build/dma.o
LOAD build/flag.o
LOAD build/gpio.o
LOAD build/i2c.o
LOAD build/main.o
LOAD build/spi.o
LOAD build/stm32f3xx_hal_msp.o
LOAD build/stm32f3xx_it.o
LOAD build/system_stm32f3xx.o
LOAD build/tim.o
LOAD build/usart.o
LOAD build/stm32f3xx_hal.o
LOAD build/stm32f3xx_hal_adc.o
LOAD build/stm32f3xx_hal_adc_ex.o
LOAD build/stm32f3xx_hal_can.o
LOAD build/stm32f3xx_hal_cortex.o
LOAD build/stm32f3xx_hal_dma.o
LOAD build/stm32f3xx_hal_flash.o
LOAD build/stm32f3xx_hal_flash_ex.o
LOAD build/stm32f3xx_hal_gpio.o
LOAD build/stm32f3xx_hal_i2c.o
LOAD build/stm32f3xx_hal_i2c_ex.o
LOAD build/stm32f3xx_hal_pwr.o
LOAD build/stm32f3xx_hal_pwr_ex.o
LOAD build/stm32f3xx_hal_rcc.o
LOAD build/stm32f3xx_hal_rcc_ex.o
LOAD build/stm32f3xx_hal_spi.o
LOAD build/stm32f3xx_hal_spi_ex.o
LOAD build/stm32f3xx_hal_tim.o
LOAD build/stm32f3xx_hal_tim_ex.o
LOAD build/stm32f3xx_hal_uart.o
LOAD build/stm32f3xx_hal_uart_ex.o
LOAD build/startup_stm32f303x8.o
LOAD /usr/local/gcc-arm-none-eabi-7-2018-q2-update/bin/../lib/gcc/arm-none-eabi/7.3.1/../../../../arm-none-eabi/lib/thumb/v7e-m/fpv4-sp/hard/libc_nano.a
LOAD /usr/local/gcc-arm-none-eabi-7-2018-q2-update/bin/../lib/gcc/arm-none-eabi/7.3.1/../../../../arm-none-eabi/lib/thumb/v7e-m/fpv4-sp/hard/libm.a
LOAD /usr/local/gcc-arm-none-eabi-7-2018-q2-update/bin/../lib/gcc/arm-none-eabi/7.3.1/../../../../arm-none-eabi/lib/thumb/v7e-m/fpv4-sp/hard/libnosys.a
START GROUP
LOAD /usr/local/gcc-arm-none-eabi-7-2018-q2-update/bin/../lib/gcc/arm-none-eabi/7.3.1/thumb/v7e-m/fpv4-sp/hard/libgcc.a
LOAD /usr/local/gcc-arm-none-eabi-7-2018-q2-update/bin/../lib/gcc/arm-none-eabi/7.3.1/../../../../arm-none-eabi/lib/thumb/v7e-m/fpv4-sp/hard/libc_nano.a
END GROUP
START GROUP
LOAD /usr/local/gcc-arm-none-eabi-7-2018-q2-update/bin/../lib/gcc/arm-none-eabi/7.3.1/thumb/v7e-m/fpv4-sp/hard/libgcc.a
LOAD /usr/local/gcc-arm-none-eabi-7-2018-q2-update/bin/../lib/gcc/arm-none-eabi/7.3.1/../../../../arm-none-eabi/lib/thumb/v7e-m/fpv4-sp/hard/libc_nano.a
END GROUP
LOAD /usr/local/gcc-arm-none-eabi-7-2018-q2-update/bin/../lib/gcc/arm-none-eabi/7.3.1/thumb/v7e-m/fpv4-sp/hard/crtend.o
LOAD /usr/local/gcc-arm-none-eabi-7-2018-q2-update/bin/../lib/gcc/arm-none-eabi/7.3.1/thumb/v7e-m/fpv4-sp/hard/crtn.o
                0x0000000020003000                _estack = 0x20003000
                0x0000000000000200                _Min_Heap_Size = 0x200
                0x0000000000000400                _Min_Stack_Size = 0x400

.isr_vector     0x0000000008000000      0x188
                0x0000000008000000                . = ALIGN (0x4)
 *(.isr_vector)
 .isr_vector    0x0000000008000000      0x188 build/startup_stm32f303x8.o
                0x0000000008000000                g_pfnVectors
                0x0000000008000188                . = ALIGN (0x4)

.text           0x0000000008000190     0xa0a0
                0x0000000008000190                . = ALIGN (0x4)
 *(.text)
 .text          0x0000000008000190       0x40 /usr/local/gcc-arm-none-eabi-7-2018-q2-update/bin/../lib/gcc/arm-none-eabi/7.3.1/thumb/v7e-m/fpv4-sp/hard/crtbegin.o
 .text          0x00000000080001d0       0x10 /usr/local/gcc-arm-none-eabi-7-2018-q2-update/bin/../lib/gcc/arm-none-eabi/7.3.1/../../../../arm-none-eabi/lib/thumb/v7e-m/fpv4-sp/hard/libc_nano.a(lib_a-strlen.o)
                0x00000000080001d0                strlen
 .text          0x00000000080001e0       0xa0 /usr/local/gcc-arm-none-eabi-7-2018-q2-update/bin/../lib/gcc/arm-none-eabi/7.3.1/../../../../arm-none-eabi/lib/thumb/v7e-m/fpv4-sp/hard/libc_nano.a(lib_a-memchr.o)
                0x00000000080001e0                memchr
 .text          0x0000000008000280      0x378 /usr/local/gcc-arm-none-eabi-7-2018-q2-update/bin/../lib/gcc/arm-none-eabi/7.3.1/thumb/v7e-m/fpv4-sp/hard/libgcc.a(_arm_addsubdf3.o)
                0x0000000008000280                __aeabi_drsub
                0x0000000008000288                __subdf3
                0x0000000008000288                __aeabi_dsub
                0x000000000800028c                __aeabi_dadd
                0x000000000800028c                __adddf3
                0x0000000008000504                __aeabi_ui2d
                0x0000000008000504                __floatunsidf
                0x0000000008000524                __floatsidf
                0x0000000008000524                __aeabi_i2d
                0x0000000008000548                __extendsfdf2
                0x0000000008000548                __aeabi_f2d
                0x000000000800058c                __aeabi_ul2d
                0x000000000800058c                __floatundidf
                0x000000000800059c                __aeabi_l2d
                0x000000000800059c                __floatdidf
 .text          0x00000000080005f8      0x424 /usr/local/gcc-arm-none-eabi-7-2018-q2-update/bin/../lib/gcc/arm-none-eabi/7.3.1/thumb/v7e-m/fpv4-sp/hard/libgcc.a(_arm_muldivdf3.o)
                0x00000000080005f8                __aeabi_dmul
                0x00000000080005f8                __muldf3
                0x000000000800084c                __aeabi_ddiv
                0x000000000800084c                __divdf3
 .text          0x0000000008000a1c      0x110 /usr/local/gcc-arm-none-eabi-7-2018-q2-update/bin/../lib/gcc/arm-none-eabi/7.3.1/thumb/v7e-m/fpv4-sp/hard/libgcc.a(_arm_cmpdf2.o)
                0x0000000008000a1c                __gedf2
                0x0000000008000a1c                __gtdf2
                0x0000000008000a24                __ledf2
                0x0000000008000a24                __ltdf2
                0x0000000008000a2c                __cmpdf2
                0x0000000008000a2c                __eqdf2
                0x0000000008000a2c                __nedf2
                0x0000000008000aa8                __aeabi_cdrcmple
                0x0000000008000ab8                __aeabi_cdcmple
                0x0000000008000ab8                __aeabi_cdcmpeq
                0x0000000008000ac8                __aeabi_dcmpeq
                0x0000000008000adc                __aeabi_dcmplt
                0x0000000008000af0                __aeabi_dcmple
                0x0000000008000b04                __aeabi_dcmpge
                0x0000000008000b18                __aeabi_dcmpgt
 .text          0x0000000008000b2c       0x2c /usr/local/gcc-arm-none-eabi-7-2018-q2-update/bin/../lib/gcc/arm-none-eabi/7.3.1/thumb/v7e-m/fpv4-sp/hard/libgcc.a(_arm_unorddf2.o)
                0x0000000008000b2c                __aeabi_dcmpun
                0x0000000008000b2c                __unorddf2
 .text          0x0000000008000b58       0x50 /usr/local/gcc-arm-none-eabi-7-2018-q2-update/bin/../lib/gcc/arm-none-eabi/7.3.1/thumb/v7e-m/fpv4-sp/hard/libgcc.a(_arm_fixdfsi.o)
                0x0000000008000b58                __fixdfsi
                0x0000000008000b58                __aeabi_d2iz
 .text          0x0000000008000ba8       0x40 /usr/local/gcc-arm-none-eabi-7-2018-q2-update/bin/../lib/gcc/arm-none-eabi/7.3.1/thumb/v7e-m/fpv4-sp/hard/libgcc.a(_arm_fixunsdfsi.o)
                0x0000000008000ba8                __fixunsdfsi
                0x0000000008000ba8                __aeabi_d2uiz
 *(.text*)
 .text.delay_us
                0x0000000008000be8       0x24 build/basic.o
                0x0000000008000be8                delay_us
 .text.StrLength
                0x0000000008000c0c       0x16 build/basic.o
                0x0000000008000c0c                StrLength
 *fill*         0x0000000008000c22        0x2 
 .text.draw_BarGraph
                0x0000000008000c24      0x130 build/draw_BarGraph.o
                0x0000000008000c24                draw_BarGraph
 .text.draw_IndicatorBox
                0x0000000008000d54       0xa8 build/draw_IndicatorBox.o
                0x0000000008000d54                draw_IndicatorBox
 .text.draw_MeasLabelUnit
                0x0000000008000dfc       0x58 build/draw_Value.o
                0x0000000008000dfc                draw_MeasLabelUnit
 *fill*         0x0000000008000e54        0x4 
 .text.draw_Value
                0x0000000008000e58      0x220 build/draw_Value.o
                0x0000000008000e58                draw_Value
 .text.draw_Value_xs
                0x0000000008001078      0x220 build/draw_Value.o
                0x0000000008001078                draw_Value_xs
 .text.draw_Wave_axis
                0x0000000008001298       0xc0 build/draw_Wave.o
                0x0000000008001298                draw_Wave_axis
 .text.draw_Wave
                0x0000000008001358      0x14a build/draw_Wave.o
                0x0000000008001358                draw_Wave
 .text.u8g2_DrawHXBMP
                0x00000000080014a2       0x8c build/u8g2_bitmap.o
                0x00000000080014a2                u8g2_DrawHXBMP
 .text.u8g2_DrawXBMP
                0x000000000800152e       0x54 build/u8g2_bitmap.o
                0x000000000800152e                u8g2_DrawXBMP
 .text.u8g2_DrawBox
                0x0000000008001582       0x4a build/u8g2_box.o
                0x0000000008001582                u8g2_DrawBox
 .text.u8g2_DrawRBox
                0x00000000080015cc       0xf6 build/u8g2_box.o
                0x00000000080015cc                u8g2_DrawRBox
 .text.u8g2_DrawRFrame
                0x00000000080016c2      0x108 build/u8g2_box.o
                0x00000000080016c2                u8g2_DrawRFrame
 .text.u8g2_send_tile_row
                0x00000000080017ca       0x20 build/u8g2_buffer.o
 .text.u8g2_send_buffer
                0x00000000080017ea       0x34 build/u8g2_buffer.o
 .text.u8g2_ClearBuffer
                0x000000000800181e       0x1a build/u8g2_buffer.o
                0x000000000800181e                u8g2_ClearBuffer
 .text.u8g2_SendBuffer
                0x0000000008001838       0x10 build/u8g2_buffer.o
                0x0000000008001838                u8g2_SendBuffer
 .text.u8g2_SetBufferCurrTileRow
                0x0000000008001848        0xe build/u8g2_buffer.o
                0x0000000008001848                u8g2_SetBufferCurrTileRow
 .text.u8g2_FirstPage
                0x0000000008001856       0x1a build/u8g2_buffer.o
                0x0000000008001856                u8g2_FirstPage
 .text.u8g2_NextPage
                0x0000000008001870       0x40 build/u8g2_buffer.o
                0x0000000008001870                u8g2_NextPage
 .text.u8g2_draw_circle_section
                0x00000000080018b0       0xbe build/u8g2_circle.o
 .text.u8g2_draw_circle
                0x000000000800196e       0x7e build/u8g2_circle.o
 .text.u8g2_draw_disc_section
                0x00000000080019ec       0xc6 build/u8g2_circle.o
 .text.u8g2_draw_disc
                0x0000000008001ab2       0x7e build/u8g2_circle.o
 .text.u8g2_DrawCircle
                0x0000000008001b30       0x48 build/u8g2_circle.o
                0x0000000008001b30                u8g2_DrawCircle
 .text.u8g2_DrawDisc
                0x0000000008001b78       0x48 build/u8g2_circle.o
                0x0000000008001b78                u8g2_DrawDisc
 .text.u8g2_ClearDisplay
                0x0000000008001bc0       0x1c build/u8g2_cleardisplay.o
                0x0000000008001bc0                u8g2_ClearDisplay
 .text.u8g2_m_16_8_f
                0x0000000008001bdc        0xc build/u8g2_d_memory.o
                0x0000000008001bdc                u8g2_m_16_8_f
 .text.u8g2_Setup_ssd1309_128x64_noname2_f
                0x0000000008001be8       0x3c build/u8g2_d_setup.o
                0x0000000008001be8                u8g2_Setup_ssd1309_128x64_noname2_f
 .text.u8g2_font_get_byte
                0x0000000008001c24        0x4 build/u8g2_font.o
 .text.u8g2_font_get_word
                0x0000000008001c28        0xe build/u8g2_font.o
 .text.u8g2_add_vector_y
                0x0000000008001c36       0x22 build/u8g2_font.o
 .text.u8g2_add_vector_x
                0x0000000008001c58       0x22 build/u8g2_font.o
 .text.u8g2_font_calc_vref_font
                0x0000000008001c7a        0x4 build/u8g2_font.o
                0x0000000008001c7a                u8g2_font_calc_vref_font
 .text.u8g2_read_font_info
                0x0000000008001c7e       0xd0 build/u8g2_font.o
                0x0000000008001c7e                u8g2_read_font_info
 .text.u8g2_font_decode_get_unsigned_bits
                0x0000000008001d4e       0x3e build/u8g2_font.o
                0x0000000008001d4e                u8g2_font_decode_get_unsigned_bits
 .text.u8g2_font_setup_decode
                0x0000000008001d8c       0x40 build/u8g2_font.o
 .text.u8g2_font_decode_get_signed_bits
                0x0000000008001dcc       0x16 build/u8g2_font.o
                0x0000000008001dcc                u8g2_font_decode_get_signed_bits
 .text.u8g2_font_decode_len
                0x0000000008001de2       0xc0 build/u8g2_font.o
                0x0000000008001de2                u8g2_font_decode_len
 .text.u8g2_font_decode_glyph
                0x0000000008001ea2      0x152 build/u8g2_font.o
                0x0000000008001ea2                u8g2_font_decode_glyph
 .text.u8g2_font_get_glyph_data
                0x0000000008001ff4       0x56 build/u8g2_font.o
                0x0000000008001ff4                u8g2_font_get_glyph_data
 .text.u8g2_font_draw_glyph
                0x000000000800204a       0x24 build/u8g2_font.o
 .text.u8g2_SetFontMode
                0x000000000800206e        0x6 build/u8g2_font.o
                0x000000000800206e                u8g2_SetFontMode
 .text.u8g2_DrawGlyph
                0x0000000008002074       0x4e build/u8g2_font.o
                0x0000000008002074                u8g2_DrawGlyph
 *fill*         0x00000000080020c2        0x2 
 .text.u8g2_draw_string
                0x00000000080020c4       0x7c build/u8g2_font.o
 .text.u8g2_DrawStr
                0x0000000008002140       0x10 build/u8g2_font.o
                0x0000000008002140                u8g2_DrawStr
 .text.u8g2_UpdateRefHeight
                0x0000000008002150       0x60 build/u8g2_font.o
                0x0000000008002150                u8g2_UpdateRefHeight
 .text.u8g2_SetFontPosBaseline
                0x00000000080021b0        0xc build/u8g2_font.o
                0x00000000080021b0                u8g2_SetFontPosBaseline
 .text.u8g2_SetFont
                0x00000000080021bc       0x1c build/u8g2_font.o
                0x00000000080021bc                u8g2_SetFont
 .text.u8g2_clip_intersection
                0x00000000080021d8       0x3a build/u8g2_hvline.o
 .text.u8g2_draw_hv_line_2dir
                0x0000000008002212       0x8e build/u8g2_hvline.o
 .text.u8g2_draw_hv_line_4dir
                0x00000000080022a0       0x58 build/u8g2_hvline.o
                0x00000000080022a0                u8g2_draw_hv_line_4dir
 .text.u8g2_DrawHVLine
                0x00000000080022f8       0x18 build/u8g2_hvline.o
                0x00000000080022f8                u8g2_DrawHVLine
 .text.u8g2_DrawHLine
                0x0000000008002310       0x36 build/u8g2_hvline.o
                0x0000000008002310                u8g2_DrawHLine
 .text.u8g2_DrawVLine
                0x0000000008002346       0x36 build/u8g2_hvline.o
                0x0000000008002346                u8g2_DrawVLine
 .text.u8g2_DrawPixel
                0x000000000800237c       0x36 build/u8g2_hvline.o
                0x000000000800237c                u8g2_DrawPixel
 .text.u8g2_SetDrawColor
                0x00000000080023b2       0x10 build/u8g2_hvline.o
                0x00000000080023b2                u8g2_SetDrawColor
 .text.u8g2_is_intersection_decision_tree
                0x00000000080023c2       0x2c build/u8g2_intersection.o
                0x00000000080023c2                u8g2_is_intersection_decision_tree
 .text.u8g2_IsIntersection
                0x00000000080023ee       0x32 build/u8g2_intersection.o
                0x00000000080023ee                u8g2_IsIntersection
 .text.u8g2_DrawLine
                0x0000000008002420       0xcc build/u8g2_line.o
                0x0000000008002420                u8g2_DrawLine
 .text.u8g2_ll_hvline_vertical_top_lsb
                0x00000000080024ec       0x90 build/u8g2_ll_hvline.o
                0x00000000080024ec                u8g2_ll_hvline_vertical_top_lsb
 .text.u8g2_update_dimension_common
                0x000000000800257c       0x5c build/u8g2_setup.o
 .text.u8g2_update_dimension_r0
                0x00000000080025d8       0x28 build/u8g2_setup.o
                0x00000000080025d8                u8g2_update_dimension_r0
 .text.u8g2_draw_l90_r0
                0x0000000008002600       0x12 build/u8g2_setup.o
                0x0000000008002600                u8g2_draw_l90_r0
 .text.u8g2_SetupBuffer
                0x0000000008002612       0x3a build/u8g2_setup.o
                0x0000000008002612                u8g2_SetupBuffer
 .text.u8x8_ascii_next
                0x000000000800264c       0x16 build/u8x8_8x8.o
                0x000000000800264c                u8x8_ascii_next
 .text.u8x8_utf8_init
                0x0000000008002662        0x8 build/u8x8_8x8.o
                0x0000000008002662                u8x8_utf8_init
 .text.u8x8_byte_SetDC
                0x000000000800266a        0xe build/u8x8_byte.o
                0x000000000800266a                u8x8_byte_SetDC
 .text.u8x8_byte_SendBytes
                0x0000000008002678        0xe build/u8x8_byte.o
                0x0000000008002678                u8x8_byte_SendBytes
 .text.u8x8_byte_SendByte
                0x0000000008002686       0x16 build/u8x8_byte.o
                0x0000000008002686                u8x8_byte_SendByte
 .text.u8x8_byte_4wire_hw_spi
                0x000000000800269c       0x84 build/u8x8_byte_4wire_hw_spi.o
                0x000000000800269c                u8x8_byte_4wire_hw_spi
 .text.u8x8_cad_SendCmd
                0x0000000008002720        0xe build/u8x8_cad.o
                0x0000000008002720                u8x8_cad_SendCmd
 .text.u8x8_cad_SendArg
                0x000000000800272e        0xe build/u8x8_cad.o
                0x000000000800272e                u8x8_cad_SendArg
 .text.u8x8_cad_SendData
                0x000000000800273c        0xe build/u8x8_cad.o
                0x000000000800273c                u8x8_cad_SendData
 .text.u8x8_cad_StartTransfer
                0x000000000800274a        0xe build/u8x8_cad.o
                0x000000000800274a                u8x8_cad_StartTransfer
 .text.u8x8_cad_EndTransfer
                0x0000000008002758        0xe build/u8x8_cad.o
                0x0000000008002758                u8x8_cad_EndTransfer
 .text.u8x8_cad_SendSequence
                0x0000000008002766       0x6a build/u8x8_cad.o
                0x0000000008002766                u8x8_cad_SendSequence
 .text.u8x8_cad_001
                0x00000000080027d0       0x5c build/u8x8_cad.o
                0x00000000080027d0                u8x8_cad_001
 .text.u8x8_d_ssd1309_generic
                0x000000000800282c       0xa8 build/u8x8_d_ssd1309.o
 .text.u8x8_d_ssd1309_128x64_noname2
                0x00000000080028d4       0x78 build/u8x8_d_ssd1309.o
                0x00000000080028d4                u8x8_d_ssd1309_128x64_noname2
 .text.u8x8_d_helper_display_setup_memory
                0x000000000800294c        0x8 build/u8x8_display.o
                0x000000000800294c                u8x8_d_helper_display_setup_memory
 .text.u8x8_d_helper_display_init
                0x0000000008002954       0x5e build/u8x8_display.o
                0x0000000008002954                u8x8_d_helper_display_init
 .text.u8x8_DrawTile
                0x00000000080029b2       0x24 build/u8x8_display.o
                0x00000000080029b2                u8x8_DrawTile
 .text.u8x8_SetupMemory
                0x00000000080029d6        0xe build/u8x8_display.o
                0x00000000080029d6                u8x8_SetupMemory
 .text.u8x8_InitDisplay
                0x00000000080029e4        0xe build/u8x8_display.o
                0x00000000080029e4                u8x8_InitDisplay
 .text.u8x8_SetPowerSave
                0x00000000080029f2        0xe build/u8x8_display.o
                0x00000000080029f2                u8x8_SetPowerSave
 .text.u8x8_SetContrast
                0x0000000008002a00        0xe build/u8x8_display.o
                0x0000000008002a00                u8x8_SetContrast
 .text.u8x8_RefreshDisplay
                0x0000000008002a0e        0xe build/u8x8_display.o
                0x0000000008002a0e                u8x8_RefreshDisplay
 .text.u8x8_gpio_call
                0x0000000008002a1c        0xa build/u8x8_gpio.o
                0x0000000008002a1c                u8x8_gpio_call
 *fill*         0x0000000008002a26        0x2 
 .text.u8x8_gpio_and_delay_STM32F303
                0x0000000008002a28       0xa0 build/u8x8_gpio_STM32F303.o
                0x0000000008002a28                u8x8_gpio_and_delay_STM32F303
 .text.u8x8_dummy_cb
                0x0000000008002ac8        0x4 build/u8x8_setup.o
                0x0000000008002ac8                u8x8_dummy_cb
 .text.u8x8_SetupDefaults
                0x0000000008002acc       0x28 build/u8x8_setup.o
                0x0000000008002acc                u8x8_SetupDefaults
 .text.u8x8_Setup
                0x0000000008002af4       0x20 build/u8x8_setup.o
                0x0000000008002af4                u8x8_Setup
 .text.u8x8_u16toap
                0x0000000008002b14       0x3c build/u8x8_u16toa.o
                0x0000000008002b14                u8x8_u16toap
 .text.u8x8_u16toa
                0x0000000008002b50       0x18 build/u8x8_u16toa.o
                0x0000000008002b50                u8x8_u16toa
 .text.USART_puts
                0x0000000008002b68       0x18 build/usart_transmit_printf.o
                0x0000000008002b68                USART_puts
 .text.HAL_UART_Transmit_printf
                0x0000000008002b80       0x42 build/usart_transmit_printf.o
                0x0000000008002b80                HAL_UART_Transmit_printf
 *fill*         0x0000000008002bc2        0x2 
 .text.MX_ADC1_Init
                0x0000000008002bc4       0x90 build/adc.o
                0x0000000008002bc4                MX_ADC1_Init
 .text.MX_ADC2_Init
                0x0000000008002c54       0x74 build/adc.o
                0x0000000008002c54                MX_ADC2_Init
 .text.HAL_ADC_MspInit
                0x0000000008002cc8       0xdc build/adc.o
                0x0000000008002cc8                HAL_ADC_MspInit
 .text.MX_CAN_Init
                0x0000000008002da4       0x40 build/can.o
                0x0000000008002da4                MX_CAN_Init
 .text.HAL_CAN_MspInit
                0x0000000008002de4       0x50 build/can.o
                0x0000000008002de4                HAL_CAN_MspInit
 .text.MX_DMA_Init
                0x0000000008002e34       0x34 build/dma.o
                0x0000000008002e34                MX_DMA_Init
 .text.MX_GPIO_Init
                0x0000000008002e68       0xc4 build/gpio.o
                0x0000000008002e68                MX_GPIO_Init
 .text.draw_indicators
                0x0000000008002f2c       0x4c build/main.o
                0x0000000008002f2c                draw_indicators
 .text.draw_MeasLabels
                0x0000000008002f78       0xec build/main.o
                0x0000000008002f78                draw_MeasLabels
 .text._Error_Handler
                0x0000000008003064        0x2 build/main.o
                0x0000000008003064                _Error_Handler
 *fill*         0x0000000008003066        0x2 
 .text.SystemClock_Config
                0x0000000008003068       0xac build/main.o
                0x0000000008003068                SystemClock_Config
 *fill*         0x0000000008003114        0x4 
 .text.main     0x0000000008003118      0x6b8 build/main.o
                0x0000000008003118                main
 .text.assert_failed
                0x00000000080037d0        0x2 build/main.o
                0x00000000080037d0                assert_failed
 *fill*         0x00000000080037d2        0x2 
 .text.MX_SPI1_Init
                0x00000000080037d4       0x54 build/spi.o
                0x00000000080037d4                MX_SPI1_Init
 .text.HAL_SPI_MspInit
                0x0000000008003828       0x4c build/spi.o
                0x0000000008003828                HAL_SPI_MspInit
 .text.HAL_MspInit
                0x0000000008003874       0x7c build/stm32f3xx_hal_msp.o
                0x0000000008003874                HAL_MspInit
 .text.SysTick_Handler
                0x00000000080038f0        0xc build/stm32f3xx_it.o
                0x00000000080038f0                SysTick_Handler
 .text.EXTI1_IRQHandler
                0x00000000080038fc       0x24 build/stm32f3xx_it.o
                0x00000000080038fc                EXTI1_IRQHandler
 .text.EXTI4_IRQHandler
                0x0000000008003920       0x38 build/stm32f3xx_it.o
                0x0000000008003920                EXTI4_IRQHandler
 .text.DMA1_Channel1_IRQHandler
                0x0000000008003958       0x10 build/stm32f3xx_it.o
                0x0000000008003958                DMA1_Channel1_IRQHandler
 .text.EXTI9_5_IRQHandler
                0x0000000008003968       0x3c build/stm32f3xx_it.o
                0x0000000008003968                EXTI9_5_IRQHandler
 .text.TIM1_UP_TIM16_IRQHandler
                0x00000000080039a4       0x10 build/stm32f3xx_it.o
                0x00000000080039a4                TIM1_UP_TIM16_IRQHandler
 .text.TIM2_IRQHandler
                0x00000000080039b4       0x20 build/stm32f3xx_it.o
                0x00000000080039b4                TIM2_IRQHandler
 .text.USART1_IRQHandler
                0x00000000080039d4       0x10 build/stm32f3xx_it.o
                0x00000000080039d4                USART1_IRQHandler
 .text.USART2_IRQHandler
                0x00000000080039e4       0x10 build/stm32f3xx_it.o
                0x00000000080039e4                USART2_IRQHandler
 .text.TIM6_DAC1_IRQHandler
                0x00000000080039f4       0x1c build/stm32f3xx_it.o
                0x00000000080039f4                TIM6_DAC1_IRQHandler
 .text.SystemInit
                0x0000000008003a10       0x68 build/system_stm32f3xx.o
                0x0000000008003a10                SystemInit
 .text.MX_TIM2_Init
                0x0000000008003a78       0xa4 build/tim.o
                0x0000000008003a78                MX_TIM2_Init
 .text.MX_TIM6_Init
                0x0000000008003b1c       0x58 build/tim.o
                0x0000000008003b1c                MX_TIM6_Init
 .text.HAL_TIM_Base_MspInit
                0x0000000008003b74       0xa0 build/tim.o
                0x0000000008003b74                HAL_TIM_Base_MspInit
 .text.HAL_TIM_MspPostInit
                0x0000000008003c14       0x38 build/tim.o
                0x0000000008003c14                HAL_TIM_MspPostInit
 .text.MX_TIM1_Init
                0x0000000008003c4c       0xf8 build/tim.o
                0x0000000008003c4c                MX_TIM1_Init
 .text.MX_USART1_UART_Init
                0x0000000008003d44       0x48 build/usart.o
                0x0000000008003d44                MX_USART1_UART_Init
 .text.MX_USART2_UART_Init
                0x0000000008003d8c       0x48 build/usart.o
                0x0000000008003d8c                MX_USART2_UART_Init
 .text.HAL_UART_MspInit
                0x0000000008003dd4       0xb0 build/usart.o
                0x0000000008003dd4                HAL_UART_MspInit
 .text.HAL_InitTick
                0x0000000008003e84       0x2c build/stm32f3xx_hal.o
                0x0000000008003e84                HAL_InitTick
 .text.HAL_Init
                0x0000000008003eb0       0x24 build/stm32f3xx_hal.o
                0x0000000008003eb0                HAL_Init
 .text.HAL_IncTick
                0x0000000008003ed4       0x10 build/stm32f3xx_hal.o
                0x0000000008003ed4                HAL_IncTick
 .text.HAL_GetTick
                0x0000000008003ee4        0xc build/stm32f3xx_hal.o
                0x0000000008003ee4                HAL_GetTick
 .text.HAL_Delay
                0x0000000008003ef0       0x24 build/stm32f3xx_hal.o
                0x0000000008003ef0                HAL_Delay
 .text.HAL_ADC_ConvCpltCallback
                0x0000000008003f14        0x2 build/stm32f3xx_hal_adc.o
                0x0000000008003f14                HAL_ADC_ConvCpltCallback
 .text.HAL_ADC_ConvHalfCpltCallback
                0x0000000008003f16        0x2 build/stm32f3xx_hal_adc.o
                0x0000000008003f16                HAL_ADC_ConvHalfCpltCallback
 .text.HAL_ADC_ErrorCallback
                0x0000000008003f18        0x2 build/stm32f3xx_hal_adc.o
                0x0000000008003f18                HAL_ADC_ErrorCallback
 .text.ADC_Disable
                0x0000000008003f1a       0x7e build/stm32f3xx_hal_adc_ex.o
 .text.ADC_Enable
                0x0000000008003f98       0x78 build/stm32f3xx_hal_adc_ex.o
 .text.ADC_DMAError
                0x0000000008004010       0x1a build/stm32f3xx_hal_adc_ex.o
 .text.ADC_DMAHalfConvCplt
                0x000000000800402a        0xa build/stm32f3xx_hal_adc_ex.o
 .text.ADC_DMAConvCplt
                0x0000000008004034       0x4a build/stm32f3xx_hal_adc_ex.o
 *fill*         0x000000000800407e        0x2 
 .text.HAL_ADC_Init
                0x0000000008004080      0x3d8 build/stm32f3xx_hal_adc_ex.o
                0x0000000008004080                HAL_ADC_Init
 .text.HAL_ADC_Start_DMA
                0x0000000008004458      0x150 build/stm32f3xx_hal_adc_ex.o
                0x0000000008004458                HAL_ADC_Start_DMA
 .text.HAL_ADC_ConfigChannel
                0x00000000080045a8      0x45c build/stm32f3xx_hal_adc_ex.o
                0x00000000080045a8                HAL_ADC_ConfigChannel
 .text.HAL_ADCEx_MultiModeConfigChannel
                0x0000000008004a04      0x1c0 build/stm32f3xx_hal_adc_ex.o
                0x0000000008004a04                HAL_ADCEx_MultiModeConfigChannel
 .text.HAL_CAN_Init
                0x0000000008004bc4      0x268 build/stm32f3xx_hal_can.o
                0x0000000008004bc4                HAL_CAN_Init
 .text.HAL_NVIC_SetPriorityGrouping
                0x0000000008004e2c       0x3c build/stm32f3xx_hal_cortex.o
                0x0000000008004e2c                HAL_NVIC_SetPriorityGrouping
 .text.HAL_NVIC_SetPriority
                0x0000000008004e68       0x8c build/stm32f3xx_hal_cortex.o
                0x0000000008004e68                HAL_NVIC_SetPriority
 .text.HAL_NVIC_EnableIRQ
                0x0000000008004ef4       0x2c build/stm32f3xx_hal_cortex.o
                0x0000000008004ef4                HAL_NVIC_EnableIRQ
 .text.HAL_NVIC_DisableIRQ
                0x0000000008004f20       0x2c build/stm32f3xx_hal_cortex.o
                0x0000000008004f20                HAL_NVIC_DisableIRQ
 .text.HAL_SYSTICK_Config
                0x0000000008004f4c       0x2c build/stm32f3xx_hal_cortex.o
                0x0000000008004f4c                HAL_SYSTICK_Config
 .text.HAL_SYSTICK_CLKSourceConfig
                0x0000000008004f78       0x3c build/stm32f3xx_hal_cortex.o
                0x0000000008004f78                HAL_SYSTICK_CLKSourceConfig
 .text.HAL_SYSTICK_Callback
                0x0000000008004fb4        0x2 build/stm32f3xx_hal_cortex.o
                0x0000000008004fb4                HAL_SYSTICK_Callback
 .text.HAL_SYSTICK_IRQHandler
                0x0000000008004fb6        0x8 build/stm32f3xx_hal_cortex.o
                0x0000000008004fb6                HAL_SYSTICK_IRQHandler
 .text.DMA_SetConfig
                0x0000000008004fbe       0x2c build/stm32f3xx_hal_dma.o
 *fill*         0x0000000008004fea        0x2 
 .text.DMA_CalcBaseAndBitshift
                0x0000000008004fec       0x24 build/stm32f3xx_hal_dma.o
 .text.HAL_DMA_Init
                0x0000000008005010      0x140 build/stm32f3xx_hal_dma.o
                0x0000000008005010                HAL_DMA_Init
 .text.HAL_DMA_Start_IT
                0x0000000008005150       0x9c build/stm32f3xx_hal_dma.o
                0x0000000008005150                HAL_DMA_Start_IT
 .text.HAL_DMA_Abort_IT
                0x00000000080051ec       0x4a build/stm32f3xx_hal_dma.o
                0x00000000080051ec                HAL_DMA_Abort_IT
 .text.HAL_DMA_IRQHandler
                0x0000000008005236       0xb4 build/stm32f3xx_hal_dma.o
                0x0000000008005236                HAL_DMA_IRQHandler
 *fill*         0x00000000080052ea        0x2 
 .text.HAL_GPIO_Init
                0x00000000080052ec      0x29c build/stm32f3xx_hal_gpio.o
                0x00000000080052ec                HAL_GPIO_Init
 .text.HAL_GPIO_ReadPin
                0x0000000008005588       0x28 build/stm32f3xx_hal_gpio.o
                0x0000000008005588                HAL_GPIO_ReadPin
 .text.HAL_GPIO_WritePin
                0x00000000080055b0       0x34 build/stm32f3xx_hal_gpio.o
                0x00000000080055b0                HAL_GPIO_WritePin
 .text.HAL_GPIO_EXTI_Callback
                0x00000000080055e4        0x2 build/stm32f3xx_hal_gpio.o
                0x00000000080055e4                HAL_GPIO_EXTI_Callback
 *fill*         0x00000000080055e6        0x2 
 .text.HAL_GPIO_EXTI_IRQHandler
                0x00000000080055e8       0x1c build/stm32f3xx_hal_gpio.o
                0x00000000080055e8                HAL_GPIO_EXTI_IRQHandler
 .text.HAL_RCC_OscConfig
                0x0000000008005604      0x740 build/stm32f3xx_hal_rcc.o
                0x0000000008005604                HAL_RCC_OscConfig
 .text.HAL_RCC_GetSysClockFreq
                0x0000000008005d44       0x70 build/stm32f3xx_hal_rcc.o
                0x0000000008005d44                HAL_RCC_GetSysClockFreq
 .text.HAL_RCC_ClockConfig
                0x0000000008005db4      0x2a0 build/stm32f3xx_hal_rcc.o
                0x0000000008005db4                HAL_RCC_ClockConfig
 .text.HAL_RCC_GetHCLKFreq
                0x0000000008006054        0xc build/stm32f3xx_hal_rcc.o
                0x0000000008006054                HAL_RCC_GetHCLKFreq
 .text.HAL_RCC_GetPCLK1Freq
                0x0000000008006060       0x2c build/stm32f3xx_hal_rcc.o
                0x0000000008006060                HAL_RCC_GetPCLK1Freq
 .text.HAL_RCC_GetPCLK2Freq
                0x000000000800608c       0x2c build/stm32f3xx_hal_rcc.o
                0x000000000800608c                HAL_RCC_GetPCLK2Freq
 .text.HAL_RCCEx_PeriphCLKConfig
                0x00000000080060b8      0x274 build/stm32f3xx_hal_rcc_ex.o
                0x00000000080060b8                HAL_RCCEx_PeriphCLKConfig
 .text.SPI_WaitFlagStateUntilTimeout
                0x000000000800632c       0x92 build/stm32f3xx_hal_spi.o
 .text.SPI_WaitFifoStateUntilTimeout
                0x00000000080063be       0xa4 build/stm32f3xx_hal_spi.o
 .text.SPI_EndRxTxTransaction
                0x0000000008006462       0x66 build/stm32f3xx_hal_spi.o
 .text.HAL_SPI_Init
                0x00000000080064c8      0x214 build/stm32f3xx_hal_spi.o
                0x00000000080064c8                HAL_SPI_Init
 .text.HAL_SPI_Transmit
                0x00000000080066dc      0x1dc build/stm32f3xx_hal_spi.o
                0x00000000080066dc                HAL_SPI_Transmit
 .text.TIM_TI1_ConfigInputStage
                0x00000000080068b8       0x26 build/stm32f3xx_hal_tim.o
 .text.TIM_TI2_ConfigInputStage
                0x00000000080068de       0x28 build/stm32f3xx_hal_tim.o
 .text.TIM_ITRx_SetConfig
                0x0000000008006906       0x10 build/stm32f3xx_hal_tim.o
 *fill*         0x0000000008006916        0x2 
 .text.HAL_TIM_Base_Start_IT
                0x0000000008006918       0x6c build/stm32f3xx_hal_tim.o
                0x0000000008006918                HAL_TIM_Base_Start_IT
 .text.HAL_TIM_OC_MspInit
                0x0000000008006984        0x2 build/stm32f3xx_hal_tim.o
                0x0000000008006984                HAL_TIM_OC_MspInit
 .text.HAL_TIM_PWM_MspInit
                0x0000000008006986        0x2 build/stm32f3xx_hal_tim.o
                0x0000000008006986                HAL_TIM_PWM_MspInit
 .text.HAL_TIM_PeriodElapsedCallback
                0x0000000008006988        0x2 build/stm32f3xx_hal_tim.o
                0x0000000008006988                HAL_TIM_PeriodElapsedCallback
 .text.HAL_TIM_OC_DelayElapsedCallback
                0x000000000800698a        0x2 build/stm32f3xx_hal_tim.o
                0x000000000800698a                HAL_TIM_OC_DelayElapsedCallback
 .text.HAL_TIM_IC_CaptureCallback
                0x000000000800698c        0x2 build/stm32f3xx_hal_tim.o
                0x000000000800698c                HAL_TIM_IC_CaptureCallback
 .text.HAL_TIM_PWM_PulseFinishedCallback
                0x000000000800698e        0x2 build/stm32f3xx_hal_tim.o
                0x000000000800698e                HAL_TIM_PWM_PulseFinishedCallback
 .text.HAL_TIM_TriggerCallback
                0x0000000008006990        0x2 build/stm32f3xx_hal_tim.o
                0x0000000008006990                HAL_TIM_TriggerCallback
 .text.HAL_TIM_IRQHandler
                0x0000000008006992      0x19a build/stm32f3xx_hal_tim.o
                0x0000000008006992                HAL_TIM_IRQHandler
 .text.TIM_Base_SetConfig
                0x0000000008006b2c       0x90 build/stm32f3xx_hal_tim.o
                0x0000000008006b2c                TIM_Base_SetConfig
 .text.HAL_TIM_Base_Init
                0x0000000008006bbc       0xd0 build/stm32f3xx_hal_tim.o
                0x0000000008006bbc                HAL_TIM_Base_Init
 .text.HAL_TIM_OC_Init
                0x0000000008006c8c       0xd8 build/stm32f3xx_hal_tim.o
                0x0000000008006c8c                HAL_TIM_OC_Init
 .text.HAL_TIM_PWM_Init
                0x0000000008006d64       0xd8 build/stm32f3xx_hal_tim.o
                0x0000000008006d64                HAL_TIM_PWM_Init
 .text.TIM_OC1_SetConfig
                0x0000000008006e3c       0xd8 build/stm32f3xx_hal_tim.o
                0x0000000008006e3c                TIM_OC1_SetConfig
 .text.TIM_OC2_SetConfig
                0x0000000008006f14       0xcc build/stm32f3xx_hal_tim.o
                0x0000000008006f14                TIM_OC2_SetConfig
 .text.TIM_OC3_SetConfig
                0x0000000008006fe0       0xcc build/stm32f3xx_hal_tim.o
                0x0000000008006fe0                TIM_OC3_SetConfig
 .text.TIM_OC4_SetConfig
                0x00000000080070ac       0x88 build/stm32f3xx_hal_tim.o
                0x00000000080070ac                TIM_OC4_SetConfig
 .text.TIM_ETR_SetConfig
                0x0000000008007134       0x18 build/stm32f3xx_hal_tim.o
                0x0000000008007134                TIM_ETR_SetConfig
 .text.HAL_TIM_ConfigClockSource
                0x000000000800714c      0x450 build/stm32f3xx_hal_tim.o
                0x000000000800714c                HAL_TIM_ConfigClockSource
 .text.TIM_OC5_SetConfig
                0x000000000800759c       0x60 build/stm32f3xx_hal_tim_ex.o
 .text.TIM_OC6_SetConfig
                0x00000000080075fc       0x64 build/stm32f3xx_hal_tim_ex.o
 .text.HAL_TIM_OC_ConfigChannel
                0x0000000008007660      0x1c4 build/stm32f3xx_hal_tim_ex.o
                0x0000000008007660                HAL_TIM_OC_ConfigChannel
 .text.HAL_TIM_PWM_ConfigChannel
                0x0000000008007824      0x2a4 build/stm32f3xx_hal_tim_ex.o
                0x0000000008007824                HAL_TIM_PWM_ConfigChannel
 .text.HAL_TIMEx_MasterConfigSynchronization
                0x0000000008007ac8      0x138 build/stm32f3xx_hal_tim_ex.o
                0x0000000008007ac8                HAL_TIMEx_MasterConfigSynchronization
 .text.HAL_TIMEx_ConfigBreakDeadTime
                0x0000000008007c00      0x1b8 build/stm32f3xx_hal_tim_ex.o
                0x0000000008007c00                HAL_TIMEx_ConfigBreakDeadTime
 .text.HAL_TIMEx_CommutationCallback
                0x0000000008007db8        0x2 build/stm32f3xx_hal_tim_ex.o
                0x0000000008007db8                HAL_TIMEx_CommutationCallback
 .text.HAL_TIMEx_BreakCallback
                0x0000000008007dba        0x2 build/stm32f3xx_hal_tim_ex.o
                0x0000000008007dba                HAL_TIMEx_BreakCallback
 .text.HAL_TIMEx_Break2Callback
                0x0000000008007dbc        0x2 build/stm32f3xx_hal_tim_ex.o
                0x0000000008007dbc                HAL_TIMEx_Break2Callback
 .text.UART_EndRxTransfer
                0x0000000008007dbe       0x1c build/stm32f3xx_hal_uart.o
 .text.HAL_UART_Transmit_IT
                0x0000000008007dda       0x4c build/stm32f3xx_hal_uart.o
                0x0000000008007dda                HAL_UART_Transmit_IT
 .text.HAL_UART_TxCpltCallback
                0x0000000008007e26        0x2 build/stm32f3xx_hal_uart.o
                0x0000000008007e26                HAL_UART_TxCpltCallback
 .text.HAL_UART_RxCpltCallback
                0x0000000008007e28        0x2 build/stm32f3xx_hal_uart.o
                0x0000000008007e28                HAL_UART_RxCpltCallback
 .text.HAL_UART_ErrorCallback
                0x0000000008007e2a        0x2 build/stm32f3xx_hal_uart.o
                0x0000000008007e2a                HAL_UART_ErrorCallback
 .text.UART_DMAAbortOnError
                0x0000000008007e2c       0x14 build/stm32f3xx_hal_uart.o
 .text.UART_SetConfig
                0x0000000008007e40      0x290 build/stm32f3xx_hal_uart.o
                0x0000000008007e40                UART_SetConfig
 .text.UART_AdvFeatureConfig
                0x00000000080080d0      0x1d4 build/stm32f3xx_hal_uart.o
                0x00000000080080d0                UART_AdvFeatureConfig
 .text.UART_WaitOnFlagUntilTimeout
                0x00000000080082a4       0x62 build/stm32f3xx_hal_uart.o
                0x00000000080082a4                UART_WaitOnFlagUntilTimeout
 .text.UART_CheckIdleState
                0x0000000008008306       0x70 build/stm32f3xx_hal_uart.o
                0x0000000008008306                UART_CheckIdleState
 *fill*         0x0000000008008376        0x2 
 .text.HAL_UART_Init
                0x0000000008008378       0xc0 build/stm32f3xx_hal_uart.o
                0x0000000008008378                HAL_UART_Init
 .text.UART_Transmit_IT
                0x0000000008008438       0x6c build/stm32f3xx_hal_uart.o
                0x0000000008008438                UART_Transmit_IT
 .text.UART_EndTransmit_IT
                0x00000000080084a4       0x1a build/stm32f3xx_hal_uart.o
                0x00000000080084a4                UART_EndTransmit_IT
 .text.UART_Receive_IT
                0x00000000080084be       0x80 build/stm32f3xx_hal_uart.o
                0x00000000080084be                UART_Receive_IT
 *fill*         0x000000000800853e        0x2 
 .text.HAL_UART_IRQHandler
                0x0000000008008540      0x15c build/stm32f3xx_hal_uart.o
                0x0000000008008540                HAL_UART_IRQHandler
 .text.HAL_UARTEx_WakeupCallback
                0x000000000800869c        0x2 build/stm32f3xx_hal_uart_ex.o
                0x000000000800869c                HAL_UARTEx_WakeupCallback
 *fill*         0x000000000800869e        0x2 
 .text.Reset_Handler
                0x00000000080086a0       0x50 build/startup_stm32f303x8.o
                0x00000000080086a0                Reset_Handler
 .text.Default_Handler
                0x00000000080086f0        0x2 build/startup_stm32f303x8.o
                0x00000000080086f0                TIM1_BRK_TIM15_IRQHandler
                0x00000000080086f0                DebugMon_Handler
                0x00000000080086f0                TIM1_CC_IRQHandler
                0x00000000080086f0                HardFault_Handler
                0x00000000080086f0                PVD_IRQHandler
                0x00000000080086f0                TAMP_STAMP_IRQHandler
                0x00000000080086f0                PendSV_Handler
                0x00000000080086f0                NMI_Handler
                0x00000000080086f0                EXTI3_IRQHandler
                0x00000000080086f0                EXTI0_IRQHandler
                0x00000000080086f0                FPU_IRQHandler
                0x00000000080086f0                CAN_TX_IRQHandler
                0x00000000080086f0                UsageFault_Handler
                0x00000000080086f0                ADC1_2_IRQHandler
                0x00000000080086f0                SPI1_IRQHandler
                0x00000000080086f0                CAN_SCE_IRQHandler
                0x00000000080086f0                DMA1_Channel4_IRQHandler
                0x00000000080086f0                USART3_IRQHandler
                0x00000000080086f0                DMA1_Channel7_IRQHandler
                0x00000000080086f0                TIM7_DAC2_IRQHandler
                0x00000000080086f0                CAN_RX1_IRQHandler
                0x00000000080086f0                I2C1_EV_IRQHandler
                0x00000000080086f0                DMA1_Channel6_IRQHandler
                0x00000000080086f0                TIM3_IRQHandler
                0x00000000080086f0                RCC_IRQHandler
                0x00000000080086f0                Default_Handler
                0x00000000080086f0                EXTI15_10_IRQHandler
                0x00000000080086f0                COMP2_IRQHandler
                0x00000000080086f0                RTC_WKUP_IRQHandler
                0x00000000080086f0                MemManage_Handler
                0x00000000080086f0                SVC_Handler
                0x00000000080086f0                DMA1_Channel5_IRQHandler
                0x00000000080086f0                TIM1_TRG_COM_TIM17_IRQHandler
                0x00000000080086f0                DMA1_Channel3_IRQHandler
                0x00000000080086f0                WWDG_IRQHandler
                0x00000000080086f0                COMP4_6_IRQHandler
                0x00000000080086f0                DMA1_Channel2_IRQHandler
                0x00000000080086f0                FLASH_IRQHandler
                0x00000000080086f0                BusFault_Handler
                0x00000000080086f0                CAN_RX0_IRQHandler
                0x00000000080086f0                I2C1_ER_IRQHandler
                0x00000000080086f0                EXTI2_TSC_IRQHandler
                0x00000000080086f0                RTC_Alarm_IRQHandler
 *fill*         0x00000000080086f2        0x2 
 .text.__libc_init_array
                0x00000000080086f4       0x48 /usr/local/gcc-arm-none-eabi-7-2018-q2-update/bin/../lib/gcc/arm-none-eabi/7.3.1/../../../../arm-none-eabi/lib/thumb/v7e-m/fpv4-sp/hard/libc_nano.a(lib_a-init.o)
                0x00000000080086f4                __libc_init_array
 .text.malloc   0x000000000800873c       0x10 /usr/local/gcc-arm-none-eabi-7-2018-q2-update/bin/../lib/gcc/arm-none-eabi/7.3.1/../../../../arm-none-eabi/lib/thumb/v7e-m/fpv4-sp/hard/libc_nano.a(lib_a-malloc.o)
                0x000000000800873c                malloc
 .text.free     0x000000000800874c       0x10 /usr/local/gcc-arm-none-eabi-7-2018-q2-update/bin/../lib/gcc/arm-none-eabi/7.3.1/../../../../arm-none-eabi/lib/thumb/v7e-m/fpv4-sp/hard/libc_nano.a(lib_a-malloc.o)
                0x000000000800874c                free
 .text.memset   0x000000000800875c       0x10 /usr/local/gcc-arm-none-eabi-7-2018-q2-update/bin/../lib/gcc/arm-none-eabi/7.3.1/../../../../arm-none-eabi/lib/thumb/v7e-m/fpv4-sp/hard/libc_nano.a(lib_a-memset.o)
                0x000000000800875c                memset
 .text._free_r  0x000000000800876c       0x9c /usr/local/gcc-arm-none-eabi-7-2018-q2-update/bin/../lib/gcc/arm-none-eabi/7.3.1/../../../../arm-none-eabi/lib/thumb/v7e-m/fpv4-sp/hard/libc_nano.a(lib_a-nano-freer.o)
                0x000000000800876c                _free_r
 .text._malloc_r
                0x0000000008008808       0xb4 /usr/local/gcc-arm-none-eabi-7-2018-q2-update/bin/../lib/gcc/arm-none-eabi/7.3.1/../../../../arm-none-eabi/lib/thumb/v7e-m/fpv4-sp/hard/libc_nano.a(lib_a-nano-mallocr.o)
                0x0000000008008808                _malloc_r
 .text._sbrk_r  0x00000000080088bc       0x20 /usr/local/gcc-arm-none-eabi-7-2018-q2-update/bin/../lib/gcc/arm-none-eabi/7.3.1/../../../../arm-none-eabi/lib/thumb/v7e-m/fpv4-sp/hard/libc_nano.a(lib_a-sbrkr.o)
                0x00000000080088bc                _sbrk_r
 .text._vsnprintf_r
                0x00000000080088dc       0x58 /usr/local/gcc-arm-none-eabi-7-2018-q2-update/bin/../lib/gcc/arm-none-eabi/7.3.1/../../../../arm-none-eabi/lib/thumb/v7e-m/fpv4-sp/hard/libc_nano.a(lib_a-vsnprintf.o)
                0x00000000080088dc                _vsnprintf_r
                0x00000000080088dc                _vsniprintf_r
 .text.vsnprintf
                0x0000000008008934       0x1c /usr/local/gcc-arm-none-eabi-7-2018-q2-update/bin/../lib/gcc/arm-none-eabi/7.3.1/../../../../arm-none-eabi/lib/thumb/v7e-m/fpv4-sp/hard/libc_nano.a(lib_a-vsnprintf.o)
                0x0000000008008934                vsnprintf
                0x0000000008008934                vsniprintf
 .text._vsprintf_r
                0x0000000008008950       0x2c /usr/local/gcc-arm-none-eabi-7-2018-q2-update/bin/../lib/gcc/arm-none-eabi/7.3.1/../../../../arm-none-eabi/lib/thumb/v7e-m/fpv4-sp/hard/libc_nano.a(lib_a-vsprintf.o)
                0x0000000008008950                _vsiprintf_r
                0x0000000008008950                _vsprintf_r
 .text.vsprintf
                0x000000000800897c       0x14 /usr/local/gcc-arm-none-eabi-7-2018-q2-update/bin/../lib/gcc/arm-none-eabi/7.3.1/../../../../arm-none-eabi/lib/thumb/v7e-m/fpv4-sp/hard/libc_nano.a(lib_a-vsprintf.o)
                0x000000000800897c                vsprintf
                0x000000000800897c                vsiprintf
 .text.__malloc_lock
                0x0000000008008990        0x2 /usr/local/gcc-arm-none-eabi-7-2018-q2-update/bin/../lib/gcc/arm-none-eabi/7.3.1/../../../../arm-none-eabi/lib/thumb/v7e-m/fpv4-sp/hard/libc_nano.a(lib_a-mlock.o)
                0x0000000008008990                __malloc_lock
 .text.__malloc_unlock
                0x0000000008008992        0x2 /usr/local/gcc-arm-none-eabi-7-2018-q2-update/bin/../lib/gcc/arm-none-eabi/7.3.1/../../../../arm-none-eabi/lib/thumb/v7e-m/fpv4-sp/hard/libc_nano.a(lib_a-mlock.o)
                0x0000000008008992                __malloc_unlock
 .text.__ssputs_r
                0x0000000008008994       0xb4 /usr/local/gcc-arm-none-eabi-7-2018-q2-update/bin/../lib/gcc/arm-none-eabi/7.3.1/../../../../arm-none-eabi/lib/thumb/v7e-m/fpv4-sp/hard/libc_nano.a(lib_a-nano-svfprintf.o)
                0x0000000008008994                __ssputs_r
 .text._svfprintf_r
                0x0000000008008a48      0x1f0 /usr/local/gcc-arm-none-eabi-7-2018-q2-update/bin/../lib/gcc/arm-none-eabi/7.3.1/../../../../arm-none-eabi/lib/thumb/v7e-m/fpv4-sp/hard/libc_nano.a(lib_a-nano-svfprintf.o)
                0x0000000008008a48                _svfprintf_r
                0x0000000008008a48                _svfiprintf_r
 .text._printf_common
                0x0000000008008c38       0xea /usr/local/gcc-arm-none-eabi-7-2018-q2-update/bin/../lib/gcc/arm-none-eabi/7.3.1/../../../../arm-none-eabi/lib/thumb/v7e-m/fpv4-sp/hard/libc_nano.a(lib_a-nano-vfprintf_i.o)
                0x0000000008008c38                _printf_common
 *fill*         0x0000000008008d22        0x2 
 .text._printf_i
                0x0000000008008d24      0x224 /usr/local/gcc-arm-none-eabi-7-2018-q2-update/bin/../lib/gcc/arm-none-eabi/7.3.1/../../../../arm-none-eabi/lib/thumb/v7e-m/fpv4-sp/hard/libc_nano.a(lib_a-nano-vfprintf_i.o)
                0x0000000008008d24                _printf_i
 .text.memcpy   0x0000000008008f48       0x16 /usr/local/gcc-arm-none-eabi-7-2018-q2-update/bin/../lib/gcc/arm-none-eabi/7.3.1/../../../../arm-none-eabi/lib/thumb/v7e-m/fpv4-sp/hard/libc_nano.a(lib_a-memcpy-stub.o)
                0x0000000008008f48                memcpy
 .text.memmove  0x0000000008008f5e       0x32 /usr/local/gcc-arm-none-eabi-7-2018-q2-update/bin/../lib/gcc/arm-none-eabi/7.3.1/../../../../arm-none-eabi/lib/thumb/v7e-m/fpv4-sp/hard/libc_nano.a(lib_a-memmove.o)
                0x0000000008008f5e                memmove
 .text._realloc_r
                0x0000000008008f90       0x4c /usr/local/gcc-arm-none-eabi-7-2018-q2-update/bin/../lib/gcc/arm-none-eabi/7.3.1/../../../../arm-none-eabi/lib/thumb/v7e-m/fpv4-sp/hard/libc_nano.a(lib_a-nano-reallocr.o)
                0x0000000008008f90                _realloc_r
 .text._malloc_usable_size_r
                0x0000000008008fdc       0x10 /usr/local/gcc-arm-none-eabi-7-2018-q2-update/bin/../lib/gcc/arm-none-eabi/7.3.1/../../../../arm-none-eabi/lib/thumb/v7e-m/fpv4-sp/hard/libc_nano.a(lib_a-nano-msizer.o)
                0x0000000008008fdc                _malloc_usable_size_r
 *fill*         0x0000000008008fec        0x4 
 .text.pow      0x0000000008008ff0      0x338 /usr/local/gcc-arm-none-eabi-7-2018-q2-update/bin/../lib/gcc/arm-none-eabi/7.3.1/../../../../arm-none-eabi/lib/thumb/v7e-m/fpv4-sp/hard/libm.a(lib_a-w_pow.o)
                0x0000000008008ff0                pow
 .text.__ieee754_pow
                0x0000000008009328      0xab8 /usr/local/gcc-arm-none-eabi-7-2018-q2-update/bin/../lib/gcc/arm-none-eabi/7.3.1/../../../../arm-none-eabi/lib/thumb/v7e-m/fpv4-sp/hard/libm.a(lib_a-e_pow.o)
                0x0000000008009328                __ieee754_pow
 .text.__ieee754_sqrt
                0x0000000008009de0      0x194 /usr/local/gcc-arm-none-eabi-7-2018-q2-update/bin/../lib/gcc/arm-none-eabi/7.3.1/../../../../arm-none-eabi/lib/thumb/v7e-m/fpv4-sp/hard/libm.a(lib_a-e_sqrt.o)
                0x0000000008009de0                __ieee754_sqrt
 .text.fabs     0x0000000008009f74       0x14 /usr/local/gcc-arm-none-eabi-7-2018-q2-update/bin/../lib/gcc/arm-none-eabi/7.3.1/../../../../arm-none-eabi/lib/thumb/v7e-m/fpv4-sp/hard/libm.a(lib_a-s_fabs.o)
                0x0000000008009f74                fabs
 .text.finite   0x0000000008009f88       0x10 /usr/local/gcc-arm-none-eabi-7-2018-q2-update/bin/../lib/gcc/arm-none-eabi/7.3.1/../../../../arm-none-eabi/lib/thumb/v7e-m/fpv4-sp/hard/libm.a(lib_a-s_finite.o)
                0x0000000008009f88                finite
 .text.matherr  0x0000000008009f98        0x4 /usr/local/gcc-arm-none-eabi-7-2018-q2-update/bin/../lib/gcc/arm-none-eabi/7.3.1/../../../../arm-none-eabi/lib/thumb/v7e-m/fpv4-sp/hard/libm.a(lib_a-s_matherr.o)
                0x0000000008009f98                matherr
 *fill*         0x0000000008009f9c        0x4 
 .text.nan      0x0000000008009fa0       0x10 /usr/local/gcc-arm-none-eabi-7-2018-q2-update/bin/../lib/gcc/arm-none-eabi/7.3.1/../../../../arm-none-eabi/lib/thumb/v7e-m/fpv4-sp/hard/libm.a(lib_a-s_nan.o)
                0x0000000008009fa0                nan
 .text.rint     0x0000000008009fb0      0x110 /usr/local/gcc-arm-none-eabi-7-2018-q2-update/bin/../lib/gcc/arm-none-eabi/7.3.1/../../../../arm-none-eabi/lib/thumb/v7e-m/fpv4-sp/hard/libm.a(lib_a-s_rint.o)
                0x0000000008009fb0                rint
 .text.scalbn   0x000000000800a0c0      0x114 /usr/local/gcc-arm-none-eabi-7-2018-q2-update/bin/../lib/gcc/arm-none-eabi/7.3.1/../../../../arm-none-eabi/lib/thumb/v7e-m/fpv4-sp/hard/libm.a(lib_a-s_scalbn.o)
                0x000000000800a0c0                scalbn
 .text.copysign
                0x000000000800a1d4       0x1c /usr/local/gcc-arm-none-eabi-7-2018-q2-update/bin/../lib/gcc/arm-none-eabi/7.3.1/../../../../arm-none-eabi/lib/thumb/v7e-m/fpv4-sp/hard/libm.a(lib_a-s_copysign.o)
                0x000000000800a1d4                copysign
 .text._sbrk    0x000000000800a1f0       0x1c /usr/local/gcc-arm-none-eabi-7-2018-q2-update/bin/../lib/gcc/arm-none-eabi/7.3.1/../../../../arm-none-eabi/lib/thumb/v7e-m/fpv4-sp/hard/libnosys.a(sbrk.o)
                0x000000000800a1f0                _sbrk
 .text.__errno  0x000000000800a20c        0xc /usr/local/gcc-arm-none-eabi-7-2018-q2-update/bin/../lib/gcc/arm-none-eabi/7.3.1/../../../../arm-none-eabi/lib/thumb/v7e-m/fpv4-sp/hard/libc_nano.a(lib_a-errno.o)
                0x000000000800a20c                __errno
 *(.glue_7)
 .glue_7        0x000000000800a218        0x0 linker stubs
 *(.glue_7t)
 .glue_7t       0x000000000800a218        0x0 linker stubs
 *(.eh_frame)
 .eh_frame      0x000000000800a218        0x0 /usr/local/gcc-arm-none-eabi-7-2018-q2-update/bin/../lib/gcc/arm-none-eabi/7.3.1/thumb/v7e-m/fpv4-sp/hard/crtbegin.o
 *(.init)
 .init          0x000000000800a218        0x4 /usr/local/gcc-arm-none-eabi-7-2018-q2-update/bin/../lib/gcc/arm-none-eabi/7.3.1/thumb/v7e-m/fpv4-sp/hard/crti.o
                0x000000000800a218                _init
 .init          0x000000000800a21c        0x8 /usr/local/gcc-arm-none-eabi-7-2018-q2-update/bin/../lib/gcc/arm-none-eabi/7.3.1/thumb/v7e-m/fpv4-sp/hard/crtn.o
 *(.fini)
 .fini          0x000000000800a224        0x4 /usr/local/gcc-arm-none-eabi-7-2018-q2-update/bin/../lib/gcc/arm-none-eabi/7.3.1/thumb/v7e-m/fpv4-sp/hard/crti.o
                0x000000000800a224                _fini
 .fini          0x000000000800a228        0x8 /usr/local/gcc-arm-none-eabi-7-2018-q2-update/bin/../lib/gcc/arm-none-eabi/7.3.1/thumb/v7e-m/fpv4-sp/hard/crtn.o
                0x000000000800a230                . = ALIGN (0x4)
                0x000000000800a230                _etext = .

.vfp11_veneer   0x000000000800a230        0x0
 .vfp11_veneer  0x000000000800a230        0x0 linker stubs

.v4_bx          0x000000000800a230        0x0
 .v4_bx         0x000000000800a230        0x0 linker stubs

.iplt           0x000000000800a230        0x0
 .iplt          0x000000000800a230        0x0 /usr/local/gcc-arm-none-eabi-7-2018-q2-update/bin/../lib/gcc/arm-none-eabi/7.3.1/thumb/v7e-m/fpv4-sp/hard/crtbegin.o

.rodata         0x000000000800a230     0x2558
                0x000000000800a230                . = ALIGN (0x4)
 *(.rodata)
 *(.rodata*)
 .rodata.draw_Value.str1.4
                0x000000000800a230        0xa build/draw_Value.o
 .rodata.draw_Wave_axis.str1.4
                0x000000000800a23a        0xa build/draw_Wave.o
                                          0x1 (size before relaxing)
 *fill*         0x000000000800a23a        0x2 
 .rodata.u8g2_font_4x6_tf
                0x000000000800a23c      0x5c1 build/u8g2_fonts.o
                0x000000000800a23c                u8g2_font_4x6_tf
 *fill*         0x000000000800a7fd        0x3 
 .rodata.u8g2_font_5x7_tf
                0x000000000800a800      0x689 build/u8g2_fonts.o
                0x000000000800a800                u8g2_font_5x7_tf
 *fill*         0x000000000800ae89        0x3 
 .rodata.u8g2_font_5x8_tf
                0x000000000800ae8c      0x6f6 build/u8g2_fonts.o
                0x000000000800ae8c                u8g2_font_5x8_tf
 *fill*         0x000000000800b582        0x2 
 .rodata.u8g2_font_7x14B_tf
                0x000000000800b584      0x911 build/u8g2_fonts.o
                0x000000000800b584                u8g2_font_7x14B_tf
 *fill*         0x000000000800be95        0x3 
 .rodata.u8g2_font_micro_tr
                0x000000000800be98      0x2c5 build/u8g2_fonts.o
                0x000000000800be98                u8g2_font_micro_tr
 *fill*         0x000000000800c15d        0x3 
 .rodata.u8g2_cb_r0
                0x000000000800c160        0x8 build/u8g2_setup.o
                0x000000000800c160                u8g2_cb_r0
 .rodata.u8x8_d_ssd1309_128x64_flip0_seq
                0x000000000800c168        0x7 build/u8x8_d_ssd1309.o
 *fill*         0x000000000800c16f        0x1 
 .rodata.u8x8_d_ssd1309_128x64_flip1_seq
                0x000000000800c170        0x7 build/u8x8_d_ssd1309.o
 *fill*         0x000000000800c177        0x1 
 .rodata.u8x8_d_ssd1309_128x64_noname_init_seq
                0x000000000800c178       0x29 build/u8x8_d_ssd1309.o
 *fill*         0x000000000800c1a1        0x3 
 .rodata.u8x8_d_ssd1309_powersave0_seq
                0x000000000800c1a4        0x5 build/u8x8_d_ssd1309.o
 *fill*         0x000000000800c1a9        0x3 
 .rodata.u8x8_d_ssd1309_powersave1_seq
                0x000000000800c1ac        0x5 build/u8x8_d_ssd1309.o
 *fill*         0x000000000800c1b1        0x3 
 .rodata.u8x8_ssd1309_128x64_noname2_display_info
                0x000000000800c1b4       0x18 build/u8x8_d_ssd1309.o
 .rodata.MX_ADC1_Init.str1.4
                0x000000000800c1cc        0xa build/adc.o
 *fill*         0x000000000800c1d6        0x2 
 .rodata.MX_CAN_Init.str1.4
                0x000000000800c1d8        0xa build/can.o
 *fill*         0x000000000800c1e2        0x2 
 .rodata.SystemClock_Config.str1.4
                0x000000000800c1e4        0xb build/main.o
 *fill*         0x000000000800c1ef        0x1 
 .rodata.draw_MeasLabels.str1.4
                0x000000000800c1f0        0x9 build/main.o
 *fill*         0x000000000800c1f9        0x3 
 .rodata.idct_name
                0x000000000800c1fc        0xa build/main.o
                0x000000000800c1fc                idct_name
 *fill*         0x000000000800c206        0x2 
 .rodata.idct_status
                0x000000000800c208        0x2 build/main.o
                0x000000000800c208                idct_status
 *fill*         0x000000000800c20a        0x2 
 .rodata.logo_bits
                0x000000000800c20c      0x120 build/main.o
                0x000000000800c20c                logo_bits
 .rodata.main.str1.4
                0x000000000800c32c       0x7e build/main.o
                                         0x82 (size before relaxing)
 *fill*         0x000000000800c3aa        0x2 
 .rodata.meas_digit
                0x000000000800c3ac        0x6 build/main.o
                0x000000000800c3ac                meas_digit
 *fill*         0x000000000800c3b2        0x2 
 .rodata.meas_frac
                0x000000000800c3b4        0x6 build/main.o
                0x000000000800c3b4                meas_frac
 *fill*         0x000000000800c3ba        0x2 
 .rodata.meas_name
                0x000000000800c3bc       0x2a build/main.o
                0x000000000800c3bc                meas_name
 *fill*         0x000000000800c3e6        0x2 
 .rodata.meas_sign
                0x000000000800c3e8        0x6 build/main.o
                0x000000000800c3e8                meas_sign
 *fill*         0x000000000800c3ee        0x2 
 .rodata.meas_unit
                0x000000000800c3f0       0x1e build/main.o
                0x000000000800c3f0                meas_unit
 *fill*         0x000000000800c40e        0x2 
 .rodata.MX_SPI1_Init.str1.4
                0x000000000800c410        0xa build/spi.o
 *fill*         0x000000000800c41a        0x2 
 .rodata.EXTI4_IRQHandler.str1.4
                0x000000000800c41c        0x7 build/stm32f3xx_it.o
 *fill*         0x000000000800c423        0x1 
 .rodata.AHBPrescTable
                0x000000000800c424       0x10 build/system_stm32f3xx.o
                0x000000000800c424                AHBPrescTable
 .rodata.APBPrescTable
                0x000000000800c434        0x8 build/system_stm32f3xx.o
                0x000000000800c434                APBPrescTable
 .rodata.MX_TIM2_Init.str1.4
                0x000000000800c43c        0xa build/tim.o
 *fill*         0x000000000800c446        0x2 
 .rodata.MX_USART1_UART_Init.str1.4
                0x000000000800c448        0xc build/usart.o
 .rodata.ADC_ConversionStop.str1.4
                0x000000000800c454       0x38 build/stm32f3xx_hal_adc_ex.o
 .rodata.HAL_CAN_ConfigFilter.str1.4
                0x000000000800c48c       0x35 build/stm32f3xx_hal_can.o
 *fill*         0x000000000800c4c1        0x3 
 .rodata.HAL_NVIC_SetPriorityGrouping.str1.4
                0x000000000800c4c4       0x38 build/stm32f3xx_hal_cortex.o
 .rodata.HAL_DMA_Init.str1.4
                0x000000000800c4fc       0x35 build/stm32f3xx_hal_dma.o
 *fill*         0x000000000800c531        0x3 
 .rodata.HAL_GPIO_Init.str1.4
                0x000000000800c534       0x36 build/stm32f3xx_hal_gpio.o
 *fill*         0x000000000800c56a        0x2 
 .rodata.HAL_RCC_OscConfig.str1.4
                0x000000000800c56c       0x35 build/stm32f3xx_hal_rcc.o
 *fill*         0x000000000800c5a1        0x3 
 .rodata.aPLLMULFactorTable
                0x000000000800c5a4       0x10 build/stm32f3xx_hal_rcc.o
                0x000000000800c5a4                aPLLMULFactorTable
 .rodata.aPredivFactorTable
                0x000000000800c5b4       0x10 build/stm32f3xx_hal_rcc.o
                0x000000000800c5b4                aPredivFactorTable
 .rodata.HAL_RCCEx_PeriphCLKConfig.str1.4
                0x000000000800c5c4       0x38 build/stm32f3xx_hal_rcc_ex.o
 .rodata.HAL_SPI_Init.str1.4
                0x000000000800c5fc       0x35 build/stm32f3xx_hal_spi.o
 *fill*         0x000000000800c631        0x3 
 .rodata.HAL_TIM_Base_DeInit.str1.4
                0x000000000800c634       0x35 build/stm32f3xx_hal_tim.o
 *fill*         0x000000000800c669        0x3 
 .rodata.HAL_TIMEx_HallSensor_Init.str1.4
                0x000000000800c66c       0x38 build/stm32f3xx_hal_tim_ex.o
 .rodata.HAL_UART_DeInit.str1.4
                0x000000000800c6a4       0x36 build/stm32f3xx_hal_uart.o
 *fill*         0x000000000800c6da        0x2 
 .rodata.__sf_fake_stderr
                0x000000000800c6dc       0x20 /usr/local/gcc-arm-none-eabi-7-2018-q2-update/bin/../lib/gcc/arm-none-eabi/7.3.1/../../../../arm-none-eabi/lib/thumb/v7e-m/fpv4-sp/hard/libc_nano.a(lib_a-findfp.o)
                0x000000000800c6dc                __sf_fake_stderr
 .rodata.__sf_fake_stdin
                0x000000000800c6fc       0x20 /usr/local/gcc-arm-none-eabi-7-2018-q2-update/bin/../lib/gcc/arm-none-eabi/7.3.1/../../../../arm-none-eabi/lib/thumb/v7e-m/fpv4-sp/hard/libc_nano.a(lib_a-findfp.o)
                0x000000000800c6fc                __sf_fake_stdin
 .rodata.__sf_fake_stdout
                0x000000000800c71c       0x20 /usr/local/gcc-arm-none-eabi-7-2018-q2-update/bin/../lib/gcc/arm-none-eabi/7.3.1/../../../../arm-none-eabi/lib/thumb/v7e-m/fpv4-sp/hard/libc_nano.a(lib_a-findfp.o)
                0x000000000800c71c                __sf_fake_stdout
 .rodata._svfprintf_r.str1.1
                0x000000000800c73c       0x11 /usr/local/gcc-arm-none-eabi-7-2018-q2-update/bin/../lib/gcc/arm-none-eabi/7.3.1/../../../../arm-none-eabi/lib/thumb/v7e-m/fpv4-sp/hard/libc_nano.a(lib_a-nano-svfprintf.o)
 .rodata._printf_i.str1.1
                0x000000000800c74d       0x22 /usr/local/gcc-arm-none-eabi-7-2018-q2-update/bin/../lib/gcc/arm-none-eabi/7.3.1/../../../../arm-none-eabi/lib/thumb/v7e-m/fpv4-sp/hard/libc_nano.a(lib_a-nano-vfprintf_i.o)
 *fill*         0x000000000800c76f        0x1 
 .rodata.pow.str1.4
                0x000000000800c770        0x4 /usr/local/gcc-arm-none-eabi-7-2018-q2-update/bin/../lib/gcc/arm-none-eabi/7.3.1/../../../../arm-none-eabi/lib/thumb/v7e-m/fpv4-sp/hard/libm.a(lib_a-w_pow.o)
 .rodata.__ieee754_pow.str1.4
                0x000000000800c774        0x1 /usr/local/gcc-arm-none-eabi-7-2018-q2-update/bin/../lib/gcc/arm-none-eabi/7.3.1/../../../../arm-none-eabi/lib/thumb/v7e-m/fpv4-sp/hard/libm.a(lib_a-e_pow.o)
 *fill*         0x000000000800c774        0x4 
 .rodata.TWO52  0x000000000800c778       0x10 /usr/local/gcc-arm-none-eabi-7-2018-q2-update/bin/../lib/gcc/arm-none-eabi/7.3.1/../../../../arm-none-eabi/lib/thumb/v7e-m/fpv4-sp/hard/libm.a(lib_a-s_rint.o)
                0x000000000800c788                . = ALIGN (0x4)

.rel.dyn        0x000000000800c788        0x0
 .rel.iplt      0x000000000800c788        0x0 /usr/local/gcc-arm-none-eabi-7-2018-q2-update/bin/../lib/gcc/arm-none-eabi/7.3.1/thumb/v7e-m/fpv4-sp/hard/crtbegin.o

.ARM.extab
 *(.ARM.extab* .gnu.linkonce.armextab.*)

.ARM            0x000000000800c788        0x0
                0x000000000800c788                __exidx_start = .
 *(.ARM.exidx*)
                0x000000000800c788                __exidx_end = .

.preinit_array  0x000000000800c788        0x0
                0x000000000800c788                PROVIDE (__preinit_array_start = .)
 *(.preinit_array*)
                0x000000000800c788                PROVIDE (__preinit_array_end = .)

.init_array     0x000000000800c788        0x4
                0x000000000800c788                PROVIDE (__init_array_start = .)
 *(SORT_BY_NAME(.init_array.*))
 *(.init_array*)
 .init_array    0x000000000800c788        0x4 /usr/local/gcc-arm-none-eabi-7-2018-q2-update/bin/../lib/gcc/arm-none-eabi/7.3.1/thumb/v7e-m/fpv4-sp/hard/crtbegin.o
                0x000000000800c78c                PROVIDE (__init_array_end = .)

.fini_array     0x000000000800c78c        0x4
                [!provide]                        PROVIDE (__fini_array_start = .)
 *(SORT_BY_NAME(.fini_array.*))
 *(.fini_array*)
 .fini_array    0x000000000800c78c        0x4 /usr/local/gcc-arm-none-eabi-7-2018-q2-update/bin/../lib/gcc/arm-none-eabi/7.3.1/thumb/v7e-m/fpv4-sp/hard/crtbegin.o
                [!provide]                        PROVIDE (__fini_array_end = .)
                0x000000000800c790                _sidata = LOADADDR (.data)

.data           0x0000000020000000       0xac load address 0x000000000800c790
                0x0000000020000000                . = ALIGN (0x4)
                0x0000000020000000                _sdata = .
 *(.data)
 *(.data*)
 .data.FP_duty  0x0000000020000000        0x2 build/main.o
                0x0000000020000000                FP_duty
 .data.FP_volt  0x0000000020000002        0x2 build/main.o
                0x0000000020000002                FP_volt
 *fill*         0x0000000020000004        0x4 
 .data.MT       0x0000000020000008       0x28 build/main.o
                0x0000000020000008                MT
 .data.meas_value
                0x0000000020000030        0xc build/main.o
                0x0000000020000030                meas_value
 .data.speed    0x000000002000003c        0x2 build/main.o
                0x000000002000003c                speed
 *fill*         0x000000002000003e        0x2 
 .data.SystemCoreClock
                0x0000000020000040        0x4 build/system_stm32f3xx.o
                0x0000000020000040                SystemCoreClock
 .data._impure_ptr
                0x0000000020000044        0x4 /usr/local/gcc-arm-none-eabi-7-2018-q2-update/bin/../lib/gcc/arm-none-eabi/7.3.1/../../../../arm-none-eabi/lib/thumb/v7e-m/fpv4-sp/hard/libc_nano.a(lib_a-impure.o)
                0x0000000020000044                _impure_ptr
 .data.impure_data
                0x0000000020000048       0x60 /usr/local/gcc-arm-none-eabi-7-2018-q2-update/bin/../lib/gcc/arm-none-eabi/7.3.1/../../../../arm-none-eabi/lib/thumb/v7e-m/fpv4-sp/hard/libc_nano.a(lib_a-impure.o)
 .data.__fdlib_version
                0x00000000200000a8        0x1 /usr/local/gcc-arm-none-eabi-7-2018-q2-update/bin/../lib/gcc/arm-none-eabi/7.3.1/../../../../arm-none-eabi/lib/thumb/v7e-m/fpv4-sp/hard/libm.a(lib_a-s_lib_ver.o)
                0x00000000200000a8                __fdlib_version
                0x00000000200000ac                . = ALIGN (0x4)
 *fill*         0x00000000200000a9        0x3 
                0x00000000200000ac                _edata = .
                0x000000000800c83c                _siccmram = LOADADDR (.ccmram)

.igot.plt       0x00000000200000ac        0x0 load address 0x000000000800c83c
 .igot.plt      0x00000000200000ac        0x0 /usr/local/gcc-arm-none-eabi-7-2018-q2-update/bin/../lib/gcc/arm-none-eabi/7.3.1/thumb/v7e-m/fpv4-sp/hard/crtbegin.o

.ccmram         0x0000000010000000        0x0 load address 0x000000000800c83c
                0x0000000010000000                . = ALIGN (0x4)
                0x0000000010000000                _sccmram = .
 *(.ccmram)
 *(.ccmram*)
                0x0000000010000000                . = ALIGN (0x4)
                0x0000000010000000                _eccmram = .
                0x0000000010000000                . = ALIGN (0x4)

.bss            0x00000000200000ac      0x814
                0x00000000200000ac                _sbss = .
                0x00000000200000ac                __bss_start__ = _sbss
 *(.bss)
 .bss           0x00000000200000ac       0x1c /usr/local/gcc-arm-none-eabi-7-2018-q2-update/bin/../lib/gcc/arm-none-eabi/7.3.1/thumb/v7e-m/fpv4-sp/hard/crtbegin.o
 *(.bss*)
 .bss.buf.9689  0x00000000200000c8      0x400 build/u8g2_d_memory.o
 .bss.buf.6270  0x00000000200004c8        0x6 build/u8x8_u16toa.o
 *fill*         0x00000000200004ce        0x2 
 .bss.HAL_RCC_ADC12_CLK_ENABLED
                0x00000000200004d0        0x4 build/adc.o
 .bss.flag_disp
                0x00000000200004d4        0x4 build/flag.o
                0x00000000200004d4                flag_disp
 .bss.flag_meas_short
                0x00000000200004d8        0x4 build/flag.o
                0x00000000200004d8                flag_meas_short
 .bss.flag_sw   0x00000000200004dc        0x4 build/flag.o
                0x00000000200004dc                flag_sw
 .bss.cursor    0x00000000200004e0        0x4 build/main.o
                0x00000000200004e0                cursor
 .bss.gear      0x00000000200004e4        0x1 build/main.o
                0x00000000200004e4                gear
 *fill*         0x00000000200004e5        0x1 
 .bss.rpm       0x00000000200004e6        0x2 build/main.o
                0x00000000200004e6                rpm
 .bss.__malloc_free_list
                0x00000000200004e8        0x4 /usr/local/gcc-arm-none-eabi-7-2018-q2-update/bin/../lib/gcc/arm-none-eabi/7.3.1/../../../../arm-none-eabi/lib/thumb/v7e-m/fpv4-sp/hard/libc_nano.a(lib_a-nano-mallocr.o)
                0x00000000200004e8                __malloc_free_list
 .bss.__malloc_sbrk_start
                0x00000000200004ec        0x4 /usr/local/gcc-arm-none-eabi-7-2018-q2-update/bin/../lib/gcc/arm-none-eabi/7.3.1/../../../../arm-none-eabi/lib/thumb/v7e-m/fpv4-sp/hard/libc_nano.a(lib_a-nano-mallocr.o)
                0x00000000200004ec                __malloc_sbrk_start
 .bss.heap_end.5377
                0x00000000200004f0        0x4 /usr/local/gcc-arm-none-eabi-7-2018-q2-update/bin/../lib/gcc/arm-none-eabi/7.3.1/../../../../arm-none-eabi/lib/thumb/v7e-m/fpv4-sp/hard/libnosys.a(sbrk.o)
 *(COMMON)
 COMMON         0x00000000200004f4       0x10 build/basic.o
                0x00000000200004f4                Cnt_ms
                0x00000000200004f8                Cnt_us
                0x00000000200004fc                DelayCnt
                0x0000000020000500                Cnt_100ns
 COMMON         0x0000000020000504       0xec build/adc.o
                0x0000000020000504                hadc2
                0x0000000020000558                hadc1
                0x00000000200005ac                hdma_adc1
 COMMON         0x00000000200005f0       0x44 build/can.o
                0x00000000200005f0                hcan
 COMMON         0x0000000020000634       0x80 build/main.o
                0x0000000020000634                u8g2
 COMMON         0x00000000200006b4       0x64 build/spi.o
                0x00000000200006b4                hspi1
 COMMON         0x0000000020000718       0xc0 build/tim.o
                0x0000000020000718                htim6
                0x0000000020000758                htim1
                0x0000000020000798                htim2
 COMMON         0x00000000200007d8       0xe0 build/usart.o
                0x00000000200007d8                huart1
                0x0000000020000848                huart2
 COMMON         0x00000000200008b8        0x4 build/stm32f3xx_hal.o
                0x00000000200008b8                uwTick
 COMMON         0x00000000200008bc        0x4 /usr/local/gcc-arm-none-eabi-7-2018-q2-update/bin/../lib/gcc/arm-none-eabi/7.3.1/../../../../arm-none-eabi/lib/thumb/v7e-m/fpv4-sp/hard/libc_nano.a(lib_a-reent.o)
                0x00000000200008bc                errno
                0x00000000200008c0                . = ALIGN (0x4)
                0x00000000200008c0                _ebss = .
                0x00000000200008c0                __bss_end__ = _ebss

._user_heap_stack
                0x00000000200008c0      0x600
                0x00000000200008c0                . = ALIGN (0x8)
                0x00000000200008c0                PROVIDE (end = .)
                [!provide]                        PROVIDE (_end = .)
                0x0000000020000ac0                . = (. + _Min_Heap_Size)
 *fill*         0x00000000200008c0      0x200 
                0x0000000020000ec0                . = (. + _Min_Stack_Size)
 *fill*         0x0000000020000ac0      0x400 
                0x0000000020000ec0                . = ALIGN (0x8)

/DISCARD/
 libc.a(*)
 libm.a(*)
 libgcc.a(*)

.ARM.attributes
                0x0000000000000000       0x30
 *(.ARM.attributes)
 .ARM.attributes
                0x0000000000000000       0x22 /usr/local/gcc-arm-none-eabi-7-2018-q2-update/bin/../lib/gcc/arm-none-eabi/7.3.1/thumb/v7e-m/fpv4-sp/hard/crti.o
 .ARM.attributes
                0x0000000000000022       0x34 /usr/local/gcc-arm-none-eabi-7-2018-q2-update/bin/../lib/gcc/arm-none-eabi/7.3.1/thumb/v7e-m/fpv4-sp/hard/crtbegin.o
 .ARM.attributes
                0x0000000000000056       0x39 build/basic.o
 .ARM.attributes
                0x000000000000008f       0x39 build/draw_BarGraph.o
 .ARM.attributes
                0x00000000000000c8       0x39 build/draw_IndicatorBox.o
 .ARM.attributes
                0x0000000000000101       0x39 build/draw_Value.o
 .ARM.attributes
                0x000000000000013a       0x39 build/draw_Wave.o
 .ARM.attributes
                0x0000000000000173       0x39 build/u8g2_bitmap.o
 .ARM.attributes
                0x00000000000001ac       0x39 build/u8g2_box.o
 .ARM.attributes
                0x00000000000001e5       0x39 build/u8g2_buffer.o
 .ARM.attributes
                0x000000000000021e       0x39 build/u8g2_circle.o
 .ARM.attributes
                0x0000000000000257       0x39 build/u8g2_cleardisplay.o
 .ARM.attributes
                0x0000000000000290       0x39 build/u8g2_d_memory.o
 .ARM.attributes
                0x00000000000002c9       0x39 build/u8g2_d_setup.o
 .ARM.attributes
                0x0000000000000302       0x39 build/u8g2_font.o
 .ARM.attributes
                0x000000000000033b       0x39 build/u8g2_fonts.o
 .ARM.attributes
                0x0000000000000374       0x39 build/u8g2_hvline.o
 .ARM.attributes
                0x00000000000003ad       0x39 build/u8g2_intersection.o
 .ARM.attributes
                0x00000000000003e6       0x39 build/u8g2_line.o
 .ARM.attributes
                0x000000000000041f       0x39 build/u8g2_ll_hvline.o
 .ARM.attributes
                0x0000000000000458       0x39 build/u8g2_setup.o
 .ARM.attributes
                0x0000000000000491       0x39 build/u8x8_8x8.o
 .ARM.attributes
                0x00000000000004ca       0x39 build/u8x8_byte.o
 .ARM.attributes
                0x0000000000000503       0x39 build/u8x8_byte_4wire_hw_spi.o
 .ARM.attributes
                0x000000000000053c       0x39 build/u8x8_cad.o
 .ARM.attributes
                0x0000000000000575       0x39 build/u8x8_d_ssd1309.o
 .ARM.attributes
                0x00000000000005ae       0x39 build/u8x8_display.o
 .ARM.attributes
                0x00000000000005e7       0x39 build/u8x8_gpio.o
 .ARM.attributes
                0x0000000000000620       0x39 build/u8x8_gpio_STM32F303.o
 .ARM.attributes
                0x0000000000000659       0x39 build/u8x8_setup.o
 .ARM.attributes
                0x0000000000000692       0x39 build/u8x8_u16toa.o
 .ARM.attributes
                0x00000000000006cb       0x39 build/usart_transmit_printf.o
 .ARM.attributes
                0x0000000000000704       0x39 build/adc.o
 .ARM.attributes
                0x000000000000073d       0x39 build/can.o
 .ARM.attributes
                0x0000000000000776       0x39 build/dma.o
 .ARM.attributes
                0x00000000000007af       0x39 build/flag.o
 .ARM.attributes
                0x00000000000007e8       0x39 build/gpio.o
 .ARM.attributes
                0x0000000000000821       0x39 build/main.o
 .ARM.attributes
                0x000000000000085a       0x39 build/spi.o
 .ARM.attributes
                0x0000000000000893       0x39 build/stm32f3xx_hal_msp.o
 .ARM.attributes
                0x00000000000008cc       0x39 build/stm32f3xx_it.o
 .ARM.attributes
                0x0000000000000905       0x39 build/system_stm32f3xx.o
 .ARM.attributes
                0x000000000000093e       0x39 build/tim.o
 .ARM.attributes
                0x0000000000000977       0x39 build/usart.o
 .ARM.attributes
                0x00000000000009b0       0x39 build/stm32f3xx_hal.o
 .ARM.attributes
                0x00000000000009e9       0x39 build/stm32f3xx_hal_adc.o
 .ARM.attributes
                0x0000000000000a22       0x39 build/stm32f3xx_hal_adc_ex.o
 .ARM.attributes
                0x0000000000000a5b       0x39 build/stm32f3xx_hal_can.o
 .ARM.attributes
                0x0000000000000a94       0x39 build/stm32f3xx_hal_cortex.o
 .ARM.attributes
                0x0000000000000acd       0x39 build/stm32f3xx_hal_dma.o
 .ARM.attributes
                0x0000000000000b06       0x39 build/stm32f3xx_hal_gpio.o
 .ARM.attributes
                0x0000000000000b3f       0x39 build/stm32f3xx_hal_rcc.o
 .ARM.attributes
                0x0000000000000b78       0x39 build/stm32f3xx_hal_rcc_ex.o
 .ARM.attributes
                0x0000000000000bb1       0x39 build/stm32f3xx_hal_spi.o
 .ARM.attributes
                0x0000000000000bea       0x39 build/stm32f3xx_hal_tim.o
 .ARM.attributes
                0x0000000000000c23       0x39 build/stm32f3xx_hal_tim_ex.o
 .ARM.attributes
                0x0000000000000c5c       0x39 build/stm32f3xx_hal_uart.o
 .ARM.attributes
                0x0000000000000c95       0x39 build/stm32f3xx_hal_uart_ex.o
 .ARM.attributes
                0x0000000000000cce       0x21 build/startup_stm32f303x8.o
 .ARM.attributes
                0x0000000000000cef       0x34 /usr/local/gcc-arm-none-eabi-7-2018-q2-update/bin/../lib/gcc/arm-none-eabi/7.3.1/../../../../arm-none-eabi/lib/thumb/v7e-m/fpv4-sp/hard/libc_nano.a(lib_a-impure.o)
 .ARM.attributes
                0x0000000000000d23       0x34 /usr/local/gcc-arm-none-eabi-7-2018-q2-update/bin/../lib/gcc/arm-none-eabi/7.3.1/../../../../arm-none-eabi/lib/thumb/v7e-m/fpv4-sp/hard/libc_nano.a(lib_a-init.o)
 .ARM.attributes
                0x0000000000000d57       0x34 /usr/local/gcc-arm-none-eabi-7-2018-q2-update/bin/../lib/gcc/arm-none-eabi/7.3.1/../../../../arm-none-eabi/lib/thumb/v7e-m/fpv4-sp/hard/libc_nano.a(lib_a-malloc.o)
 .ARM.attributes
                0x0000000000000d8b       0x34 /usr/local/gcc-arm-none-eabi-7-2018-q2-update/bin/../lib/gcc/arm-none-eabi/7.3.1/../../../../arm-none-eabi/lib/thumb/v7e-m/fpv4-sp/hard/libc_nano.a(lib_a-memset.o)
 .ARM.attributes
                0x0000000000000dbf       0x34 /usr/local/gcc-arm-none-eabi-7-2018-q2-update/bin/../lib/gcc/arm-none-eabi/7.3.1/../../../../arm-none-eabi/lib/thumb/v7e-m/fpv4-sp/hard/libc_nano.a(lib_a-nano-freer.o)
 .ARM.attributes
                0x0000000000000df3       0x34 /usr/local/gcc-arm-none-eabi-7-2018-q2-update/bin/../lib/gcc/arm-none-eabi/7.3.1/../../../../arm-none-eabi/lib/thumb/v7e-m/fpv4-sp/hard/libc_nano.a(lib_a-nano-mallocr.o)
 .ARM.attributes
                0x0000000000000e27       0x34 /usr/local/gcc-arm-none-eabi-7-2018-q2-update/bin/../lib/gcc/arm-none-eabi/7.3.1/../../../../arm-none-eabi/lib/thumb/v7e-m/fpv4-sp/hard/libc_nano.a(lib_a-sbrkr.o)
 .ARM.attributes
                0x0000000000000e5b       0x1b /usr/local/gcc-arm-none-eabi-7-2018-q2-update/bin/../lib/gcc/arm-none-eabi/7.3.1/../../../../arm-none-eabi/lib/thumb/v7e-m/fpv4-sp/hard/libc_nano.a(lib_a-strlen.o)
 .ARM.attributes
                0x0000000000000e76       0x34 /usr/local/gcc-arm-none-eabi-7-2018-q2-update/bin/../lib/gcc/arm-none-eabi/7.3.1/../../../../arm-none-eabi/lib/thumb/v7e-m/fpv4-sp/hard/libc_nano.a(lib_a-vsnprintf.o)
 .ARM.attributes
                0x0000000000000eaa       0x34 /usr/local/gcc-arm-none-eabi-7-2018-q2-update/bin/../lib/gcc/arm-none-eabi/7.3.1/../../../../arm-none-eabi/lib/thumb/v7e-m/fpv4-sp/hard/libc_nano.a(lib_a-vsprintf.o)
 .ARM.attributes
                0x0000000000000ede       0x34 /usr/local/gcc-arm-none-eabi-7-2018-q2-update/bin/../lib/gcc/arm-none-eabi/7.3.1/../../../../arm-none-eabi/lib/thumb/v7e-m/fpv4-sp/hard/libc_nano.a(lib_a-findfp.o)
 .ARM.attributes
                0x0000000000000f12       0x34 /usr/local/gcc-arm-none-eabi-7-2018-q2-update/bin/../lib/gcc/arm-none-eabi/7.3.1/../../../../arm-none-eabi/lib/thumb/v7e-m/fpv4-sp/hard/libc_nano.a(lib_a-mlock.o)
 .ARM.attributes
                0x0000000000000f46       0x34 /usr/local/gcc-arm-none-eabi-7-2018-q2-update/bin/../lib/gcc/arm-none-eabi/7.3.1/../../../../arm-none-eabi/lib/thumb/v7e-m/fpv4-sp/hard/libc_nano.a(lib_a-nano-svfprintf.o)
 .ARM.attributes
                0x0000000000000f7a       0x34 /usr/local/gcc-arm-none-eabi-7-2018-q2-update/bin/../lib/gcc/arm-none-eabi/7.3.1/../../../../arm-none-eabi/lib/thumb/v7e-m/fpv4-sp/hard/libc_nano.a(lib_a-nano-vfprintf_i.o)
 .ARM.attributes
                0x0000000000000fae       0x34 /usr/local/gcc-arm-none-eabi-7-2018-q2-update/bin/../lib/gcc/arm-none-eabi/7.3.1/../../../../arm-none-eabi/lib/thumb/v7e-m/fpv4-sp/hard/libc_nano.a(lib_a-reent.o)
 .ARM.attributes
                0x0000000000000fe2       0x20 /usr/local/gcc-arm-none-eabi-7-2018-q2-update/bin/../lib/gcc/arm-none-eabi/7.3.1/../../../../arm-none-eabi/lib/thumb/v7e-m/fpv4-sp/hard/libc_nano.a(lib_a-memchr.o)
 .ARM.attributes
                0x0000000000001002       0x34 /usr/local/gcc-arm-none-eabi-7-2018-q2-update/bin/../lib/gcc/arm-none-eabi/7.3.1/../../../../arm-none-eabi/lib/thumb/v7e-m/fpv4-sp/hard/libc_nano.a(lib_a-memcpy-stub.o)
 .ARM.attributes
                0x0000000000001036       0x34 /usr/local/gcc-arm-none-eabi-7-2018-q2-update/bin/../lib/gcc/arm-none-eabi/7.3.1/../../../../arm-none-eabi/lib/thumb/v7e-m/fpv4-sp/hard/libc_nano.a(lib_a-memmove.o)
 .ARM.attributes
                0x000000000000106a       0x34 /usr/local/gcc-arm-none-eabi-7-2018-q2-update/bin/../lib/gcc/arm-none-eabi/7.3.1/../../../../arm-none-eabi/lib/thumb/v7e-m/fpv4-sp/hard/libc_nano.a(lib_a-nano-reallocr.o)
 .ARM.attributes
                0x000000000000109e       0x34 /usr/local/gcc-arm-none-eabi-7-2018-q2-update/bin/../lib/gcc/arm-none-eabi/7.3.1/../../../../arm-none-eabi/lib/thumb/v7e-m/fpv4-sp/hard/libc_nano.a(lib_a-nano-msizer.o)
 .ARM.attributes
                0x00000000000010d2       0x34 /usr/local/gcc-arm-none-eabi-7-2018-q2-update/bin/../lib/gcc/arm-none-eabi/7.3.1/../../../../arm-none-eabi/lib/thumb/v7e-m/fpv4-sp/hard/libm.a(lib_a-w_pow.o)
 .ARM.attributes
                0x0000000000001106       0x34 /usr/local/gcc-arm-none-eabi-7-2018-q2-update/bin/../lib/gcc/arm-none-eabi/7.3.1/../../../../arm-none-eabi/lib/thumb/v7e-m/fpv4-sp/hard/libm.a(lib_a-e_pow.o)
 .ARM.attributes
                0x000000000000113a       0x34 /usr/local/gcc-arm-none-eabi-7-2018-q2-update/bin/../lib/gcc/arm-none-eabi/7.3.1/../../../../arm-none-eabi/lib/thumb/v7e-m/fpv4-sp/hard/libm.a(lib_a-e_sqrt.o)
 .ARM.attributes
                0x000000000000116e       0x34 /usr/local/gcc-arm-none-eabi-7-2018-q2-update/bin/../lib/gcc/arm-none-eabi/7.3.1/../../../../arm-none-eabi/lib/thumb/v7e-m/fpv4-sp/hard/libm.a(lib_a-s_fabs.o)
 .ARM.attributes
                0x00000000000011a2       0x34 /usr/local/gcc-arm-none-eabi-7-2018-q2-update/bin/../lib/gcc/arm-none-eabi/7.3.1/../../../../arm-none-eabi/lib/thumb/v7e-m/fpv4-sp/hard/libm.a(lib_a-s_finite.o)
 .ARM.attributes
                0x00000000000011d6       0x34 /usr/local/gcc-arm-none-eabi-7-2018-q2-update/bin/../lib/gcc/arm-none-eabi/7.3.1/../../../../arm-none-eabi/lib/thumb/v7e-m/fpv4-sp/hard/libm.a(lib_a-s_lib_ver.o)
 .ARM.attributes
                0x000000000000120a       0x34 /usr/local/gcc-arm-none-eabi-7-2018-q2-update/bin/../lib/gcc/arm-none-eabi/7.3.1/../../../../arm-none-eabi/lib/thumb/v7e-m/fpv4-sp/hard/libm.a(lib_a-s_matherr.o)
 .ARM.attributes
                0x000000000000123e       0x34 /usr/local/gcc-arm-none-eabi-7-2018-q2-update/bin/../lib/gcc/arm-none-eabi/7.3.1/../../../../arm-none-eabi/lib/thumb/v7e-m/fpv4-sp/hard/libm.a(lib_a-s_nan.o)
 .ARM.attributes
                0x0000000000001272       0x34 /usr/local/gcc-arm-none-eabi-7-2018-q2-update/bin/../lib/gcc/arm-none-eabi/7.3.1/../../../../arm-none-eabi/lib/thumb/v7e-m/fpv4-sp/hard/libm.a(lib_a-s_rint.o)
 .ARM.attributes
                0x00000000000012a6       0x34 /usr/local/gcc-arm-none-eabi-7-2018-q2-update/bin/../lib/gcc/arm-none-eabi/7.3.1/../../../../arm-none-eabi/lib/thumb/v7e-m/fpv4-sp/hard/libm.a(lib_a-s_scalbn.o)
 .ARM.attributes
                0x00000000000012da       0x34 /usr/local/gcc-arm-none-eabi-7-2018-q2-update/bin/../lib/gcc/arm-none-eabi/7.3.1/../../../../arm-none-eabi/lib/thumb/v7e-m/fpv4-sp/hard/libm.a(lib_a-s_copysign.o)
 .ARM.attributes
                0x000000000000130e       0x34 /usr/local/gcc-arm-none-eabi-7-2018-q2-update/bin/../lib/gcc/arm-none-eabi/7.3.1/../../../../arm-none-eabi/lib/thumb/v7e-m/fpv4-sp/hard/libnosys.a(sbrk.o)
 .ARM.attributes
                0x0000000000001342       0x22 /usr/local/gcc-arm-none-eabi-7-2018-q2-update/bin/../lib/gcc/arm-none-eabi/7.3.1/thumb/v7e-m/fpv4-sp/hard/libgcc.a(_arm_addsubdf3.o)
 .ARM.attributes
                0x0000000000001364       0x22 /usr/local/gcc-arm-none-eabi-7-2018-q2-update/bin/../lib/gcc/arm-none-eabi/7.3.1/thumb/v7e-m/fpv4-sp/hard/libgcc.a(_arm_muldivdf3.o)
 .ARM.attributes
                0x0000000000001386       0x22 /usr/local/gcc-arm-none-eabi-7-2018-q2-update/bin/../lib/gcc/arm-none-eabi/7.3.1/thumb/v7e-m/fpv4-sp/hard/libgcc.a(_arm_cmpdf2.o)
 .ARM.attributes
                0x00000000000013a8       0x22 /usr/local/gcc-arm-none-eabi-7-2018-q2-update/bin/../lib/gcc/arm-none-eabi/7.3.1/thumb/v7e-m/fpv4-sp/hard/libgcc.a(_arm_unorddf2.o)
 .ARM.attributes
                0x00000000000013ca       0x22 /usr/local/gcc-arm-none-eabi-7-2018-q2-update/bin/../lib/gcc/arm-none-eabi/7.3.1/thumb/v7e-m/fpv4-sp/hard/libgcc.a(_arm_fixdfsi.o)
 .ARM.attributes
                0x00000000000013ec       0x22 /usr/local/gcc-arm-none-eabi-7-2018-q2-update/bin/../lib/gcc/arm-none-eabi/7.3.1/thumb/v7e-m/fpv4-sp/hard/libgcc.a(_arm_fixunsdfsi.o)
 .ARM.attributes
                0x000000000000140e       0x34 /usr/local/gcc-arm-none-eabi-7-2018-q2-update/bin/../lib/gcc/arm-none-eabi/7.3.1/../../../../arm-none-eabi/lib/thumb/v7e-m/fpv4-sp/hard/libc_nano.a(lib_a-errno.o)
 .ARM.attributes
                0x0000000000001442       0x22 /usr/local/gcc-arm-none-eabi-7-2018-q2-update/bin/../lib/gcc/arm-none-eabi/7.3.1/thumb/v7e-m/fpv4-sp/hard/crtn.o
OUTPUT(build/STM32F303_MFM.elf elf32-littlearm)

.debug_info     0x0000000000000000    0xae6fe
 .debug_info    0x0000000000000000      0xb5e build/basic.o
 .debug_info    0x0000000000000b5e     0x4824 build/draw_BarGraph.o
 .debug_info    0x0000000000005382     0x47e3 build/draw_IndicatorBox.o
 .debug_info    0x0000000000009b65     0x551e build/draw_Value.o
 .debug_info    0x000000000000f083     0x4939 build/draw_Wave.o
 .debug_info    0x00000000000139bc     0x4b88 build/u8g2_bitmap.o
 .debug_info    0x0000000000018544     0x4c87 build/u8g2_box.o
 .debug_info    0x000000000001d1cb     0x518f build/u8g2_buffer.o
 .debug_info    0x000000000002235a     0x539e build/u8g2_circle.o
 .debug_info    0x00000000000276f8     0x462c build/u8g2_cleardisplay.o
 .debug_info    0x000000000002bd24     0x616f build/u8g2_d_memory.o
 .debug_info    0x0000000000031e93    0x15b92 build/u8g2_d_setup.o
 .debug_info    0x0000000000047a25     0x5e67 build/u8g2_font.o
 .debug_info    0x000000000004d88c     0x83d8 build/u8g2_fonts.o
 .debug_info    0x0000000000055c64     0x49c7 build/u8g2_hvline.o
 .debug_info    0x000000000005a62b     0x4678 build/u8g2_intersection.o
 .debug_info    0x000000000005eca3     0x46c2 build/u8g2_line.o
 .debug_info    0x0000000000063365     0x46fa build/u8g2_ll_hvline.o