Archive member included to satisfy reference by file (symbol)

/usr/local/gcc-arm-none-eabi-7-2018-q2-update/bin/../lib/gcc/arm-none-eabi/7.3.1/../../../../arm-none-eabi/lib/thumb/v7e-m/fpv4-sp/hard/libc_nano.a(lib_a-exit.o)
                              /usr/local/gcc-arm-none-eabi-7-2018-q2-update/bin/../lib/gcc/arm-none-eabi/7.3.1/../../../../arm-none-eabi/lib/thumb/v7e-m/fpv4-sp/hard/crt0.o (exit)
/usr/local/gcc-arm-none-eabi-7-2018-q2-update/bin/../lib/gcc/arm-none-eabi/7.3.1/../../../../arm-none-eabi/lib/thumb/v7e-m/fpv4-sp/hard/libc_nano.a(lib_a-impure.o)
                              /usr/local/gcc-arm-none-eabi-7-2018-q2-update/bin/../lib/gcc/arm-none-eabi/7.3.1/../../../../arm-none-eabi/lib/thumb/v7e-m/fpv4-sp/hard/libc_nano.a(lib_a-exit.o) (_global_impure_ptr)
/usr/local/gcc-arm-none-eabi-7-2018-q2-update/bin/../lib/gcc/arm-none-eabi/7.3.1/../../../../arm-none-eabi/lib/thumb/v7e-m/fpv4-sp/hard/libc_nano.a(lib_a-init.o)
                              /usr/local/gcc-arm-none-eabi-7-2018-q2-update/bin/../lib/gcc/arm-none-eabi/7.3.1/../../../../arm-none-eabi/lib/thumb/v7e-m/fpv4-sp/hard/crt0.o (__libc_init_array)
/usr/local/gcc-arm-none-eabi-7-2018-q2-update/bin/../lib/gcc/arm-none-eabi/7.3.1/../../../../arm-none-eabi/lib/thumb/v7e-m/fpv4-sp/hard/libc_nano.a(lib_a-malloc.o)
                              build/usart_transmit_printf.o (malloc)
/usr/local/gcc-arm-none-eabi-7-2018-q2-update/bin/../lib/gcc/arm-none-eabi/7.3.1/../../../../arm-none-eabi/lib/thumb/v7e-m/fpv4-sp/hard/libc_nano.a(lib_a-memset.o)
                              /usr/local/gcc-arm-none-eabi-7-2018-q2-update/bin/../lib/gcc/arm-none-eabi/7.3.1/../../../../arm-none-eabi/lib/thumb/v7e-m/fpv4-sp/hard/crt0.o (memset)
/usr/local/gcc-arm-none-eabi-7-2018-q2-update/bin/../lib/gcc/arm-none-eabi/7.3.1/../../../../arm-none-eabi/lib/thumb/v7e-m/fpv4-sp/hard/libc_nano.a(lib_a-nano-freer.o)
                              /usr/local/gcc-arm-none-eabi-7-2018-q2-update/bin/../lib/gcc/arm-none-eabi/7.3.1/../../../../arm-none-eabi/lib/thumb/v7e-m/fpv4-sp/hard/libc_nano.a(lib_a-malloc.o) (_free_r)
/usr/local/gcc-arm-none-eabi-7-2018-q2-update/bin/../lib/gcc/arm-none-eabi/7.3.1/../../../../arm-none-eabi/lib/thumb/v7e-m/fpv4-sp/hard/libc_nano.a(lib_a-nano-mallocr.o)
                              /usr/local/gcc-arm-none-eabi-7-2018-q2-update/bin/../lib/gcc/arm-none-eabi/7.3.1/../../../../arm-none-eabi/lib/thumb/v7e-m/fpv4-sp/hard/libc_nano.a(lib_a-malloc.o) (_malloc_r)
/usr/local/gcc-arm-none-eabi-7-2018-q2-update/bin/../lib/gcc/arm-none-eabi/7.3.1/../../../../arm-none-eabi/lib/thumb/v7e-m/fpv4-sp/hard/libc_nano.a(lib_a-putchar.o)
                              build/u8x8_d_stdio.o (putchar)
/usr/local/gcc-arm-none-eabi-7-2018-q2-update/bin/../lib/gcc/arm-none-eabi/7.3.1/../../../../arm-none-eabi/lib/thumb/v7e-m/fpv4-sp/hard/libc_nano.a(lib_a-sbrkr.o)
                              /usr/local/gcc-arm-none-eabi-7-2018-q2-update/bin/../lib/gcc/arm-none-eabi/7.3.1/../../../../arm-none-eabi/lib/thumb/v7e-m/fpv4-sp/hard/libc_nano.a(lib_a-nano-mallocr.o) (_sbrk_r)
/usr/local/gcc-arm-none-eabi-7-2018-q2-update/bin/../lib/gcc/arm-none-eabi/7.3.1/../../../../arm-none-eabi/lib/thumb/v7e-m/fpv4-sp/hard/libc_nano.a(lib_a-strlen.o)
                              build/usart_transmit_printf.o (strlen)
/usr/local/gcc-arm-none-eabi-7-2018-q2-update/bin/../lib/gcc/arm-none-eabi/7.3.1/../../../../arm-none-eabi/lib/thumb/v7e-m/fpv4-sp/hard/libc_nano.a(lib_a-vsnprintf.o)
                              build/usart_transmit_printf.o (vsnprintf)
/usr/local/gcc-arm-none-eabi-7-2018-q2-update/bin/../lib/gcc/arm-none-eabi/7.3.1/../../../../arm-none-eabi/lib/thumb/v7e-m/fpv4-sp/hard/libc_nano.a(lib_a-vsprintf.o)
                              build/usart_transmit_printf.o (vsprintf)
/usr/local/gcc-arm-none-eabi-7-2018-q2-update/bin/../lib/gcc/arm-none-eabi/7.3.1/../../../../arm-none-eabi/lib/thumb/v7e-m/fpv4-sp/hard/libc_nano.a(lib_a-findfp.o)
                              /usr/local/gcc-arm-none-eabi-7-2018-q2-update/bin/../lib/gcc/arm-none-eabi/7.3.1/../../../../arm-none-eabi/lib/thumb/v7e-m/fpv4-sp/hard/libc_nano.a(lib_a-putchar.o) (__sinit)
/usr/local/gcc-arm-none-eabi-7-2018-q2-update/bin/../lib/gcc/arm-none-eabi/7.3.1/../../../../arm-none-eabi/lib/thumb/v7e-m/fpv4-sp/hard/libc_nano.a(lib_a-fwalk.o)
                              /usr/local/gcc-arm-none-eabi-7-2018-q2-update/bin/../lib/gcc/arm-none-eabi/7.3.1/../../../../arm-none-eabi/lib/thumb/v7e-m/fpv4-sp/hard/libc_nano.a(lib_a-findfp.o) (_fwalk)
/usr/local/gcc-arm-none-eabi-7-2018-q2-update/bin/../lib/gcc/arm-none-eabi/7.3.1/../../../../arm-none-eabi/lib/thumb/v7e-m/fpv4-sp/hard/libc_nano.a(lib_a-mlock.o)
                              /usr/local/gcc-arm-none-eabi-7-2018-q2-update/bin/../lib/gcc/arm-none-eabi/7.3.1/../../../../arm-none-eabi/lib/thumb/v7e-m/fpv4-sp/hard/libc_nano.a(lib_a-nano-freer.o) (__malloc_lock)
[...]
Memory Configuration

Name             Origin             Length             Attributes
RAM              0x0000000020000000 0x0000000000003000 xrw
CCMRAM           0x0000000010000000 0x0000000000001000 rw
FLASH            0x0000000008000000 0x0000000000010000 xr
*default*        0x0000000000000000 0xffffffffffffffff

Linker script and memory map

LOAD /usr/local/gcc-arm-none-eabi-7-2018-q2-update/bin/../lib/gcc/arm-none-eabi/7.3.1/thumb/v7e-m/fpv4-sp/hard/crti.o
LOAD /usr/local/gcc-arm-none-eabi-7-2018-q2-update/bin/../lib/gcc/arm-none-eabi/7.3.1/thumb/v7e-m/fpv4-sp/hard/crtbegin.o
LOAD /usr/local/gcc-arm-none-eabi-7-2018-q2-update/bin/../lib/gcc/arm-none-eabi/7.3.1/../../../../arm-none-eabi/lib/thumb/v7e-m/fpv4-sp/hard/crt0.o
LOAD build/basic.o
LOAD build/drawCircularMeter.o
LOAD build/draw_BarGraph.o
LOAD build/draw_IndicatorBox.o
LOAD build/draw_Rotary.o
LOAD build/draw_Value.o
LOAD build/draw_Wave.o
LOAD build/u8g2_bitmap.o
LOAD build/u8g2_box.o
LOAD build/u8g2_buffer.o
LOAD build/u8g2_circle.o
LOAD build/u8g2_cleardisplay.o
LOAD build/u8g2_d_memory.o
LOAD build/u8g2_d_setup.o
LOAD build/u8g2_font.o
LOAD build/u8g2_fonts.o
LOAD build/u8g2_hvline.o
LOAD build/u8g2_input_value.o
LOAD build/u8g2_intersection.o
LOAD build/u8g2_kerning.o
LOAD build/u8g2_line.o
LOAD build/u8g2_ll_hvline.o
LOAD build/u8g2_message.o
LOAD build/u8g2_polygon.o
LOAD build/u8g2_selection_list.o
LOAD build/u8g2_setup.o
LOAD build/u8x8_8x8.o
LOAD build/u8x8_byte.o
LOAD build/u8x8_byte_4wire_hw_spi.o
LOAD build/u8x8_cad.o
LOAD build/u8x8_d_a2printer.o
LOAD build/u8x8_d_il3820_296x128.o
LOAD build/u8x8_d_ist3020.o
LOAD build/u8x8_d_ks0108.o
LOAD build/u8x8_d_lc7981.o
LOAD build/u8x8_d_ld7032_60x32.o
LOAD build/u8x8_d_ls013b7dh03.o
LOAD build/u8x8_d_max7219.o
LOAD build/u8x8_d_pcd8544_84x48.o
LOAD build/u8x8_d_pcf8812.o
LOAD build/u8x8_d_sbn1661.o
LOAD build/u8x8_d_sed1330.o
LOAD build/u8x8_d_sh1107.o
LOAD build/u8x8_d_ssd1305.o
LOAD build/u8x8_d_ssd1306_128x32.o
LOAD build/u8x8_d_ssd1306_128x64_noname.o
LOAD build/u8x8_d_ssd1306_64x32.o
LOAD build/u8x8_d_ssd1306_64x48.o
LOAD build/u8x8_d_ssd1306_96x16.o
LOAD build/u8x8_d_ssd1309.o
LOAD build/u8x8_d_ssd1322.o
LOAD build/u8x8_d_ssd1325.o
LOAD build/u8x8_d_ssd1326.o
LOAD build/u8x8_d_ssd1327.o
LOAD build/u8x8_d_ssd1329.o
LOAD build/u8x8_d_ssd1606_172x72.o
LOAD build/u8x8_d_ssd1607_200x200.o
LOAD build/u8x8_d_st75256.o
LOAD build/u8x8_d_st7565.o
LOAD build/u8x8_d_st7567.o
LOAD build/u8x8_d_st7588.o
LOAD build/u8x8_d_st7920.o
LOAD build/u8x8_d_stdio.o
LOAD build/u8x8_d_t6963.o
LOAD build/u8x8_d_uc1601.o
LOAD build/u8x8_d_uc1604.o
LOAD build/u8x8_d_uc1608.o
LOAD build/u8x8_d_uc1610.o
LOAD build/u8x8_d_uc1611.o
LOAD build/u8x8_d_uc1617.o
LOAD build/u8x8_d_uc1638.o
LOAD build/u8x8_d_uc1701_dogs102.o
LOAD build/u8x8_d_uc1701_mini12864.o
LOAD build/u8x8_debounce.o
LOAD build/u8x8_display.o
LOAD build/u8x8_fonts.o
LOAD build/u8x8_gpio.o
LOAD build/u8x8_gpio_STM32F303.o
LOAD build/u8x8_input_value.o
LOAD build/u8x8_message.o
LOAD build/u8x8_selection_list.o
LOAD build/u8x8_setup.o
LOAD build/u8x8_string.o
LOAD build/u8x8_u16toa.o
LOAD build/u8x8_u8toa.o
LOAD build/usart_transmit_printf.o
LOAD build/adc.o
LOAD build/can.o
LOAD build/defi_decoder.o
LOAD build/dma.o
LOAD build/flag.o
LOAD build/gpio.o
LOAD build/i2c.o
LOAD build/main.o
LOAD build/pulse_counter.o
LOAD build/spi.o
LOAD build/stm32f3xx_hal_msp.o
LOAD build/stm32f3xx_it.o
LOAD build/sys.o
LOAD build/system_stm32f3xx.o
LOAD build/tim.o
LOAD build/usart.o
LOAD build/stm32f3xx_hal.o
LOAD build/stm32f3xx_hal_adc.o
LOAD build/stm32f3xx_hal_adc_ex.o
LOAD build/stm32f3xx_hal_can.o
LOAD build/stm32f3xx_hal_cortex.o
LOAD build/stm32f3xx_hal_dma.o
LOAD build/stm32f3xx_hal_exti.o
LOAD build/stm32f3xx_hal_flash.o
LOAD build/stm32f3xx_hal_flash_ex.o
LOAD build/stm32f3xx_hal_gpio.o
LOAD build/stm32f3xx_hal_i2c.o
LOAD build/stm32f3xx_hal_i2c_ex.o
LOAD build/stm32f3xx_hal_pwr.o
LOAD build/stm32f3xx_hal_pwr_ex.o
LOAD build/stm32f3xx_hal_rcc.o
LOAD build/stm32f3xx_hal_rcc_ex.o
LOAD build/stm32f3xx_hal_spi.o
LOAD build/stm32f3xx_hal_spi_ex.o
LOAD build/stm32f3xx_hal_tim.o
LOAD build/stm32f3xx_hal_tim_ex.o
LOAD build/stm32f3xx_hal_uart.o
LOAD build/stm32f3xx_hal_uart_ex.o
LOAD build/startup_stm32f303x8.o
LOAD /usr/local/gcc-arm-none-eabi-7-2018-q2-update/bin/../lib/gcc/arm-none-eabi/7.3.1/../../../../arm-none-eabi/lib/thumb/v7e-m/fpv4-sp/hard/libc_nano.a
LOAD /usr/local/gcc-arm-none-eabi-7-2018-q2-update/bin/../lib/gcc/arm-none-eabi/7.3.1/../../../../arm-none-eabi/lib/thumb/v7e-m/fpv4-sp/hard/libm.a
LOAD /usr/local/gcc-arm-none-eabi-7-2018-q2-update/bin/../lib/gcc/arm-none-eabi/7.3.1/../../../../arm-none-eabi/lib/thumb/v7e-m/fpv4-sp/hard/libnosys.a
START GROUP
LOAD /usr/local/gcc-arm-none-eabi-7-2018-q2-update/bin/../lib/gcc/arm-none-eabi/7.3.1/thumb/v7e-m/fpv4-sp/hard/libgcc.a
LOAD /usr/local/gcc-arm-none-eabi-7-2018-q2-update/bin/../lib/gcc/arm-none-eabi/7.3.1/../../../../arm-none-eabi/lib/thumb/v7e-m/fpv4-sp/hard/libc_nano.a
END GROUP
START GROUP
LOAD /usr/local/gcc-arm-none-eabi-7-2018-q2-update/bin/../lib/gcc/arm-none-eabi/7.3.1/thumb/v7e-m/fpv4-sp/hard/libgcc.a
LOAD /usr/local/gcc-arm-none-eabi-7-2018-q2-update/bin/../lib/gcc/arm-none-eabi/7.3.1/../../../../arm-none-eabi/lib/thumb/v7e-m/fpv4-sp/hard/libc_nano.a
END GROUP
LOAD /usr/local/gcc-arm-none-eabi-7-2018-q2-update/bin/../lib/gcc/arm-none-eabi/7.3.1/thumb/v7e-m/fpv4-sp/hard/crtend.o
LOAD /usr/local/gcc-arm-none-eabi-7-2018-q2-update/bin/../lib/gcc/arm-none-eabi/7.3.1/thumb/v7e-m/fpv4-sp/hard/crtn.o
                0x0000000020003000                _estack = 0x20003000
                0x0000000000000200                _Min_Heap_Size = 0x200
                0x0000000000000400                _Min_Stack_Size = 0x400

.isr_vector     0x0000000008000000      0x188
                0x0000000008000000                . = ALIGN (0x4)
 *(.isr_vector)
 .isr_vector    0x0000000008000000      0x188 build/startup_stm32f303x8.o
                0x0000000008000000                g_pfnVectors
                0x0000000008000188                . = ALIGN (0x4)

.text           0x0000000008000190     0xaf50
                0x0000000008000190                . = ALIGN (0x4)
 *(.text)
 .text          0x0000000008000190       0x40 /usr/local/gcc-arm-none-eabi-7-2018-q2-update/bin/../lib/gcc/arm-none-eabi/7.3.1/thumb/v7e-m/fpv4-sp/hard/crtbegin.o
 .text          0x00000000080001d0       0x10 /usr/local/gcc-arm-none-eabi-7-2018-q2-update/bin/../lib/gcc/arm-none-eabi/7.3.1/../../../../arm-none-eabi/lib/thumb/v7e-m/fpv4-sp/hard/libc_nano.a(lib_a-strlen.o)
                0x00000000080001d0                strlen
 .text          0x00000000080001e0       0xa0 /usr/local/gcc-arm-none-eabi-7-2018-q2-update/bin/../lib/gcc/arm-none-eabi/7.3.1/../../../../arm-none-eabi/lib/thumb/v7e-m/fpv4-sp/hard/libc_nano.a(lib_a-memchr.o)
                0x00000000080001e0                memchr
 .text          0x0000000008000280      0x378 /usr/local/gcc-arm-none-eabi-7-2018-q2-update/bin/../lib/gcc/arm-none-eabi/7.3.1/thumb/v7e-m/fpv4-sp/hard/libgcc.a(_arm_addsubdf3.o)
                0x0000000008000280                __aeabi_drsub
                0x0000000008000288                __subdf3
                0x0000000008000288                __aeabi_dsub
                0x000000000800028c                __aeabi_dadd
                0x000000000800028c                __adddf3
                0x0000000008000504                __aeabi_ui2d
                0x0000000008000504                __floatunsidf
                0x0000000008000524                __floatsidf
                0x0000000008000524                __aeabi_i2d
                0x0000000008000548                __extendsfdf2
                0x0000000008000548                __aeabi_f2d
                0x000000000800058c                __aeabi_ul2d
                0x000000000800058c                __floatundidf
                0x000000000800059c                __aeabi_l2d
                0x000000000800059c                __floatdidf
 .text          0x00000000080005f8      0x424 /usr/local/gcc-arm-none-eabi-7-2018-q2-update/bin/../lib/gcc/arm-none-eabi/7.3.1/thumb/v7e-m/fpv4-sp/hard/libgcc.a(_arm_muldivdf3.o)
                0x00000000080005f8                __aeabi_dmul
                0x00000000080005f8                __muldf3
                0x000000000800084c                __aeabi_ddiv
                0x000000000800084c                __divdf3
 .text          0x0000000008000a1c      0x110 /usr/local/gcc-arm-none-eabi-7-2018-q2-update/bin/../lib/gcc/arm-none-eabi/7.3.1/thumb/v7e-m/fpv4-sp/hard/libgcc.a(_arm_cmpdf2.o)
                0x0000000008000a1c                __gedf2
                0x0000000008000a1c                __gtdf2
                0x0000000008000a24                __ledf2
                0x0000000008000a24                __ltdf2
                0x0000000008000a2c                __cmpdf2
                0x0000000008000a2c                __eqdf2
                0x0000000008000a2c                __nedf2
                0x0000000008000aa8                __aeabi_cdrcmple
                0x0000000008000ab8                __aeabi_cdcmple
                0x0000000008000ab8                __aeabi_cdcmpeq
                0x0000000008000ac8                __aeabi_dcmpeq
                0x0000000008000adc                __aeabi_dcmplt
                0x0000000008000af0                __aeabi_dcmple
                0x0000000008000b04                __aeabi_dcmpge
                0x0000000008000b18                __aeabi_dcmpgt
 .text          0x0000000008000b2c       0x2c /usr/local/gcc-arm-none-eabi-7-2018-q2-update/bin/../lib/gcc/arm-none-eabi/7.3.1/thumb/v7e-m/fpv4-sp/hard/libgcc.a(_arm_unorddf2.o)
                0x0000000008000b2c                __aeabi_dcmpun
                0x0000000008000b2c                __unorddf2
 .text          0x0000000008000b58       0x50 /usr/local/gcc-arm-none-eabi-7-2018-q2-update/bin/../lib/gcc/arm-none-eabi/7.3.1/thumb/v7e-m/fpv4-sp/hard/libgcc.a(_arm_fixdfsi.o)
                0x0000000008000b58                __fixdfsi
                0x0000000008000b58                __aeabi_d2iz
 .text          0x0000000008000ba8       0x40 /usr/local/gcc-arm-none-eabi-7-2018-q2-update/bin/../lib/gcc/arm-none-eabi/7.3.1/thumb/v7e-m/fpv4-sp/hard/libgcc.a(_arm_fixunsdfsi.o)
                0x0000000008000ba8                __fixunsdfsi
                0x0000000008000ba8                __aeabi_d2uiz
 *(.text*)
 .text.StrLength
                0x0000000008000be8       0x1c build/basic.o
                0x0000000008000be8                StrLength
 .text.delay_us
                0x0000000008000c04       0x24 build/basic.o
                0x0000000008000c04                delay_us
 .text.draw_CircularMeter_Init
                0x0000000008000c28       0xa8 build/drawCircularMeter.o
                0x0000000008000c28                draw_CircularMeter_Init
 .text.draw_CircularMeter
                0x0000000008000cd0      0x364 build/drawCircularMeter.o
                0x0000000008000cd0                draw_CircularMeter
 .text.draw_BarGraph
                0x0000000008001034      0x114 build/draw_BarGraph.o
                0x0000000008001034                draw_BarGraph
 .text.draw_IndicatorBox
                0x0000000008001148       0xa4 build/draw_IndicatorBox.o
                0x0000000008001148                draw_IndicatorBox
 .text.draw_MeasLabelUnit
                0x00000000080011ec       0x5c build/draw_Value.o
                0x00000000080011ec                draw_MeasLabelUnit
 .text.draw_MeasUnit
                0x0000000008001248       0x40 build/draw_Value.o
                0x0000000008001248                draw_MeasUnit
 .text.draw_Value
                0x0000000008001288      0x220 build/draw_Value.o
                0x0000000008001288                draw_Value
 .text.draw_Value_xs
                0x00000000080014a8      0x220 build/draw_Value.o
                0x00000000080014a8                draw_Value_xs
 .text.draw_Wave_axis
                0x00000000080016c8      0x140 build/draw_Wave.o
                0x00000000080016c8                draw_Wave_axis
 .text.draw_Wave
                0x0000000008001808      0x14c build/draw_Wave.o
                0x0000000008001808                draw_Wave
 .text.u8g2_DrawHXBM
                0x0000000008001954       0x88 build/u8g2_bitmap.o
                0x0000000008001954                u8g2_DrawHXBM
 .text.u8g2_DrawXBM
                0x00000000080019dc       0x54 build/u8g2_bitmap.o
                0x00000000080019dc                u8g2_DrawXBM
 .text.u8g2_DrawXBMP
                0x0000000008001a30       0x10 build/u8g2_bitmap.o
                0x0000000008001a30                u8g2_DrawXBMP
 .text.u8g2_DrawBox
                0x0000000008001a40       0x4c build/u8g2_box.o
                0x0000000008001a40                u8g2_DrawBox
 .text.u8g2_DrawFrame
                0x0000000008001a8c       0x7c build/u8g2_box.o
                0x0000000008001a8c                u8g2_DrawFrame
 .text.u8g2_DrawRBox
                0x0000000008001b08       0xe8 build/u8g2_box.o
                0x0000000008001b08                u8g2_DrawRBox
 .text.u8g2_DrawRFrame
                0x0000000008001bf0      0x100 build/u8g2_box.o
                0x0000000008001bf0                u8g2_DrawRFrame
 .text.u8g2_send_buffer
                0x0000000008001cf0       0x58 build/u8g2_buffer.o
 .text.u8g2_ClearBuffer
                0x0000000008001d48       0x18 build/u8g2_buffer.o
                0x0000000008001d48                u8g2_ClearBuffer
 .text.u8g2_SendBuffer
                0x0000000008001d60       0x14 build/u8g2_buffer.o
                0x0000000008001d60                u8g2_SendBuffer
 .text.u8g2_SetBufferCurrTileRow
                0x0000000008001d74        0xc build/u8g2_buffer.o
                0x0000000008001d74                u8g2_SetBufferCurrTileRow
 .text.u8g2_FirstPage
                0x0000000008001d80       0x2c build/u8g2_buffer.o
                0x0000000008001d80                u8g2_FirstPage
 .text.u8g2_NextPage
                0x0000000008001dac       0x54 build/u8g2_buffer.o
                0x0000000008001dac                u8g2_NextPage
 .text.u8g2_draw_circle_section
                0x0000000008001e00       0xb0 build/u8g2_circle.o
 .text.u8g2_draw_disc_section
                0x0000000008001eb0       0xc0 build/u8g2_circle.o
 .text.u8g2_DrawCircle
                0x0000000008001f70       0x98 build/u8g2_circle.o
                0x0000000008001f70                u8g2_DrawCircle
 .text.u8g2_DrawDisc
                0x0000000008002008       0x98 build/u8g2_circle.o
                0x0000000008002008                u8g2_DrawDisc
 .text.u8g2_ClearDisplay
                0x00000000080020a0       0x20 build/u8g2_cleardisplay.o
                0x00000000080020a0                u8g2_ClearDisplay
 .text.u8g2_m_16_8_f
                0x00000000080020c0        0xc build/u8g2_d_memory.o
                0x00000000080020c0                u8g2_m_16_8_f
 .text.u8g2_Setup_ssd1309_128x64_noname2_f
                0x00000000080020cc       0x3c build/u8g2_d_setup.o
                0x00000000080020cc                u8g2_Setup_ssd1309_128x64_noname2_f
 .text.u8g2_font_get_word
                0x0000000008002108       0x10 build/u8g2_font.o
 .text.u8g2_add_vector_y
                0x0000000008002118       0x24 build/u8g2_font.o
 .text.u8g2_add_vector_x
                0x000000000800213c       0x24 build/u8g2_font.o
 .text.u8g2_font_setup_decode
                0x0000000008002160       0x8c build/u8g2_font.o
 .text.u8g2_font_calc_vref_font
                0x00000000080021ec        0x4 build/u8g2_font.o
                0x00000000080021ec                u8g2_font_calc_vref_font
 .text.u8g2_read_font_info
                0x00000000080021f0       0x6c build/u8g2_font.o
                0x00000000080021f0                u8g2_read_font_info
 .text.u8g2_font_decode_get_signed_bits
                0x000000000800225c       0x50 build/u8g2_font.o
                0x000000000800225c                u8g2_font_decode_get_signed_bits
 .text.u8g2_font_decode_len
                0x00000000080022ac       0xac build/u8g2_font.o
                0x00000000080022ac                u8g2_font_decode_len
 .text.u8g2_font_decode_glyph
                0x0000000008002358      0x1e4 build/u8g2_font.o
                0x0000000008002358                u8g2_font_decode_glyph
 .text.u8g2_font_get_glyph_data
                0x000000000800253c       0x60 build/u8g2_font.o
                0x000000000800253c                u8g2_font_get_glyph_data
 .text.u8g2_SetFontMode
                0x000000000800259c        0x8 build/u8g2_font.o
                0x000000000800259c                u8g2_SetFontMode
 .text.u8g2_DrawGlyph
                0x00000000080025a4       0x64 build/u8g2_font.o
                0x00000000080025a4                u8g2_DrawGlyph
 .text.u8g2_draw_string
                0x0000000008002608       0x78 build/u8g2_font.o
 .text.u8g2_DrawStr
                0x0000000008002680       0x14 build/u8g2_font.o
                0x0000000008002680                u8g2_DrawStr
 .text.u8g2_UpdateRefHeight
                0x0000000008002694       0x5c build/u8g2_font.o
                0x0000000008002694                u8g2_UpdateRefHeight
 .text.u8g2_SetFontPosBaseline
                0x00000000080026f0        0xc build/u8g2_font.o
                0x00000000080026f0                u8g2_SetFontPosBaseline
 .text.u8g2_SetFont
                0x00000000080026fc       0x20 build/u8g2_font.o
                0x00000000080026fc                u8g2_SetFont
 .text.u8g2_draw_hv_line_4dir
                0x000000000800271c       0xcc build/u8g2_hvline.o
                0x000000000800271c                u8g2_draw_hv_line_4dir
 .text.u8g2_DrawHVLine
                0x00000000080027e8       0x18 build/u8g2_hvline.o
                0x00000000080027e8                u8g2_DrawHVLine
 .text.u8g2_DrawHLine
                0x0000000008002800       0x34 build/u8g2_hvline.o
                0x0000000008002800                u8g2_DrawHLine
 .text.u8g2_DrawVLine
                0x0000000008002834       0x34 build/u8g2_hvline.o
                0x0000000008002834                u8g2_DrawVLine
 .text.u8g2_DrawPixel
                0x0000000008002868       0x34 build/u8g2_hvline.o
                0x0000000008002868                u8g2_DrawPixel
 .text.u8g2_SetDrawColor
                0x000000000800289c       0x10 build/u8g2_hvline.o
                0x000000000800289c                u8g2_SetDrawColor
 .text.u8g2_IsIntersection
                0x00000000080028ac       0x54 build/u8g2_intersection.o
                0x00000000080028ac                u8g2_IsIntersection
 .text.u8g2_DrawLine
                0x0000000008002900       0xf4 build/u8g2_line.o
                0x0000000008002900                u8g2_DrawLine
 .text.u8g2_ll_hvline_vertical_top_lsb
                0x00000000080029f4       0x9c build/u8g2_ll_hvline.o
                0x00000000080029f4                u8g2_ll_hvline_vertical_top_lsb
 .text.u8g2_update_dimension_common
                0x0000000008002a90       0x5c build/u8g2_setup.o
 .text.u8g2_update_dimension_r0
                0x0000000008002aec       0x28 build/u8g2_setup.o
                0x0000000008002aec                u8g2_update_dimension_r0
 .text.u8g2_draw_l90_r0
                0x0000000008002b14       0x10 build/u8g2_setup.o
                0x0000000008002b14                u8g2_draw_l90_r0
 .text.u8g2_SetupBuffer
                0x0000000008002b24       0x3c build/u8g2_setup.o
                0x0000000008002b24                u8g2_SetupBuffer
 .text.u8x8_ascii_next
                0x0000000008002b60       0x10 build/u8x8_8x8.o
                0x0000000008002b60                u8x8_ascii_next
 .text.u8x8_utf8_init
                0x0000000008002b70        0x8 build/u8x8_8x8.o
                0x0000000008002b70                u8x8_utf8_init
 .text.u8x8_byte_SetDC
                0x0000000008002b78       0x14 build/u8x8_byte.o
                0x0000000008002b78                u8x8_byte_SetDC
 .text.u8x8_byte_SendBytes
                0x0000000008002b8c       0x14 build/u8x8_byte.o
                0x0000000008002b8c                u8x8_byte_SendBytes
 .text.u8x8_byte_SendByte
                0x0000000008002ba0       0x18 build/u8x8_byte.o
                0x0000000008002ba0                u8x8_byte_SendByte
 .text.u8x8_byte_4wire_hw_spi
                0x0000000008002bb8       0x88 build/u8x8_byte_4wire_hw_spi.o
                0x0000000008002bb8                u8x8_byte_4wire_hw_spi
 .text.u8x8_cad_SendCmd
                0x0000000008002c40       0x14 build/u8x8_cad.o
                0x0000000008002c40                u8x8_cad_SendCmd
 .text.u8x8_cad_SendArg
                0x0000000008002c54       0x14 build/u8x8_cad.o
                0x0000000008002c54                u8x8_cad_SendArg
 .text.u8x8_cad_SendData
                0x0000000008002c68       0x14 build/u8x8_cad.o
                0x0000000008002c68                u8x8_cad_SendData
 .text.u8x8_cad_StartTransfer
                0x0000000008002c7c       0x14 build/u8x8_cad.o
                0x0000000008002c7c                u8x8_cad_StartTransfer
 .text.u8x8_cad_EndTransfer
                0x0000000008002c90       0x14 build/u8x8_cad.o
                0x0000000008002c90                u8x8_cad_EndTransfer
 .text.u8x8_cad_SendSequence
                0x0000000008002ca4       0x74 build/u8x8_cad.o
                0x0000000008002ca4                u8x8_cad_SendSequence
 .text.u8x8_cad_001
                0x0000000008002d18       0x50 build/u8x8_cad.o
                0x0000000008002d18                u8x8_cad_001
 .text.u8x8_d_ssd1309_generic
                0x0000000008002d68       0xac build/u8x8_d_ssd1309.o
 .text.u8x8_d_ssd1309_128x64_noname2
                0x0000000008002e14       0x74 build/u8x8_d_ssd1309.o
                0x0000000008002e14                u8x8_d_ssd1309_128x64_noname2
 .text.u8x8_d_helper_display_setup_memory
                0x0000000008002e88        0x8 build/u8x8_display.o
                0x0000000008002e88                u8x8_d_helper_display_setup_memory
 .text.u8x8_d_helper_display_init
                0x0000000008002e90       0x60 build/u8x8_display.o
                0x0000000008002e90                u8x8_d_helper_display_init
 .text.u8x8_DrawTile
                0x0000000008002ef0       0x28 build/u8x8_display.o
                0x0000000008002ef0                u8x8_DrawTile
 .text.u8x8_SetupMemory
                0x0000000008002f18       0x14 build/u8x8_display.o
                0x0000000008002f18                u8x8_SetupMemory
 .text.u8x8_InitDisplay
                0x0000000008002f2c       0x14 build/u8x8_display.o
                0x0000000008002f2c                u8x8_InitDisplay
 .text.u8x8_SetPowerSave
                0x0000000008002f40       0x14 build/u8x8_display.o
                0x0000000008002f40                u8x8_SetPowerSave
 .text.u8x8_SetContrast
                0x0000000008002f54       0x14 build/u8x8_display.o
                0x0000000008002f54                u8x8_SetContrast
 .text.u8x8_RefreshDisplay
                0x0000000008002f68       0x14 build/u8x8_display.o
                0x0000000008002f68                u8x8_RefreshDisplay
 .text.u8x8_gpio_call
                0x0000000008002f7c       0x10 build/u8x8_gpio.o
                0x0000000008002f7c                u8x8_gpio_call
 .text.u8x8_gpio_and_delay_STM32F303
                0x0000000008002f8c       0x88 build/u8x8_gpio_STM32F303.o
                0x0000000008002f8c                u8x8_gpio_and_delay_STM32F303
 .text.u8x8_Setup
                0x0000000008003014       0x24 build/u8x8_setup.o
                0x0000000008003014                u8x8_Setup
 .text.u8x8_u16toa
                0x0000000008003038       0x4c build/u8x8_u16toa.o
                0x0000000008003038                u8x8_u16toa
 .text.USART_puts
                0x0000000008003084       0x1c build/usart_transmit_printf.o
                0x0000000008003084                USART_puts
 .text.HAL_UART_Transmit_printf
                0x00000000080030a0       0x44 build/usart_transmit_printf.o
                0x00000000080030a0                HAL_UART_Transmit_printf
 .text.MX_ADC1_Init
                0x00000000080030e4       0xac build/adc.o
                0x00000000080030e4                MX_ADC1_Init
 .text.HAL_ADC_MspInit
                0x0000000008003190       0x9c build/adc.o
                0x0000000008003190                HAL_ADC_MspInit
 .text.MX_CAN_Init
                0x000000000800322c       0x3c build/can.o
                0x000000000800322c                MX_CAN_Init
 .text.HAL_CAN_MspInit
                0x0000000008003268       0x6c build/can.o
                0x0000000008003268                HAL_CAN_MspInit
 .text.HAL_UART_RxCpltCallback
                0x00000000080032d4       0x40 build/defi_decoder.o
                0x00000000080032d4                HAL_UART_RxCpltCallback
 .text.defi_decoder
                0x0000000008003314      0x188 build/defi_decoder.o
                0x0000000008003314                defi_decoder
 .text.MX_DMA_Init
                0x000000000800349c       0x34 build/dma.o
                0x000000000800349c                MX_DMA_Init
 .text.MX_GPIO_Init
                0x00000000080034d0       0xec build/gpio.o
                0x00000000080034d0                MX_GPIO_Init
 .text.MX_I2C1_Init
                0x00000000080035bc       0x5c build/i2c.o
                0x00000000080035bc                MX_I2C1_Init
 .text.HAL_I2C_MspInit
                0x0000000008003618       0x70 build/i2c.o
                0x0000000008003618                HAL_I2C_MspInit
 .text.ADXL345_RegRead_1byte
                0x0000000008003688       0x38 build/main.o
                0x0000000008003688                ADXL345_RegRead_1byte
 .text.draw_indicators
                0x00000000080036c0       0x40 build/main.o
                0x00000000080036c0                draw_indicators
 .text.draw_MeasLabels
                0x0000000008003700       0xe4 build/main.o
                0x0000000008003700                draw_MeasLabels
 .text.HAL_ADC_ConvCpltCallback
                0x00000000080037e4       0x20 build/main.o
                0x00000000080037e4                HAL_ADC_ConvCpltCallback
 .text.SystemClock_Config
                0x0000000008003804       0x88 build/main.o
                0x0000000008003804                SystemClock_Config
 .text.startup.main
                0x000000000800388c      0xd7c build/main.o
                0x000000000800388c                main
 .text.Error_Handler
                0x0000000008004608        0x4 build/main.o
                0x0000000008004608                Error_Handler
 .text.tacho_overflow
                0x000000000800460c       0x24 build/pulse_counter.o
                0x000000000800460c                tacho_overflow
 .text.tacho    0x0000000008004630       0x74 build/pulse_counter.o
                0x0000000008004630                tacho
 .text.MX_SPI1_Init
                0x00000000080046a4       0x50 build/spi.o
                0x00000000080046a4                MX_SPI1_Init
 .text.HAL_SPI_MspInit
                0x00000000080046f4       0x6c build/spi.o
                0x00000000080046f4                HAL_SPI_MspInit
 .text.HAL_MspInit
                0x0000000008004760       0x30 build/stm32f3xx_hal_msp.o
                0x0000000008004760                HAL_MspInit
 .text.SysTick_Handler
                0x0000000008004790        0x4 build/stm32f3xx_it.o
                0x0000000008004790                SysTick_Handler
 .text.EXTI1_IRQHandler
                0x0000000008004794       0x24 build/stm32f3xx_it.o
                0x0000000008004794                EXTI1_IRQHandler
 .text.EXTI4_IRQHandler
                0x00000000080047b8       0x20 build/stm32f3xx_it.o
                0x00000000080047b8                EXTI4_IRQHandler
 .text.DMA1_Channel1_IRQHandler
                0x00000000080047d8        0xc build/stm32f3xx_it.o
                0x00000000080047d8                DMA1_Channel1_IRQHandler
 .text.EXTI9_5_IRQHandler
                0x00000000080047e4       0x40 build/stm32f3xx_it.o
                0x00000000080047e4                EXTI9_5_IRQHandler
 .text.TIM1_UP_TIM16_IRQHandler
                0x0000000008004824        0xc build/stm32f3xx_it.o
                0x0000000008004824                TIM1_UP_TIM16_IRQHandler
 .text.TIM2_IRQHandler
                0x0000000008004830       0x20 build/stm32f3xx_it.o
                0x0000000008004830                TIM2_IRQHandler
 .text.TIM3_IRQHandler
                0x0000000008004850       0x14 build/stm32f3xx_it.o
                0x0000000008004850                TIM3_IRQHandler
 .text.USART1_IRQHandler
                0x0000000008004864        0xc build/stm32f3xx_it.o
                0x0000000008004864                USART1_IRQHandler
 .text.USART2_IRQHandler
                0x0000000008004870        0xc build/stm32f3xx_it.o
                0x0000000008004870                USART2_IRQHandler
 .text.TIM6_DAC1_IRQHandler
                0x000000000800487c       0x1c build/stm32f3xx_it.o
                0x000000000800487c                TIM6_DAC1_IRQHandler
 .text.SystemInit
                0x0000000008004898       0x70 build/system_stm32f3xx.o
                0x0000000008004898                SystemInit
 .text.MX_TIM2_Init
                0x0000000008004908       0xa8 build/tim.o
                0x0000000008004908                MX_TIM2_Init
 .text.MX_TIM3_Init
                0x00000000080049b0       0xac build/tim.o
                0x00000000080049b0                MX_TIM3_Init
 .text.MX_TIM6_Init
                0x0000000008004a5c       0x50 build/tim.o
                0x0000000008004a5c                MX_TIM6_Init
 .text.HAL_TIM_Base_MspInit
                0x0000000008004aac       0xe0 build/tim.o
                0x0000000008004aac                HAL_TIM_Base_MspInit
 .text.HAL_TIM_MspPostInit
                0x0000000008004b8c       0x58 build/tim.o
                0x0000000008004b8c                HAL_TIM_MspPostInit
 .text.MX_TIM1_Init
                0x0000000008004be4       0xfc build/tim.o
                0x0000000008004be4                MX_TIM1_Init
 .text.MX_USART1_UART_Init
                0x0000000008004ce0       0x44 build/usart.o
                0x0000000008004ce0                MX_USART1_UART_Init
 .text.MX_USART2_UART_Init
                0x0000000008004d24       0x44 build/usart.o
                0x0000000008004d24                MX_USART2_UART_Init
 .text.HAL_UART_MspInit
                0x0000000008004d68       0xdc build/usart.o
                0x0000000008004d68                HAL_UART_MspInit
 .text.HAL_InitTick
                0x0000000008004e44       0x48 build/stm32f3xx_hal.o
                0x0000000008004e44                HAL_InitTick
 .text.HAL_Init
                0x0000000008004e8c       0x24 build/stm32f3xx_hal.o
                0x0000000008004e8c                HAL_Init
 .text.HAL_IncTick
                0x0000000008004eb0       0x18 build/stm32f3xx_hal.o
                0x0000000008004eb0                HAL_IncTick
 .text.HAL_GetTick
                0x0000000008004ec8        0xc build/stm32f3xx_hal.o
                0x0000000008004ec8                HAL_GetTick
 .text.HAL_Delay
                0x0000000008004ed4       0x24 build/stm32f3xx_hal.o
                0x0000000008004ed4                HAL_Delay
 .text.HAL_ADC_ConvHalfCpltCallback
                0x0000000008004ef8        0x4 build/stm32f3xx_hal_adc.o
                0x0000000008004ef8                HAL_ADC_ConvHalfCpltCallback
 .text.HAL_ADC_ErrorCallback
                0x0000000008004efc        0x4 build/stm32f3xx_hal_adc.o
                0x0000000008004efc                HAL_ADC_ErrorCallback
 .text.ADC_DMAError
                0x0000000008004f00       0x18 build/stm32f3xx_hal_adc_ex.o
 .text.ADC_DMAHalfConvCplt
                0x0000000008004f18        0x8 build/stm32f3xx_hal_adc_ex.o
 .text.ADC_DMAConvCplt
                0x0000000008004f20       0x44 build/stm32f3xx_hal_adc_ex.o
 .text.ADC_Disable
                0x0000000008004f64       0x74 build/stm32f3xx_hal_adc_ex.o
 .text.ADC_Enable
                0x0000000008004fd8       0x74 build/stm32f3xx_hal_adc_ex.o
 .text.HAL_ADC_Init
                0x000000000800504c      0x21c build/stm32f3xx_hal_adc_ex.o
                0x000000000800504c                HAL_ADC_Init
 .text.HAL_ADC_Start_DMA
                0x0000000008005268      0x10c build/stm32f3xx_hal_adc_ex.o
                0x0000000008005268                HAL_ADC_Start_DMA
 .text.HAL_ADC_ConfigChannel
                0x0000000008005374      0x314 build/stm32f3xx_hal_adc_ex.o
                0x0000000008005374                HAL_ADC_ConfigChannel
 .text.HAL_ADCEx_MultiModeConfigChannel
                0x0000000008005688       0xe4 build/stm32f3xx_hal_adc_ex.o
                0x0000000008005688                HAL_ADCEx_MultiModeConfigChannel
 .text.HAL_CAN_Init
                0x000000000800576c      0x104 build/stm32f3xx_hal_can.o
                0x000000000800576c                HAL_CAN_Init
 .text.HAL_NVIC_SetPriorityGrouping
                0x0000000008005870       0x24 build/stm32f3xx_hal_cortex.o
                0x0000000008005870                HAL_NVIC_SetPriorityGrouping
 .text.HAL_NVIC_SetPriority
                0x0000000008005894       0x6c build/stm32f3xx_hal_cortex.o
                0x0000000008005894                HAL_NVIC_SetPriority
 .text.HAL_NVIC_EnableIRQ
                0x0000000008005900       0x1c build/stm32f3xx_hal_cortex.o
                0x0000000008005900                HAL_NVIC_EnableIRQ
 .text.HAL_NVIC_DisableIRQ
                0x000000000800591c       0x28 build/stm32f3xx_hal_cortex.o
                0x000000000800591c                HAL_NVIC_DisableIRQ
 .text.HAL_SYSTICK_Config
                0x0000000008005944       0x34 build/stm32f3xx_hal_cortex.o
                0x0000000008005944                HAL_SYSTICK_Config
 .text.HAL_DMA_Init
                0x0000000008005978       0x68 build/stm32f3xx_hal_dma.o
                0x0000000008005978                HAL_DMA_Init
 .text.HAL_DMA_Start_IT
                0x00000000080059e0       0x80 build/stm32f3xx_hal_dma.o
                0x00000000080059e0                HAL_DMA_Start_IT
 .text.HAL_DMA_Abort_IT
                0x0000000008005a60       0x48 build/stm32f3xx_hal_dma.o
                0x0000000008005a60                HAL_DMA_Abort_IT
 .text.HAL_DMA_IRQHandler
                0x0000000008005aa8       0x9c build/stm32f3xx_hal_dma.o
                0x0000000008005aa8                HAL_DMA_IRQHandler
 .text.HAL_GPIO_Init
                0x0000000008005b44      0x1a4 build/stm32f3xx_hal_gpio.o
                0x0000000008005b44                HAL_GPIO_Init
 .text.HAL_GPIO_ReadPin
                0x0000000008005ce8        0xc build/stm32f3xx_hal_gpio.o
                0x0000000008005ce8                HAL_GPIO_ReadPin
 .text.HAL_GPIO_WritePin
                0x0000000008005cf4        0xc build/stm32f3xx_hal_gpio.o
                0x0000000008005cf4                HAL_GPIO_WritePin
 .text.HAL_GPIO_EXTI_Callback
                0x0000000008005d00        0x4 build/stm32f3xx_hal_gpio.o
                0x0000000008005d00                HAL_GPIO_EXTI_Callback
 .text.HAL_GPIO_EXTI_IRQHandler
                0x0000000008005d04       0x18 build/stm32f3xx_hal_gpio.o
                0x0000000008005d04                HAL_GPIO_EXTI_IRQHandler
 .text.I2C_IsAcknowledgeFailed.part.1
                0x0000000008005d1c       0x78 build/stm32f3xx_hal_i2c.o
 .text.I2C_WaitOnRXNEFlagUntilTimeout
                0x0000000008005d94       0x8c build/stm32f3xx_hal_i2c.o
 .text.I2C_WaitOnTXISFlagUntilTimeout
                0x0000000008005e20       0x5c build/stm32f3xx_hal_i2c.o
 .text.I2C_WaitOnSTOPFlagUntilTimeout
                0x0000000008005e7c       0x54 build/stm32f3xx_hal_i2c.o
 .text.I2C_WaitOnFlagUntilTimeout
                0x0000000008005ed0       0x5c build/stm32f3xx_hal_i2c.o
 .text.HAL_I2C_Init
                0x0000000008005f2c       0xa8 build/stm32f3xx_hal_i2c.o
                0x0000000008005f2c                HAL_I2C_Init
 .text.HAL_I2C_Master_Transmit
                0x0000000008005fd4      0x168 build/stm32f3xx_hal_i2c.o
                0x0000000008005fd4                HAL_I2C_Master_Transmit
 .text.HAL_I2C_Master_Receive
                0x000000000800613c      0x16c build/stm32f3xx_hal_i2c.o
                0x000000000800613c                HAL_I2C_Master_Receive
 .text.HAL_I2CEx_ConfigAnalogFilter
                0x00000000080062a8       0x54 build/stm32f3xx_hal_i2c_ex.o
                0x00000000080062a8                HAL_I2CEx_ConfigAnalogFilter
 .text.HAL_I2CEx_ConfigDigitalFilter
                0x00000000080062fc       0x50 build/stm32f3xx_hal_i2c_ex.o
                0x00000000080062fc                HAL_I2CEx_ConfigDigitalFilter
 .text.HAL_RCC_OscConfig
                0x000000000800634c      0x5c0 build/stm32f3xx_hal_rcc.o
                0x000000000800634c                HAL_RCC_OscConfig
 .text.HAL_RCC_GetSysClockFreq
                0x000000000800690c       0x68 build/stm32f3xx_hal_rcc.o
                0x000000000800690c                HAL_RCC_GetSysClockFreq
 .text.HAL_RCC_ClockConfig
                0x0000000008006974      0x164 build/stm32f3xx_hal_rcc.o
                0x0000000008006974                HAL_RCC_ClockConfig
 .text.HAL_RCC_GetPCLK1Freq
                0x0000000008006ad8       0x30 build/stm32f3xx_hal_rcc.o
                0x0000000008006ad8                HAL_RCC_GetPCLK1Freq
 .text.HAL_RCC_GetPCLK2Freq
                0x0000000008006b08       0x30 build/stm32f3xx_hal_rcc.o
                0x0000000008006b08                HAL_RCC_GetPCLK2Freq
 .text.HAL_RCCEx_PeriphCLKConfig
                0x0000000008006b38      0x170 build/stm32f3xx_hal_rcc_ex.o
                0x0000000008006b38                HAL_RCCEx_PeriphCLKConfig
 .text.SPI_WaitFlagStateUntilTimeout.part.0
                0x0000000008006ca8       0x54 build/stm32f3xx_hal_spi.o
 .text.SPI_WaitFlagStateUntilTimeout.constprop.9
                0x0000000008006cfc       0x30 build/stm32f3xx_hal_spi.o
 .text.SPI_WaitFifoStateUntilTimeout.constprop.10
                0x0000000008006d2c       0x38 build/stm32f3xx_hal_spi.o
 .text.SPI_EndRxTxTransaction
                0x0000000008006d64       0x40 build/stm32f3xx_hal_spi.o
 .text.HAL_SPI_Init
                0x0000000008006da4       0xd0 build/stm32f3xx_hal_spi.o
                0x0000000008006da4                HAL_SPI_Init
 .text.HAL_SPI_Transmit
                0x0000000008006e74      0x1a4 build/stm32f3xx_hal_spi.o
                0x0000000008006e74                HAL_SPI_Transmit
 .text.TIM_OC1_SetConfig
                0x0000000008007018       0x70 build/stm32f3xx_hal_tim.o
 .text.TIM_OC3_SetConfig
                0x0000000008007088       0x7c build/stm32f3xx_hal_tim.o
 .text.TIM_OC4_SetConfig
                0x0000000008007104       0x64 build/stm32f3xx_hal_tim.o
 .text.TIM_OC5_SetConfig
                0x0000000008007168       0x64 build/stm32f3xx_hal_tim.o
 .text.TIM_OC6_SetConfig
                0x00000000080071cc       0x64 build/stm32f3xx_hal_tim.o
 .text.HAL_TIM_Base_Start_IT
                0x0000000008007230       0x2c build/stm32f3xx_hal_tim.o
                0x0000000008007230                HAL_TIM_Base_Start_IT
 .text.HAL_TIM_OC_MspInit
                0x000000000800725c        0x4 build/stm32f3xx_hal_tim.o
                0x000000000800725c                HAL_TIM_OC_MspInit
 .text.HAL_TIM_OC_Start
                0x0000000008007260       0x6c build/stm32f3xx_hal_tim.o
                0x0000000008007260                HAL_TIM_OC_Start
 .text.HAL_TIM_PWM_MspInit
                0x00000000080072cc        0x4 build/stm32f3xx_hal_tim.o
                0x00000000080072cc                HAL_TIM_PWM_MspInit
 .text.HAL_TIM_PWM_Start
                0x00000000080072d0        0x4 build/stm32f3xx_hal_tim.o
                0x00000000080072d0                HAL_TIM_PWM_Start
 .text.HAL_TIM_ConfigClockSource
                0x00000000080072d4      0x150 build/stm32f3xx_hal_tim.o
                0x00000000080072d4                HAL_TIM_ConfigClockSource
 .text.HAL_TIM_PeriodElapsedCallback
                0x0000000008007424        0x4 build/stm32f3xx_hal_tim.o
                0x0000000008007424                HAL_TIM_PeriodElapsedCallback
 .text.HAL_TIM_OC_DelayElapsedCallback
                0x0000000008007428        0x4 build/stm32f3xx_hal_tim.o
                0x0000000008007428                HAL_TIM_OC_DelayElapsedCallback
 .text.HAL_TIM_IC_CaptureCallback
                0x000000000800742c        0x4 build/stm32f3xx_hal_tim.o
                0x000000000800742c                HAL_TIM_IC_CaptureCallback
 .text.HAL_TIM_PWM_PulseFinishedCallback
                0x0000000008007430        0x4 build/stm32f3xx_hal_tim.o
                0x0000000008007430                HAL_TIM_PWM_PulseFinishedCallback
 .text.HAL_TIM_TriggerCallback
                0x0000000008007434        0x4 build/stm32f3xx_hal_tim.o
                0x0000000008007434                HAL_TIM_TriggerCallback
 .text.HAL_TIM_IRQHandler
                0x0000000008007438      0x170 build/stm32f3xx_hal_tim.o
                0x0000000008007438                HAL_TIM_IRQHandler
 .text.TIM_Base_SetConfig
                0x00000000080075a8       0xc8 build/stm32f3xx_hal_tim.o
                0x00000000080075a8                TIM_Base_SetConfig
 .text.HAL_TIM_Base_Init
                0x0000000008007670       0x38 build/stm32f3xx_hal_tim.o
                0x0000000008007670                HAL_TIM_Base_Init
 .text.HAL_TIM_OC_Init
                0x00000000080076a8       0x38 build/stm32f3xx_hal_tim.o
                0x00000000080076a8                HAL_TIM_OC_Init
 .text.HAL_TIM_PWM_Init
                0x00000000080076e0       0x38 build/stm32f3xx_hal_tim.o
                0x00000000080076e0                HAL_TIM_PWM_Init
 .text.TIM_OC2_SetConfig
                0x0000000008007718       0x7c build/stm32f3xx_hal_tim.o
                0x0000000008007718                TIM_OC2_SetConfig
 .text.HAL_TIM_OC_ConfigChannel
                0x0000000008007794       0x78 build/stm32f3xx_hal_tim.o
                0x0000000008007794                HAL_TIM_OC_ConfigChannel
 .text.HAL_TIM_PWM_ConfigChannel
                0x000000000800780c      0x164 build/stm32f3xx_hal_tim.o
                0x000000000800780c                HAL_TIM_PWM_ConfigChannel
 .text.HAL_TIMEx_MasterConfigSynchronization
                0x0000000008007970       0x7c build/stm32f3xx_hal_tim_ex.o
                0x0000000008007970                HAL_TIMEx_MasterConfigSynchronization
 .text.HAL_TIMEx_ConfigBreakDeadTime
                0x00000000080079ec       0x84 build/stm32f3xx_hal_tim_ex.o
                0x00000000080079ec                HAL_TIMEx_ConfigBreakDeadTime
 .text.HAL_TIMEx_CommutCallback
                0x0000000008007a70        0x4 build/stm32f3xx_hal_tim_ex.o
                0x0000000008007a70                HAL_TIMEx_CommutCallback
 .text.HAL_TIMEx_BreakCallback
                0x0000000008007a74        0x4 build/stm32f3xx_hal_tim_ex.o
                0x0000000008007a74                HAL_TIMEx_BreakCallback
 .text.HAL_TIMEx_Break2Callback
                0x0000000008007a78        0x4 build/stm32f3xx_hal_tim_ex.o
                0x0000000008007a78                HAL_TIMEx_Break2Callback
 .text.HAL_UART_Receive_IT
                0x0000000008007a7c       0xd4 build/stm32f3xx_hal_uart.o
                0x0000000008007a7c                HAL_UART_Receive_IT
 .text.HAL_UART_TxCpltCallback
                0x0000000008007b50        0x4 build/stm32f3xx_hal_uart.o
                0x0000000008007b50                HAL_UART_TxCpltCallback
 .text.UART_RxISR_8BIT
                0x0000000008007b54       0x5c build/stm32f3xx_hal_uart.o
 .text.UART_RxISR_16BIT
                0x0000000008007bb0       0x58 build/stm32f3xx_hal_uart.o
 .text.HAL_UART_ErrorCallback
                0x0000000008007c08        0x4 build/stm32f3xx_hal_uart.o
                0x0000000008007c08                HAL_UART_ErrorCallback
 .text.HAL_UART_IRQHandler
                0x0000000008007c0c      0x170 build/stm32f3xx_hal_uart.o
                0x0000000008007c0c                HAL_UART_IRQHandler
 .text.UART_DMAAbortOnError
                0x0000000008007d7c       0x18 build/stm32f3xx_hal_uart.o
 .text.UART_SetConfig
                0x0000000008007d94      0x1c0 build/stm32f3xx_hal_uart.o
                0x0000000008007d94                UART_SetConfig
 .text.UART_AdvFeatureConfig
                0x0000000008007f54       0xb0 build/stm32f3xx_hal_uart.o
                0x0000000008007f54                UART_AdvFeatureConfig
 .text.UART_WaitOnFlagUntilTimeout
                0x0000000008008004       0x9c build/stm32f3xx_hal_uart.o
                0x0000000008008004                UART_WaitOnFlagUntilTimeout
 .text.HAL_UART_Transmit
                0x00000000080080a0       0xc8 build/stm32f3xx_hal_uart.o
                0x00000000080080a0                HAL_UART_Transmit
 .text.UART_CheckIdleState
                0x0000000008008168       0x6c build/stm32f3xx_hal_uart.o
                0x0000000008008168                UART_CheckIdleState
 .text.HAL_UART_Init
                0x00000000080081d4       0x64 build/stm32f3xx_hal_uart.o
                0x00000000080081d4                HAL_UART_Init
 .text.HAL_UARTEx_WakeupCallback
                0x0000000008008238        0x4 build/stm32f3xx_hal_uart_ex.o
                0x0000000008008238                HAL_UARTEx_WakeupCallback
 .text.Reset_Handler
                0x000000000800823c       0x50 build/startup_stm32f303x8.o
                0x000000000800823c                Reset_Handler
 .text.Default_Handler
                0x000000000800828c        0x2 build/startup_stm32f303x8.o
                0x000000000800828c                TIM1_BRK_TIM15_IRQHandler
                0x000000000800828c                DebugMon_Handler
                0x000000000800828c                TIM1_CC_IRQHandler
                0x000000000800828c                HardFault_Handler
                0x000000000800828c                PVD_IRQHandler
                0x000000000800828c                TAMP_STAMP_IRQHandler
                0x000000000800828c                PendSV_Handler
                0x000000000800828c                NMI_Handler
                0x000000000800828c                EXTI3_IRQHandler
                0x000000000800828c                EXTI0_IRQHandler
                0x000000000800828c                FPU_IRQHandler
                0x000000000800828c                CAN_TX_IRQHandler
                0x000000000800828c                UsageFault_Handler
                0x000000000800828c                ADC1_2_IRQHandler
                0x000000000800828c                SPI1_IRQHandler
                0x000000000800828c                CAN_SCE_IRQHandler
                0x000000000800828c                DMA1_Channel4_IRQHandler
                0x000000000800828c                USART3_IRQHandler
                0x000000000800828c                DMA1_Channel7_IRQHandler
                0x000000000800828c                TIM7_DAC2_IRQHandler
                0x000000000800828c                CAN_RX1_IRQHandler
                0x000000000800828c                I2C1_EV_IRQHandler
                0x000000000800828c                DMA1_Channel6_IRQHandler
                0x000000000800828c                RCC_IRQHandler
                0x000000000800828c                Default_Handler
                0x000000000800828c                EXTI15_10_IRQHandler
                0x000000000800828c                COMP2_IRQHandler
                0x000000000800828c                RTC_WKUP_IRQHandler
                0x000000000800828c                MemManage_Handler
                0x000000000800828c                SVC_Handler
                0x000000000800828c                DMA1_Channel5_IRQHandler
                0x000000000800828c                TIM1_TRG_COM_TIM17_IRQHandler
                0x000000000800828c                DMA1_Channel3_IRQHandler
                0x000000000800828c                WWDG_IRQHandler
                0x000000000800828c                COMP4_6_IRQHandler
                0x000000000800828c                DMA1_Channel2_IRQHandler
                0x000000000800828c                FLASH_IRQHandler
                0x000000000800828c                BusFault_Handler
                0x000000000800828c                CAN_RX0_IRQHandler
                0x000000000800828c                I2C1_ER_IRQHandler
                0x000000000800828c                EXTI2_TSC_IRQHandler
                0x000000000800828c                RTC_Alarm_IRQHandler
 *fill*         0x000000000800828e        0x2 
 .text.__libc_init_array
                0x0000000008008290       0x48 /usr/local/gcc-arm-none-eabi-7-2018-q2-update/bin/../lib/gcc/arm-none-eabi/7.3.1/../../../../arm-none-eabi/lib/thumb/v7e-m/fpv4-sp/hard/libc_nano.a(lib_a-init.o)
                0x0000000008008290                __libc_init_array
 .text.malloc   0x00000000080082d8       0x10 /usr/local/gcc-arm-none-eabi-7-2018-q2-update/bin/../lib/gcc/arm-none-eabi/7.3.1/../../../../arm-none-eabi/lib/thumb/v7e-m/fpv4-sp/hard/libc_nano.a(lib_a-malloc.o)
                0x00000000080082d8                malloc
 .text.free     0x00000000080082e8       0x10 /usr/local/gcc-arm-none-eabi-7-2018-q2-update/bin/../lib/gcc/arm-none-eabi/7.3.1/../../../../arm-none-eabi/lib/thumb/v7e-m/fpv4-sp/hard/libc_nano.a(lib_a-malloc.o)
                0x00000000080082e8                free
 .text.memset   0x00000000080082f8       0x10 /usr/local/gcc-arm-none-eabi-7-2018-q2-update/bin/../lib/gcc/arm-none-eabi/7.3.1/../../../../arm-none-eabi/lib/thumb/v7e-m/fpv4-sp/hard/libc_nano.a(lib_a-memset.o)
                0x00000000080082f8                memset
 .text._free_r  0x0000000008008308       0x9c /usr/local/gcc-arm-none-eabi-7-2018-q2-update/bin/../lib/gcc/arm-none-eabi/7.3.1/../../../../arm-none-eabi/lib/thumb/v7e-m/fpv4-sp/hard/libc_nano.a(lib_a-nano-freer.o)
                0x0000000008008308                _free_r
 .text._malloc_r
                0x00000000080083a4       0xb4 /usr/local/gcc-arm-none-eabi-7-2018-q2-update/bin/../lib/gcc/arm-none-eabi/7.3.1/../../../../arm-none-eabi/lib/thumb/v7e-m/fpv4-sp/hard/libc_nano.a(lib_a-nano-mallocr.o)
                0x00000000080083a4                _malloc_r
 .text._sbrk_r  0x0000000008008458       0x20 /usr/local/gcc-arm-none-eabi-7-2018-q2-update/bin/../lib/gcc/arm-none-eabi/7.3.1/../../../../arm-none-eabi/lib/thumb/v7e-m/fpv4-sp/hard/libc_nano.a(lib_a-sbrkr.o)
                0x0000000008008458                _sbrk_r
 .text._vsnprintf_r
                0x0000000008008478       0x58 /usr/local/gcc-arm-none-eabi-7-2018-q2-update/bin/../lib/gcc/arm-none-eabi/7.3.1/../../../../arm-none-eabi/lib/thumb/v7e-m/fpv4-sp/hard/libc_nano.a(lib_a-vsnprintf.o)
                0x0000000008008478                _vsnprintf_r
                0x0000000008008478                _vsniprintf_r
 .text.vsnprintf
                0x00000000080084d0       0x1c /usr/local/gcc-arm-none-eabi-7-2018-q2-update/bin/../lib/gcc/arm-none-eabi/7.3.1/../../../../arm-none-eabi/lib/thumb/v7e-m/fpv4-sp/hard/libc_nano.a(lib_a-vsnprintf.o)
                0x00000000080084d0                vsnprintf
                0x00000000080084d0                vsniprintf
 .text._vsprintf_r
                0x00000000080084ec       0x2c /usr/local/gcc-arm-none-eabi-7-2018-q2-update/bin/../lib/gcc/arm-none-eabi/7.3.1/../../../../arm-none-eabi/lib/thumb/v7e-m/fpv4-sp/hard/libc_nano.a(lib_a-vsprintf.o)
                0x00000000080084ec                _vsiprintf_r
                0x00000000080084ec                _vsprintf_r
 .text.vsprintf
                0x0000000008008518       0x14 /usr/local/gcc-arm-none-eabi-7-2018-q2-update/bin/../lib/gcc/arm-none-eabi/7.3.1/../../../../arm-none-eabi/lib/thumb/v7e-m/fpv4-sp/hard/libc_nano.a(lib_a-vsprintf.o)
                0x0000000008008518                vsprintf
                0x0000000008008518                vsiprintf
 .text.__malloc_lock
                0x000000000800852c        0x2 /usr/local/gcc-arm-none-eabi-7-2018-q2-update/bin/../lib/gcc/arm-none-eabi/7.3.1/../../../../arm-none-eabi/lib/thumb/v7e-m/fpv4-sp/hard/libc_nano.a(lib_a-mlock.o)
                0x000000000800852c                __malloc_lock
 .text.__malloc_unlock
                0x000000000800852e        0x2 /usr/local/gcc-arm-none-eabi-7-2018-q2-update/bin/../lib/gcc/arm-none-eabi/7.3.1/../../../../arm-none-eabi/lib/thumb/v7e-m/fpv4-sp/hard/libc_nano.a(lib_a-mlock.o)
                0x000000000800852e                __malloc_unlock
 .text.__ssputs_r
                0x0000000008008530       0xb4 /usr/local/gcc-arm-none-eabi-7-2018-q2-update/bin/../lib/gcc/arm-none-eabi/7.3.1/../../../../arm-none-eabi/lib/thumb/v7e-m/fpv4-sp/hard/libc_nano.a(lib_a-nano-svfprintf.o)
                0x0000000008008530                __ssputs_r
 .text._svfprintf_r
                0x00000000080085e4      0x1f0 /usr/local/gcc-arm-none-eabi-7-2018-q2-update/bin/../lib/gcc/arm-none-eabi/7.3.1/../../../../arm-none-eabi/lib/thumb/v7e-m/fpv4-sp/hard/libc_nano.a(lib_a-nano-svfprintf.o)
                0x00000000080085e4                _svfprintf_r
                0x00000000080085e4                _svfiprintf_r
 .text._printf_common
                0x00000000080087d4       0xea /usr/local/gcc-arm-none-eabi-7-2018-q2-update/bin/../lib/gcc/arm-none-eabi/7.3.1/../../../../arm-none-eabi/lib/thumb/v7e-m/fpv4-sp/hard/libc_nano.a(lib_a-nano-vfprintf_i.o)
                0x00000000080087d4                _printf_common
 *fill*         0x00000000080088be        0x2 
 .text._printf_i
                0x00000000080088c0      0x224 /usr/local/gcc-arm-none-eabi-7-2018-q2-update/bin/../lib/gcc/arm-none-eabi/7.3.1/../../../../arm-none-eabi/lib/thumb/v7e-m/fpv4-sp/hard/libc_nano.a(lib_a-nano-vfprintf_i.o)
                0x00000000080088c0                _printf_i
 .text.memcpy   0x0000000008008ae4       0x16 /usr/local/gcc-arm-none-eabi-7-2018-q2-update/bin/../lib/gcc/arm-none-eabi/7.3.1/../../../../arm-none-eabi/lib/thumb/v7e-m/fpv4-sp/hard/libc_nano.a(lib_a-memcpy-stub.o)
                0x0000000008008ae4                memcpy
 .text.memmove  0x0000000008008afa       0x32 /usr/local/gcc-arm-none-eabi-7-2018-q2-update/bin/../lib/gcc/arm-none-eabi/7.3.1/../../../../arm-none-eabi/lib/thumb/v7e-m/fpv4-sp/hard/libc_nano.a(lib_a-memmove.o)
                0x0000000008008afa                memmove
 .text._realloc_r
                0x0000000008008b2c       0x4c /usr/local/gcc-arm-none-eabi-7-2018-q2-update/bin/../lib/gcc/arm-none-eabi/7.3.1/../../../../arm-none-eabi/lib/thumb/v7e-m/fpv4-sp/hard/libc_nano.a(lib_a-nano-reallocr.o)
                0x0000000008008b2c                _realloc_r
 .text._malloc_usable_size_r
                0x0000000008008b78       0x10 /usr/local/gcc-arm-none-eabi-7-2018-q2-update/bin/../lib/gcc/arm-none-eabi/7.3.1/../../../../arm-none-eabi/lib/thumb/v7e-m/fpv4-sp/hard/libc_nano.a(lib_a-nano-msizer.o)
                0x0000000008008b78                _malloc_usable_size_r
 .text.cos      0x0000000008008b88       0xc0 /usr/local/gcc-arm-none-eabi-7-2018-q2-update/bin/../lib/gcc/arm-none-eabi/7.3.1/../../../../arm-none-eabi/lib/thumb/v7e-m/fpv4-sp/hard/libm.a(lib_a-s_cos.o)
                0x0000000008008b88                cos
 .text.sin      0x0000000008008c48       0xc0 /usr/local/gcc-arm-none-eabi-7-2018-q2-update/bin/../lib/gcc/arm-none-eabi/7.3.1/../../../../arm-none-eabi/lib/thumb/v7e-m/fpv4-sp/hard/libm.a(lib_a-s_sin.o)
                0x0000000008008c48                sin
 .text.pow      0x0000000008008d08      0x338 /usr/local/gcc-arm-none-eabi-7-2018-q2-update/bin/../lib/gcc/arm-none-eabi/7.3.1/../../../../arm-none-eabi/lib/thumb/v7e-m/fpv4-sp/hard/libm.a(lib_a-w_pow.o)
                0x0000000008008d08                pow
 .text.__ieee754_pow
                0x0000000008009040      0xab8 /usr/local/gcc-arm-none-eabi-7-2018-q2-update/bin/../lib/gcc/arm-none-eabi/7.3.1/../../../../arm-none-eabi/lib/thumb/v7e-m/fpv4-sp/hard/libm.a(lib_a-e_pow.o)
                0x0000000008009040                __ieee754_pow
 .text.__ieee754_rem_pio2
                0x0000000008009af8      0x454 /usr/local/gcc-arm-none-eabi-7-2018-q2-update/bin/../lib/gcc/arm-none-eabi/7.3.1/../../../../arm-none-eabi/lib/thumb/v7e-m/fpv4-sp/hard/libm.a(lib_a-e_rem_pio2.o)
                0x0000000008009af8                __ieee754_rem_pio2
 .text.__ieee754_sqrt
                0x0000000008009f4c      0x194 /usr/local/gcc-arm-none-eabi-7-2018-q2-update/bin/../lib/gcc/arm-none-eabi/7.3.1/../../../../arm-none-eabi/lib/thumb/v7e-m/fpv4-sp/hard/libm.a(lib_a-e_sqrt.o)
                0x0000000008009f4c                __ieee754_sqrt
 .text.__kernel_cos
                0x000000000800a0e0      0x284 /usr/local/gcc-arm-none-eabi-7-2018-q2-update/bin/../lib/gcc/arm-none-eabi/7.3.1/../../../../arm-none-eabi/lib/thumb/v7e-m/fpv4-sp/hard/libm.a(lib_a-k_cos.o)
                0x000000000800a0e0                __kernel_cos
 *fill*         0x000000000800a364        0x4 
 .text.__kernel_rem_pio2
                0x000000000800a368      0x818 /usr/local/gcc-arm-none-eabi-7-2018-q2-update/bin/../lib/gcc/arm-none-eabi/7.3.1/../../../../arm-none-eabi/lib/thumb/v7e-m/fpv4-sp/hard/libm.a(lib_a-k_rem_pio2.o)
                0x000000000800a368                __kernel_rem_pio2
 .text.__kernel_sin
                0x000000000800ab80      0x194 /usr/local/gcc-arm-none-eabi-7-2018-q2-update/bin/../lib/gcc/arm-none-eabi/7.3.1/../../../../arm-none-eabi/lib/thumb/v7e-m/fpv4-sp/hard/libm.a(lib_a-k_sin.o)
                0x000000000800ab80                __kernel_sin
 .text.fabs     0x000000000800ad14       0x14 /usr/local/gcc-arm-none-eabi-7-2018-q2-update/bin/../lib/gcc/arm-none-eabi/7.3.1/../../../../arm-none-eabi/lib/thumb/v7e-m/fpv4-sp/hard/libm.a(lib_a-s_fabs.o)
                0x000000000800ad14                fabs
 .text.finite   0x000000000800ad28       0x10 /usr/local/gcc-arm-none-eabi-7-2018-q2-update/bin/../lib/gcc/arm-none-eabi/7.3.1/../../../../arm-none-eabi/lib/thumb/v7e-m/fpv4-sp/hard/libm.a(lib_a-s_finite.o)
                0x000000000800ad28                finite
 .text.floor    0x000000000800ad38      0x110 /usr/local/gcc-arm-none-eabi-7-2018-q2-update/bin/../lib/gcc/arm-none-eabi/7.3.1/../../../../arm-none-eabi/lib/thumb/v7e-m/fpv4-sp/hard/libm.a(lib_a-s_floor.o)
                0x000000000800ad38                floor
 .text.matherr  0x000000000800ae48        0x4 /usr/local/gcc-arm-none-eabi-7-2018-q2-update/bin/../lib/gcc/arm-none-eabi/7.3.1/../../../../arm-none-eabi/lib/thumb/v7e-m/fpv4-sp/hard/libm.a(lib_a-s_matherr.o)
                0x000000000800ae48                matherr
 *fill*         0x000000000800ae4c        0x4 
 .text.nan      0x000000000800ae50       0x10 /usr/local/gcc-arm-none-eabi-7-2018-q2-update/bin/../lib/gcc/arm-none-eabi/7.3.1/../../../../arm-none-eabi/lib/thumb/v7e-m/fpv4-sp/hard/libm.a(lib_a-s_nan.o)
                0x000000000800ae50                nan
 .text.rint     0x000000000800ae60      0x110 /usr/local/gcc-arm-none-eabi-7-2018-q2-update/bin/../lib/gcc/arm-none-eabi/7.3.1/../../../../arm-none-eabi/lib/thumb/v7e-m/fpv4-sp/hard/libm.a(lib_a-s_rint.o)
                0x000000000800ae60                rint
 .text.scalbn   0x000000000800af70      0x114 /usr/local/gcc-arm-none-eabi-7-2018-q2-update/bin/../lib/gcc/arm-none-eabi/7.3.1/../../../../arm-none-eabi/lib/thumb/v7e-m/fpv4-sp/hard/libm.a(lib_a-s_scalbn.o)
                0x000000000800af70                scalbn
 .text.copysign
                0x000000000800b084       0x1c /usr/local/gcc-arm-none-eabi-7-2018-q2-update/bin/../lib/gcc/arm-none-eabi/7.3.1/../../../../arm-none-eabi/lib/thumb/v7e-m/fpv4-sp/hard/libm.a(lib_a-s_copysign.o)
                0x000000000800b084                copysign
 .text._sbrk    0x000000000800b0a0       0x1c /usr/local/gcc-arm-none-eabi-7-2018-q2-update/bin/../lib/gcc/arm-none-eabi/7.3.1/../../../../arm-none-eabi/lib/thumb/v7e-m/fpv4-sp/hard/libnosys.a(sbrk.o)
                0x000000000800b0a0                _sbrk
 .text.__errno  0x000000000800b0bc        0xc /usr/local/gcc-arm-none-eabi-7-2018-q2-update/bin/../lib/gcc/arm-none-eabi/7.3.1/../../../../arm-none-eabi/lib/thumb/v7e-m/fpv4-sp/hard/libc_nano.a(lib_a-errno.o)
                0x000000000800b0bc                __errno
 *(.glue_7)
 .glue_7        0x000000000800b0c8        0x0 linker stubs
 *(.glue_7t)
 .glue_7t       0x000000000800b0c8        0x0 linker stubs
 *(.eh_frame)
 .eh_frame      0x000000000800b0c8        0x0 /usr/local/gcc-arm-none-eabi-7-2018-q2-update/bin/../lib/gcc/arm-none-eabi/7.3.1/thumb/v7e-m/fpv4-sp/hard/crtbegin.o
 *(.init)
 .init          0x000000000800b0c8        0x4 /usr/local/gcc-arm-none-eabi-7-2018-q2-update/bin/../lib/gcc/arm-none-eabi/7.3.1/thumb/v7e-m/fpv4-sp/hard/crti.o
                0x000000000800b0c8                _init
 .init          0x000000000800b0cc        0x8 /usr/local/gcc-arm-none-eabi-7-2018-q2-update/bin/../lib/gcc/arm-none-eabi/7.3.1/thumb/v7e-m/fpv4-sp/hard/crtn.o
 *(.fini)
 .fini          0x000000000800b0d4        0x4 /usr/local/gcc-arm-none-eabi-7-2018-q2-update/bin/../lib/gcc/arm-none-eabi/7.3.1/thumb/v7e-m/fpv4-sp/hard/crti.o
                0x000000000800b0d4                _fini
 .fini          0x000000000800b0d8        0x8 /usr/local/gcc-arm-none-eabi-7-2018-q2-update/bin/../lib/gcc/arm-none-eabi/7.3.1/thumb/v7e-m/fpv4-sp/hard/crtn.o
                0x000000000800b0e0                . = ALIGN (0x4)
                0x000000000800b0e0                _etext = .

.vfp11_veneer   0x000000000800b0e0        0x0
 .vfp11_veneer  0x000000000800b0e0        0x0 linker stubs

.v4_bx          0x000000000800b0e0        0x0
 .v4_bx         0x000000000800b0e0        0x0 linker stubs

.iplt           0x000000000800b0e0        0x0
 .iplt          0x000000000800b0e0        0x0 /usr/local/gcc-arm-none-eabi-7-2018-q2-update/bin/../lib/gcc/arm-none-eabi/7.3.1/thumb/v7e-m/fpv4-sp/hard/crtbegin.o

.rodata         0x000000000800b0e0     0x24a8
                0x000000000800b0e0                . = ALIGN (0x4)
 *(.rodata)
 *(.rodata*)
 .rodata.draw_Value.str1.4
                0x000000000800b0e0        0xa build/draw_Value.o
 .rodata.draw_Wave_axis.str1.4
                0x000000000800b0ea        0xa build/draw_Wave.o
                                          0x1 (size before relaxing)
 *fill*         0x000000000800b0ea        0x2 
 .rodata.u8g2_font_4x6_tf
                0x000000000800b0ec      0x5c1 build/u8g2_fonts.o
                0x000000000800b0ec                u8g2_font_4x6_tf
 *fill*         0x000000000800b6ad        0x3 
 .rodata.u8g2_font_5x7_tf
                0x000000000800b6b0      0x689 build/u8g2_fonts.o
                0x000000000800b6b0                u8g2_font_5x7_tf
 *fill*         0x000000000800bd39        0x3 
 .rodata.u8g2_font_5x8_tf
                0x000000000800bd3c      0x6f6 build/u8g2_fonts.o
                0x000000000800bd3c                u8g2_font_5x8_tf
 *fill*         0x000000000800c432        0x2 
 .rodata.u8g2_font_7x14B_tf
                0x000000000800c434      0x911 build/u8g2_fonts.o
                0x000000000800c434                u8g2_font_7x14B_tf
 *fill*         0x000000000800cd45        0x3 
 .rodata.u8g2_font_micro_tr
                0x000000000800cd48      0x2c5 build/u8g2_fonts.o
                0x000000000800cd48                u8g2_font_micro_tr
 *fill*         0x000000000800d00d        0x3 
 .rodata.u8g2_cb_r0
                0x000000000800d010        0x8 build/u8g2_setup.o
                0x000000000800d010                u8g2_cb_r0
 .rodata.u8x8_d_ssd1309_128x64_flip0_seq
                0x000000000800d018        0x7 build/u8x8_d_ssd1309.o
 *fill*         0x000000000800d01f        0x1 
 .rodata.u8x8_d_ssd1309_128x64_flip1_seq
                0x000000000800d020        0x7 build/u8x8_d_ssd1309.o
 *fill*         0x000000000800d027        0x1 
 .rodata.u8x8_d_ssd1309_128x64_noname_init_seq
                0x000000000800d028       0x29 build/u8x8_d_ssd1309.o
 *fill*         0x000000000800d051        0x3 
 .rodata.u8x8_d_ssd1309_powersave0_seq
                0x000000000800d054        0x5 build/u8x8_d_ssd1309.o
 *fill*         0x000000000800d059        0x3 
 .rodata.u8x8_d_ssd1309_powersave1_seq
                0x000000000800d05c        0x5 build/u8x8_d_ssd1309.o
 *fill*         0x000000000800d061        0x3 
 .rodata.u8x8_ssd1309_128x64_noname2_display_info
                0x000000000800d064       0x18 build/u8x8_d_ssd1309.o
 .rodata.draw_MeasLabels.str1.4
                0x000000000800d07c        0x9 build/main.o
 *fill*         0x000000000800d085        0x3 
 .rodata.idct_name
                0x000000000800d088        0xa build/main.o
                0x000000000800d088                idct_name
 *fill*         0x000000000800d092        0x2 
 .rodata.idct_status
                0x000000000800d094        0x2 build/main.o
                0x000000000800d094                idct_status
 *fill*         0x000000000800d096        0x2 
 .rodata.logo_bits
                0x000000000800d098      0x120 build/main.o
                0x000000000800d098                logo_bits
 .rodata.main.str1.4
                0x000000000800d1b8       0xaa build/main.o
                                         0xb2 (size before relaxing)
 *fill*         0x000000000800d262        0x2 
 .rodata.meas_digit
                0x000000000800d264        0x6 build/main.o
                0x000000000800d264                meas_digit
 *fill*         0x000000000800d26a        0x2 
 .rodata.meas_frac
                0x000000000800d26c        0x6 build/main.o
                0x000000000800d26c                meas_frac
 *fill*         0x000000000800d272        0x2 
 .rodata.meas_name
                0x000000000800d274       0x2a build/main.o
                0x000000000800d274                meas_name
 *fill*         0x000000000800d29e        0x2 
 .rodata.meas_sign
                0x000000000800d2a0        0x6 build/main.o
                0x000000000800d2a0                meas_sign
 *fill*         0x000000000800d2a6        0x2 
 .rodata.meas_unit
                0x000000000800d2a8       0x1e build/main.o
                0x000000000800d2a8                meas_unit
 *fill*         0x000000000800d2c6        0x2 
 .rodata.AHBPrescTable
                0x000000000800d2c8       0x10 build/system_stm32f3xx.o
                0x000000000800d2c8                AHBPrescTable
 .rodata.APBPrescTable
                0x000000000800d2d8        0x8 build/system_stm32f3xx.o
                0x000000000800d2d8                APBPrescTable
 .rodata.aPLLMULFactorTable
                0x000000000800d2e0       0x10 build/stm32f3xx_hal_rcc.o
                0x000000000800d2e0                aPLLMULFactorTable
 .rodata.aPredivFactorTable
                0x000000000800d2f0       0x10 build/stm32f3xx_hal_rcc.o
                0x000000000800d2f0                aPredivFactorTable
 .rodata.CSWTCH.52
                0x000000000800d300        0x4 build/stm32f3xx_hal_uart.o
 .rodata.__sf_fake_stderr
                0x000000000800d304       0x20 /usr/local/gcc-arm-none-eabi-7-2018-q2-update/bin/../lib/gcc/arm-none-eabi/7.3.1/../../../../arm-none-eabi/lib/thumb/v7e-m/fpv4-sp/hard/libc_nano.a(lib_a-findfp.o)
                0x000000000800d304                __sf_fake_stderr
 .rodata.__sf_fake_stdin
                0x000000000800d324       0x20 /usr/local/gcc-arm-none-eabi-7-2018-q2-update/bin/../lib/gcc/arm-none-eabi/7.3.1/../../../../arm-none-eabi/lib/thumb/v7e-m/fpv4-sp/hard/libc_nano.a(lib_a-findfp.o)
                0x000000000800d324                __sf_fake_stdin
 .rodata.__sf_fake_stdout
                0x000000000800d344       0x20 /usr/local/gcc-arm-none-eabi-7-2018-q2-update/bin/../lib/gcc/arm-none-eabi/7.3.1/../../../../arm-none-eabi/lib/thumb/v7e-m/fpv4-sp/hard/libc_nano.a(lib_a-findfp.o)
                0x000000000800d344                __sf_fake_stdout
 .rodata._svfprintf_r.str1.1
                0x000000000800d364       0x11 /usr/local/gcc-arm-none-eabi-7-2018-q2-update/bin/../lib/gcc/arm-none-eabi/7.3.1/../../../../arm-none-eabi/lib/thumb/v7e-m/fpv4-sp/hard/libc_nano.a(lib_a-nano-svfprintf.o)
 .rodata._printf_i.str1.1
                0x000000000800d375       0x22 /usr/local/gcc-arm-none-eabi-7-2018-q2-update/bin/../lib/gcc/arm-none-eabi/7.3.1/../../../../arm-none-eabi/lib/thumb/v7e-m/fpv4-sp/hard/libc_nano.a(lib_a-nano-vfprintf_i.o)
 *fill*         0x000000000800d397        0x1 
 .rodata.pow.str1.4
                0x000000000800d398        0x4 /usr/local/gcc-arm-none-eabi-7-2018-q2-update/bin/../lib/gcc/arm-none-eabi/7.3.1/../../../../arm-none-eabi/lib/thumb/v7e-m/fpv4-sp/hard/libm.a(lib_a-w_pow.o)
 .rodata.__ieee754_pow.str1.4
                0x000000000800d39c        0x1 /usr/local/gcc-arm-none-eabi-7-2018-q2-update/bin/../lib/gcc/arm-none-eabi/7.3.1/../../../../arm-none-eabi/lib/thumb/v7e-m/fpv4-sp/hard/libm.a(lib_a-e_pow.o)
 .rodata.npio2_hw
                0x000000000800d39c       0x80 /usr/local/gcc-arm-none-eabi-7-2018-q2-update/bin/../lib/gcc/arm-none-eabi/7.3.1/../../../../arm-none-eabi/lib/thumb/v7e-m/fpv4-sp/hard/libm.a(lib_a-e_rem_pio2.o)
 .rodata.two_over_pi
                0x000000000800d41c      0x108 /usr/local/gcc-arm-none-eabi-7-2018-q2-update/bin/../lib/gcc/arm-none-eabi/7.3.1/../../../../arm-none-eabi/lib/thumb/v7e-m/fpv4-sp/hard/libm.a(lib_a-e_rem_pio2.o)
 *fill*         0x000000000800d524        0x4 
 .rodata.PIo2   0x000000000800d528       0x40 /usr/local/gcc-arm-none-eabi-7-2018-q2-update/bin/../lib/gcc/arm-none-eabi/7.3.1/../../../../arm-none-eabi/lib/thumb/v7e-m/fpv4-sp/hard/libm.a(lib_a-k_rem_pio2.o)
 .rodata.init_jk
                0x000000000800d568       0x10 /usr/local/gcc-arm-none-eabi-7-2018-q2-update/bin/../lib/gcc/arm-none-eabi/7.3.1/../../../../arm-none-eabi/lib/thumb/v7e-m/fpv4-sp/hard/libm.a(lib_a-k_rem_pio2.o)
 .rodata.TWO52  0x000000000800d578       0x10 /usr/local/gcc-arm-none-eabi-7-2018-q2-update/bin/../lib/gcc/arm-none-eabi/7.3.1/../../../../arm-none-eabi/lib/thumb/v7e-m/fpv4-sp/hard/libm.a(lib_a-s_rint.o)
                0x000000000800d588                . = ALIGN (0x4)

.rel.dyn        0x000000000800d588        0x0
 .rel.iplt      0x000000000800d588        0x0 /usr/local/gcc-arm-none-eabi-7-2018-q2-update/bin/../lib/gcc/arm-none-eabi/7.3.1/thumb/v7e-m/fpv4-sp/hard/crtbegin.o

.ARM.extab
 *(.ARM.extab* .gnu.linkonce.armextab.*)

.ARM            0x000000000800d588        0x0
                0x000000000800d588                __exidx_start = .
 *(.ARM.exidx*)
                0x000000000800d588                __exidx_end = .

.preinit_array  0x000000000800d588        0x0
                0x000000000800d588                PROVIDE (__preinit_array_start = .)
 *(.preinit_array*)
                0x000000000800d588                PROVIDE (__preinit_array_end = .)

.init_array     0x000000000800d588        0x4
                0x000000000800d588                PROVIDE (__init_array_start = .)
 *(SORT_BY_NAME(.init_array.*))
 *(.init_array*)
 .init_array    0x000000000800d588        0x4 /usr/local/gcc-arm-none-eabi-7-2018-q2-update/bin/../lib/gcc/arm-none-eabi/7.3.1/thumb/v7e-m/fpv4-sp/hard/crtbegin.o
                0x000000000800d58c                PROVIDE (__init_array_end = .)

.fini_array     0x000000000800d58c        0x4
                [!provide]                        PROVIDE (__fini_array_start = .)
 *(SORT_BY_NAME(.fini_array.*))
 *(.fini_array*)
 .fini_array    0x000000000800d58c        0x4 /usr/local/gcc-arm-none-eabi-7-2018-q2-update/bin/../lib/gcc/arm-none-eabi/7.3.1/thumb/v7e-m/fpv4-sp/hard/crtbegin.o
                [!provide]                        PROVIDE (__fini_array_end = .)
                0x000000000800d590                _sidata = LOADADDR (.data)

.data           0x0000000020000000       0xc8 load address 0x000000000800d590
                0x0000000020000000                . = ALIGN (0x4)
                0x0000000020000000                _sdata = .
 *(.data)
 *(.data*)
 .data.DEFI_ID  0x0000000020000000        0x7 build/defi_decoder.o
                0x0000000020000000                DEFI_ID
 *fill*         0x0000000020000007        0x1 
 .data.DEFI_eq_grad
                0x0000000020000008       0x1c build/defi_decoder.o
                0x0000000020000008                DEFI_eq_grad
 .data.DEFI_eq_intercept
                0x0000000020000024       0x1c build/defi_decoder.o
                0x0000000020000024                DEFI_eq_intercept
 .data.FP_duty  0x0000000020000040        0x2 build/main.o
                0x0000000020000040                FP_duty
 .data.FP_volt  0x0000000020000042        0x2 build/main.o
                0x0000000020000042                FP_volt
 .data.O2_volt  0x0000000020000044        0x2 build/main.o
                0x0000000020000044                O2_volt
 *fill*         0x0000000020000046        0x2 
 .data.meas_value
                0x0000000020000048        0xc build/main.o
                0x0000000020000048                meas_value
 .data.SystemCoreClock
                0x0000000020000054        0x4 build/system_stm32f3xx.o
                0x0000000020000054                SystemCoreClock
 .data.uwTickFreq
                0x0000000020000058        0x1 build/stm32f3xx_hal.o
                0x0000000020000058                uwTickFreq
 *fill*         0x0000000020000059        0x3 
 .data.uwTickPrio
                0x000000002000005c        0x4 build/stm32f3xx_hal.o
                0x000000002000005c                uwTickPrio
 .data._impure_ptr
                0x0000000020000060        0x4 /usr/local/gcc-arm-none-eabi-7-2018-q2-update/bin/../lib/gcc/arm-none-eabi/7.3.1/../../../../arm-none-eabi/lib/thumb/v7e-m/fpv4-sp/hard/libc_nano.a(lib_a-impure.o)
                0x0000000020000060                _impure_ptr
 .data.impure_data
                0x0000000020000064       0x60 /usr/local/gcc-arm-none-eabi-7-2018-q2-update/bin/../lib/gcc/arm-none-eabi/7.3.1/../../../../arm-none-eabi/lib/thumb/v7e-m/fpv4-sp/hard/libc_nano.a(lib_a-impure.o)
 .data.__fdlib_version
                0x00000000200000c4        0x1 /usr/local/gcc-arm-none-eabi-7-2018-q2-update/bin/../lib/gcc/arm-none-eabi/7.3.1/../../../../arm-none-eabi/lib/thumb/v7e-m/fpv4-sp/hard/libm.a(lib_a-s_lib_ver.o)
                0x00000000200000c4                __fdlib_version
                0x00000000200000c8                . = ALIGN (0x4)
 *fill*         0x00000000200000c5        0x3 
                0x00000000200000c8                _edata = .
                0x000000000800d658                _siccmram = LOADADDR (.ccmram)

.igot.plt       0x00000000200000c8        0x0 load address 0x000000000800d658
 .igot.plt      0x00000000200000c8        0x0 /usr/local/gcc-arm-none-eabi-7-2018-q2-update/bin/../lib/gcc/arm-none-eabi/7.3.1/thumb/v7e-m/fpv4-sp/hard/crtbegin.o

.ccmram         0x0000000010000000        0x0 load address 0x000000000800d658
                0x0000000010000000                . = ALIGN (0x4)
                0x0000000010000000                _sccmram = .
 *(.ccmram)
 *(.ccmram*)
                0x0000000010000000                . = ALIGN (0x4)
                0x0000000010000000                _eccmram = .
                0x0000000010000000                . = ALIGN (0x4)

.bss            0x00000000200000c8      0x8ec
                0x00000000200000c8                _sbss = .
                0x00000000200000c8                __bss_start__ = _sbss
 *(.bss)
 .bss           0x00000000200000c8       0x1c /usr/local/gcc-arm-none-eabi-7-2018-q2-update/bin/../lib/gcc/arm-none-eabi/7.3.1/thumb/v7e-m/fpv4-sp/hard/crtbegin.o
 *(.bss*)
 .bss.buf.9689  0x00000000200000e4      0x400 build/u8g2_d_memory.o
 .bss.buf.6270  0x00000000200004e4        0x6 build/u8x8_u16toa.o
 *fill*         0x00000000200004ea        0x2 
 .bss.DEFI_value
                0x00000000200004ec        0xe build/defi_decoder.o
                0x00000000200004ec                DEFI_value
 *fill*         0x00000000200004fa        0x2 
 .bss.flag_disp
                0x00000000200004fc        0x4 build/flag.o
                0x00000000200004fc                flag_disp
 .bss.flag_meas
                0x0000000020000500        0x4 build/flag.o
                0x0000000020000500                flag_meas
 .bss.flag_sw   0x0000000020000504        0x4 build/flag.o
                0x0000000020000504                flag_sw
 .bss.cursor    0x0000000020000508        0x1 build/main.o
                0x0000000020000508                cursor
 *fill*         0x0000000020000509        0x3 
 .bss.CNT1.8475
                0x000000002000050c        0x4 build/pulse_counter.o
 .bss.pulse_ovfl
                0x0000000020000510        0x1 build/pulse_counter.o
                0x0000000020000510                pulse_ovfl
 *fill*         0x0000000020000511        0x3 
 .bss.__malloc_free_list
                0x0000000020000514        0x4 /usr/local/gcc-arm-none-eabi-7-2018-q2-update/bin/../lib/gcc/arm-none-eabi/7.3.1/../../../../arm-none-eabi/lib/thumb/v7e-m/fpv4-sp/hard/libc_nano.a(lib_a-nano-mallocr.o)
                0x0000000020000514                __malloc_free_list
 .bss.__malloc_sbrk_start
                0x0000000020000518        0x4 /usr/local/gcc-arm-none-eabi-7-2018-q2-update/bin/../lib/gcc/arm-none-eabi/7.3.1/../../../../arm-none-eabi/lib/thumb/v7e-m/fpv4-sp/hard/libc_nano.a(lib_a-nano-mallocr.o)
                0x0000000020000518                __malloc_sbrk_start
 .bss.heap_end.5377
                0x000000002000051c        0x4 /usr/local/gcc-arm-none-eabi-7-2018-q2-update/bin/../lib/gcc/arm-none-eabi/7.3.1/../../../../arm-none-eabi/lib/thumb/v7e-m/fpv4-sp/hard/libnosys.a(sbrk.o)
 *(COMMON)
 COMMON         0x0000000020000520       0x10 build/basic.o
                0x0000000020000520                Cnt_ms
                0x0000000020000524                Cnt_us
                0x0000000020000528                DelayCnt
                0x000000002000052c                Cnt_100ns
 COMMON         0x0000000020000530       0x17 build/drawCircularMeter.o
                0x0000000020000530                circle_offset_x
                0x0000000020000531                circle_r
                0x0000000020000532                circle_tick_length
                0x0000000020000534                circle_value_max
                0x0000000020000536                circle_rad_offset
                0x0000000020000538                circle_value_min
                0x000000002000053a                circle_rad_dot
                0x000000002000053c                circle_dir
                0x000000002000053e                last_deg
                0x0000000020000540                circle_offset_y
                0x0000000020000541                circle_tick_num
                0x0000000020000542                circle_rad_tick
                0x0000000020000544                circle_rad_max
                0x0000000020000546                circle_dot_num
 *fill*         0x0000000020000547        0x1 
 COMMON         0x0000000020000548        0xf build/draw_Wave.o
                0x0000000020000548                norm_gain
                0x000000002000054c                box_y
                0x0000000020000550                norm_offset
                0x0000000020000554                box_height
                0x0000000020000555                box_width
                0x0000000020000556                box_x
 *fill*         0x0000000020000557        0x1 
 COMMON         0x0000000020000558       0x94 build/adc.o
                0x0000000020000558                hadc1
                0x00000000200005a8                hdma_adc1
 COMMON         0x00000000200005ec       0x28 build/can.o
                0x00000000200005ec                hcan
 COMMON         0x0000000020000614       0x29 build/defi_decoder.o
                0x0000000020000614                UART1_Data
                0x0000000020000618                UART1_RxData
                0x000000002000063b                DEFI_proc_data_index
                0x000000002000063c                UART1_data_index
 *fill*         0x000000002000063d        0x3 
 COMMON         0x0000000020000640       0x4c build/i2c.o
                0x0000000020000640                hi2c1
 COMMON         0x000000002000068c       0xba build/main.o
                0x000000002000068c                Gsens_Z1
                0x000000002000068e                Gsens_Z
                0x0000000020000690                Gsens_Y
                0x0000000020000692                Gsens_X
                0x0000000020000694                Gsens_Z0
                0x0000000020000695                mode
                0x0000000020000696                Gsens_X1
                0x0000000020000698                adc
                0x00000000200006ac                setting
                0x00000000200006ad                Gsens_Y0
                0x00000000200006ae                Gsens_Y1
                0x00000000200006b0                g_ADCBuffer
                0x00000000200006c4                u8g2
                0x0000000020000744                Gsens_X0
                0x0000000020000745                Gsens_EN
 COMMON         0x0000000020000746        0x2 build/pulse_counter.o
                0x0000000020000746                rpm
 COMMON         0x0000000020000748       0x64 build/spi.o
                0x0000000020000748                hspi1
 COMMON         0x00000000200007ac      0x100 build/tim.o
                0x00000000200007ac                htim3
                0x00000000200007ec                htim6
                0x000000002000082c                htim1
                0x000000002000086c                htim2
 COMMON         0x00000000200008ac      0x100 build/usart.o
                0x00000000200008ac                huart1
                0x000000002000092c                huart2
 COMMON         0x00000000200009ac        0x4 build/stm32f3xx_hal.o
                0x00000000200009ac                uwTick
 COMMON         0x00000000200009b0        0x4 /usr/local/gcc-arm-none-eabi-7-2018-q2-update/bin/../lib/gcc/arm-none-eabi/7.3.1/../../../../arm-none-eabi/lib/thumb/v7e-m/fpv4-sp/hard/libc_nano.a(lib_a-reent.o)
                0x00000000200009b0                errno
                0x00000000200009b4                . = ALIGN (0x4)
                0x00000000200009b4                _ebss = .
                0x00000000200009b4                __bss_end__ = _ebss

._user_heap_stack
                0x00000000200009b4      0x604
                0x00000000200009b8                . = ALIGN (0x8)
 *fill*         0x00000000200009b4        0x4 
                0x00000000200009b8                PROVIDE (end = .)
                [!provide]                        PROVIDE (_end = .)
                0x0000000020000bb8                . = (. + _Min_Heap_Size)
 *fill*         0x00000000200009b8      0x200 
                0x0000000020000fb8                . = (. + _Min_Stack_Size)
 *fill*         0x0000000020000bb8      0x400 
                0x0000000020000fb8                . = ALIGN (0x8)

/DISCARD/
 libc.a(*)
 libm.a(*)
 libgcc.a(*)

.ARM.attributes
                0x0000000000000000       0x30
 *(.ARM.attributes)
 .ARM.attributes
                0x0000000000000000       0x22 /usr/local/gcc-arm-none-eabi-7-2018-q2-update/bin/../lib/gcc/arm-none-eabi/7.3.1/thumb/v7e-m/fpv4-sp/hard/crti.o
 .ARM.attributes
                0x0000000000000022       0x34 /usr/local/gcc-arm-none-eabi-7-2018-q2-update/bin/../lib/gcc/arm-none-eabi/7.3.1/thumb/v7e-m/fpv4-sp/hard/crtbegin.o
 .ARM.attributes
                0x0000000000000056       0x39 build/basic.o
 .ARM.attributes
                0x000000000000008f       0x39 build/drawCircularMeter.o
 .ARM.attributes
                0x00000000000000c8       0x39 build/draw_BarGraph.o
 .ARM.attributes
                0x0000000000000101       0x39 build/draw_IndicatorBox.o
 .ARM.attributes
                0x000000000000013a       0x39 build/draw_Value.o
 .ARM.attributes
                0x0000000000000173       0x39 build/draw_Wave.o
 .ARM.attributes
                0x00000000000001ac       0x39 build/u8g2_bitmap.o
 .ARM.attributes
                0x00000000000001e5       0x39 build/u8g2_box.o
 .ARM.attributes
                0x000000000000021e       0x39 build/u8g2_buffer.o
 .ARM.attributes
                0x0000000000000257       0x39 build/u8g2_circle.o
 .ARM.attributes
                0x0000000000000290       0x39 build/u8g2_cleardisplay.o
 .ARM.attributes
                0x00000000000002c9       0x39 build/u8g2_d_memory.o
 .ARM.attributes
                0x0000000000000302       0x39 build/u8g2_d_setup.o
 .ARM.attributes
                0x000000000000033b       0x39 build/u8g2_font.o
 .ARM.attributes
                0x0000000000000374       0x39 build/u8g2_fonts.o
 .ARM.attributes
                0x00000000000003ad       0x39 build/u8g2_hvline.o
 .ARM.attributes
                0x00000000000003e6       0x39 build/u8g2_intersection.o
 .ARM.attributes
                0x000000000000041f       0x39 build/u8g2_line.o
 .ARM.attributes
                0x0000000000000458       0x39 build/u8g2_ll_hvline.o
 .ARM.attributes
                0x0000000000000491       0x39 build/u8g2_setup.o
 .ARM.attributes
                0x00000000000004ca       0x39 build/u8x8_8x8.o
 .ARM.attributes
                0x0000000000000503       0x39 build/u8x8_byte.o
 .ARM.attributes
                0x000000000000053c       0x39 build/u8x8_byte_4wire_hw_spi.o
 .ARM.attributes
                0x0000000000000575       0x39 build/u8x8_cad.o
 .ARM.attributes
                0x00000000000005ae       0x39 build/u8x8_d_ssd1309.o
 .ARM.attributes
                0x00000000000005e7       0x39 build/u8x8_display.o
 .ARM.attributes
                0x0000000000000620       0x39 build/u8x8_gpio.o
 .ARM.attributes
                0x0000000000000659       0x39 build/u8x8_gpio_STM32F303.o
 .ARM.attributes
                0x0000000000000692       0x39 build/u8x8_setup.o
 .ARM.attributes
                0x00000000000006cb       0x39 build/u8x8_u16toa.o
 .ARM.attributes
                0x0000000000000704       0x39 build/usart_transmit_printf.o
 .ARM.attributes
                0x000000000000073d       0x39 build/adc.o
 .ARM.attributes
                0x0000000000000776       0x39 build/can.o
 .ARM.attributes
                0x00000000000007af       0x39 build/defi_decoder.o
 .ARM.attributes
                0x00000000000007e8       0x39 build/dma.o
 .ARM.attributes
                0x0000000000000821       0x39 build/flag.o
 .ARM.attributes
                0x000000000000085a       0x39 build/gpio.o
 .ARM.attributes
                0x0000000000000893       0x39 build/i2c.o
 .ARM.attributes
                0x00000000000008cc       0x39 build/main.o
 .ARM.attributes
                0x0000000000000905       0x39 build/pulse_counter.o
 .ARM.attributes
                0x000000000000093e       0x39 build/spi.o
 .ARM.attributes
                0x0000000000000977       0x39 build/stm32f3xx_hal_msp.o
 .ARM.attributes
                0x00000000000009b0       0x39 build/stm32f3xx_it.o
 .ARM.attributes
                0x00000000000009e9       0x39 build/system_stm32f3xx.o
 .ARM.attributes
                0x0000000000000a22       0x39 build/tim.o
 .ARM.attributes
                0x0000000000000a5b       0x39 build/usart.o
 .ARM.attributes
                0x0000000000000a94       0x39 build/stm32f3xx_hal.o
 .ARM.attributes
                0x0000000000000acd       0x39 build/stm32f3xx_hal_adc.o
 .ARM.attributes
                0x0000000000000b06       0x39 build/stm32f3xx_hal_adc_ex.o
 .ARM.attributes
                0x0000000000000b3f       0x39 build/stm32f3xx_hal_can.o
 .ARM.attributes
                0x0000000000000b78       0x39 build/stm32f3xx_hal_cortex.o
 .ARM.attributes
                0x0000000000000bb1       0x39 build/stm32f3xx_hal_dma.o
 .ARM.attributes
                0x0000000000000bea       0x39 build/stm32f3xx_hal_gpio.o
 .ARM.attributes
                0x0000000000000c23       0x39 build/stm32f3xx_hal_i2c.o
 .ARM.attributes
                0x0000000000000c5c       0x39 build/stm32f3xx_hal_i2c_ex.o
 .ARM.attributes
                0x0000000000000c95       0x39 build/stm32f3xx_hal_rcc.o
 .ARM.attributes
                0x0000000000000cce       0x39 build/stm32f3xx_hal_rcc_ex.o
 .ARM.attributes
                0x0000000000000d07       0x39 build/stm32f3xx_hal_spi.o
 .ARM.attributes
                0x0000000000000d40       0x39 build/stm32f3xx_hal_tim.o
 .ARM.attributes
                0x0000000000000d79       0x39 build/stm32f3xx_hal_tim_ex.o
 .ARM.attributes
                0x0000000000000db2       0x39 build/stm32f3xx_hal_uart.o
 .ARM.attributes
                0x0000000000000deb       0x39 build/stm32f3xx_hal_uart_ex.o
 .ARM.attributes
                0x0000000000000e24       0x21 build/startup_stm32f303x8.o
 .ARM.attributes
                0x0000000000000e45       0x34 /usr/local/gcc-arm-none-eabi-7-2018-q2-update/bin/../lib/gcc/arm-none-eabi/7.3.1/../../../../arm-none-eabi/lib/thumb/v7e-m/fpv4-sp/hard/libc_nano.a(lib_a-impure.o)
 .ARM.attributes
                0x0000000000000e79       0x34 /usr/local/gcc-arm-none-eabi-7-2018-q2-update/bin/../lib/gcc/arm-none-eabi/7.3.1/../../../../arm-none-eabi/lib/thumb/v7e-m/fpv4-sp/hard/libc_nano.a(lib_a-init.o)
 .ARM.attributes
                0x0000000000000ead       0x34 /usr/local/gcc-arm-none-eabi-7-2018-q2-update/bin/../lib/gcc/arm-none-eabi/7.3.1/../../../../arm-none-eabi/lib/thumb/v7e-m/fpv4-sp/hard/libc_nano.a(lib_a-malloc.o)
 .ARM.attributes
                0x0000000000000ee1       0x34 /usr/local/gcc-arm-none-eabi-7-2018-q2-update/bin/../lib/gcc/arm-none-eabi/7.3.1/../../../../arm-none-eabi/lib/thumb/v7e-m/fpv4-sp/hard/libc_nano.a(lib_a-memset.o)
 .ARM.attributes
                0x0000000000000f15       0x34 /usr/local/gcc-arm-none-eabi-7-2018-q2-update/bin/../lib/gcc/arm-none-eabi/7.3.1/../../../../arm-none-eabi/lib/thumb/v7e-m/fpv4-sp/hard/libc_nano.a(lib_a-nano-freer.o)
 .ARM.attributes
                0x0000000000000f49       0x34 /usr/local/gcc-arm-none-eabi-7-2018-q2-update/bin/../lib/gcc/arm-none-eabi/7.3.1/../../../../arm-none-eabi/lib/thumb/v7e-m/fpv4-sp/hard/libc_nano.a(lib_a-nano-mallocr.o)
 .ARM.attributes
                0x0000000000000f7d       0x34 /usr/local/gcc-arm-none-eabi-7-2018-q2-update/bin/../lib/gcc/arm-none-eabi/7.3.1/../../../../arm-none-eabi/lib/thumb/v7e-m/fpv4-sp/hard/libc_nano.a(lib_a-sbrkr.o)
 .ARM.attributes
                0x0000000000000fb1       0x1b /usr/local/gcc-arm-none-eabi-7-2018-q2-update/bin/../lib/gcc/arm-none-eabi/7.3.1/../../../../arm-none-eabi/lib/thumb/v7e-m/fpv4-sp/hard/libc_nano.a(lib_a-strlen.o)
 .ARM.attributes
                0x0000000000000fcc       0x34 /usr/local/gcc-arm-none-eabi-7-2018-q2-update/bin/../lib/gcc/arm-none-eabi/7.3.1/../../../../arm-none-eabi/lib/thumb/v7e-m/fpv4-sp/hard/libc_nano.a(lib_a-vsnprintf.o)
 .ARM.attributes
                0x0000000000001000       0x34 /usr/local/gcc-arm-none-eabi-7-2018-q2-update/bin/../lib/gcc/arm-none-eabi/7.3.1/../../../../arm-none-eabi/lib/thumb/v7e-m/fpv4-sp/hard/libc_nano.a(lib_a-vsprintf.o)
 .ARM.attributes
                0x0000000000001034       0x34 /usr/local/gcc-arm-none-eabi-7-2018-q2-update/bin/../lib/gcc/arm-none-eabi/7.3.1/../../../../arm-none-eabi/lib/thumb/v7e-m/fpv4-sp/hard/libc_nano.a(lib_a-findfp.o)
 .ARM.attributes
                0x0000000000001068       0x34 /usr/local/gcc-arm-none-eabi-7-2018-q2-update/bin/../lib/gcc/arm-none-eabi/7.3.1/../../../../arm-none-eabi/lib/thumb/v7e-m/fpv4-sp/hard/libc_nano.a(lib_a-mlock.o)
 .ARM.attributes
                0x000000000000109c       0x34 /usr/local/gcc-arm-none-eabi-7-2018-q2-update/bin/../lib/gcc/arm-none-eabi/7.3.1/../../../../arm-none-eabi/lib/thumb/v7e-m/fpv4-sp/hard/libc_nano.a(lib_a-nano-svfprintf.o)
 .ARM.attributes
                0x00000000000010d0       0x34 /usr/local/gcc-arm-none-eabi-7-2018-q2-update/bin/../lib/gcc/arm-none-eabi/7.3.1/../../../../arm-none-eabi/lib/thumb/v7e-m/fpv4-sp/hard/libc_nano.a(lib_a-nano-vfprintf_i.o)
 .ARM.attributes
                0x0000000000001104       0x34 /usr/local/gcc-arm-none-eabi-7-2018-q2-update/bin/../lib/gcc/arm-none-eabi/7.3.1/../../../../arm-none-eabi/lib/thumb/v7e-m/fpv4-sp/hard/libc_nano.a(lib_a-reent.o)
 .ARM.attributes
                0x0000000000001138       0x20 /usr/local/gcc-arm-none-eabi-7-2018-q2-update/bin/../lib/gcc/arm-none-eabi/7.3.1/../../../../arm-none-eabi/lib/thumb/v7e-m/fpv4-sp/hard/libc_nano.a(lib_a-memchr.o)
 .ARM.attributes
                0x0000000000001158       0x34 /usr/local/gcc-arm-none-eabi-7-2018-q2-update/bin/../lib/gcc/arm-none-eabi/7.3.1/../../../../arm-none-eabi/lib/thumb/v7e-m/fpv4-sp/hard/libc_nano.a(lib_a-memcpy-stub.o)
 .ARM.attributes
                0x000000000000118c       0x34 /usr/local/gcc-arm-none-eabi-7-2018-q2-update/bin/../lib/gcc/arm-none-eabi/7.3.1/../../../../arm-none-eabi/lib/thumb/v7e-m/fpv4-sp/hard/libc_nano.a(lib_a-memmove.o)
 .ARM.attributes
                0x00000000000011c0       0x34 /usr/local/gcc-arm-none-eabi-7-2018-q2-update/bin/../lib/gcc/arm-none-eabi/7.3.1/../../../../arm-none-eabi/lib/thumb/v7e-m/fpv4-sp/hard/libc_nano.a(lib_a-nano-reallocr.o)
 .ARM.attributes
                0x00000000000011f4       0x34 /usr/local/gcc-arm-none-eabi-7-2018-q2-update/bin/../lib/gcc/arm-none-eabi/7.3.1/../../../../arm-none-eabi/lib/thumb/v7e-m/fpv4-sp/hard/libc_nano.a(lib_a-nano-msizer.o)
 .ARM.attributes
                0x0000000000001228       0x34 /usr/local/gcc-arm-none-eabi-7-2018-q2-update/bin/../lib/gcc/arm-none-eabi/7.3.1/../../../../arm-none-eabi/lib/thumb/v7e-m/fpv4-sp/hard/libm.a(lib_a-s_cos.o)
 .ARM.attributes
                0x000000000000125c       0x34 /usr/local/gcc-arm-none-eabi-7-2018-q2-update/bin/../lib/gcc/arm-none-eabi/7.3.1/../../../../arm-none-eabi/lib/thumb/v7e-m/fpv4-sp/hard/libm.a(lib_a-s_sin.o)
 .ARM.attributes
                0x0000000000001290       0x34 /usr/local/gcc-arm-none-eabi-7-2018-q2-update/bin/../lib/gcc/arm-none-eabi/7.3.1/../../../../arm-none-eabi/lib/thumb/v7e-m/fpv4-sp/hard/libm.a(lib_a-w_pow.o)
 .ARM.attributes
                0x00000000000012c4       0x34 /usr/local/gcc-arm-none-eabi-7-2018-q2-update/bin/../lib/gcc/arm-none-eabi/7.3.1/../../../../arm-none-eabi/lib/thumb/v7e-m/fpv4-sp/hard/libm.a(lib_a-e_pow.o)
 .ARM.attributes
                0x00000000000012f8       0x34 /usr/local/gcc-arm-none-eabi-7-2018-q2-update/bin/../lib/gcc/arm-none-eabi/7.3.1/../../../../arm-none-eabi/lib/thumb/v7e-m/fpv4-sp/hard/libm.a(lib_a-e_rem_pio2.o)
 .ARM.attributes